Archive member included to satisfy reference by file (symbol)

/home/Hanz/Ac6/SystemWorkbench/plugins/fr.ac6.mcu.externaltools.arm-none.linux64_1.15.0.201708311556/tools/compiler/bin/../lib/gcc/arm-none-eabi/6.3.1/../../../../arm-none-eabi/lib/thumb/v7-m/libm.a(lib_a-s_sin.o)
                              Src/ECUF_main.o (sin)
/home/Hanz/Ac6/SystemWorkbench/plugins/fr.ac6.mcu.externaltools.arm-none.linux64_1.15.0.201708311556/tools/compiler/bin/../lib/gcc/arm-none-eabi/6.3.1/../../../../arm-none-eabi/lib/thumb/v7-m/libm.a(lib_a-e_rem_pio2.o)
                              /home/Hanz/Ac6/SystemWorkbench/plugins/fr.ac6.mcu.externaltools.arm-none.linux64_1.15.0.201708311556/tools/compiler/bin/../lib/gcc/arm-none-eabi/6.3.1/../../../../arm-none-eabi/lib/thumb/v7-m/libm.a(lib_a-s_sin.o) (__ieee754_rem_pio2)
/home/Hanz/Ac6/SystemWorkbench/plugins/fr.ac6.mcu.externaltools.arm-none.linux64_1.15.0.201708311556/tools/compiler/bin/../lib/gcc/arm-none-eabi/6.3.1/../../../../arm-none-eabi/lib/thumb/v7-m/libm.a(lib_a-k_cos.o)
                              /home/Hanz/Ac6/SystemWorkbench/plugins/fr.ac6.mcu.externaltools.arm-none.linux64_1.15.0.201708311556/tools/compiler/bin/../lib/gcc/arm-none-eabi/6.3.1/../../../../arm-none-eabi/lib/thumb/v7-m/libm.a(lib_a-s_sin.o) (__kernel_cos)
/home/Hanz/Ac6/SystemWorkbench/plugins/fr.ac6.mcu.externaltools.arm-none.linux64_1.15.0.201708311556/tools/compiler/bin/../lib/gcc/arm-none-eabi/6.3.1/../../../../arm-none-eabi/lib/thumb/v7-m/libm.a(lib_a-k_rem_pio2.o)
                              /home/Hanz/Ac6/SystemWorkbench/plugins/fr.ac6.mcu.externaltools.arm-none.linux64_1.15.0.201708311556/tools/compiler/bin/../lib/gcc/arm-none-eabi/6.3.1/../../../../arm-none-eabi/lib/thumb/v7-m/libm.a(lib_a-e_rem_pio2.o) (__kernel_rem_pio2)
/home/Hanz/Ac6/SystemWorkbench/plugins/fr.ac6.mcu.externaltools.arm-none.linux64_1.15.0.201708311556/tools/compiler/bin/../lib/gcc/arm-none-eabi/6.3.1/../../../../arm-none-eabi/lib/thumb/v7-m/libm.a(lib_a-k_sin.o)
                              /home/Hanz/Ac6/SystemWorkbench/plugins/fr.ac6.mcu.externaltools.arm-none.linux64_1.15.0.201708311556/tools/compiler/bin/../lib/gcc/arm-none-eabi/6.3.1/../../../../arm-none-eabi/lib/thumb/v7-m/libm.a(lib_a-s_sin.o) (__kernel_sin)
/home/Hanz/Ac6/SystemWorkbench/plugins/fr.ac6.mcu.externaltools.arm-none.linux64_1.15.0.201708311556/tools/compiler/bin/../lib/gcc/arm-none-eabi/6.3.1/../../../../arm-none-eabi/lib/thumb/v7-m/libm.a(lib_a-s_fabs.o)
                              /home/Hanz/Ac6/SystemWorkbench/plugins/fr.ac6.mcu.externaltools.arm-none.linux64_1.15.0.201708311556/tools/compiler/bin/../lib/gcc/arm-none-eabi/6.3.1/../../../../arm-none-eabi/lib/thumb/v7-m/libm.a(lib_a-e_rem_pio2.o) (fabs)
/home/Hanz/Ac6/SystemWorkbench/plugins/fr.ac6.mcu.externaltools.arm-none.linux64_1.15.0.201708311556/tools/compiler/bin/../lib/gcc/arm-none-eabi/6.3.1/../../../../arm-none-eabi/lib/thumb/v7-m/libm.a(lib_a-s_floor.o)
                              /home/Hanz/Ac6/SystemWorkbench/plugins/fr.ac6.mcu.externaltools.arm-none.linux64_1.15.0.201708311556/tools/compiler/bin/../lib/gcc/arm-none-eabi/6.3.1/../../../../arm-none-eabi/lib/thumb/v7-m/libm.a(lib_a-k_rem_pio2.o) (floor)
/home/Hanz/Ac6/SystemWorkbench/plugins/fr.ac6.mcu.externaltools.arm-none.linux64_1.15.0.201708311556/tools/compiler/bin/../lib/gcc/arm-none-eabi/6.3.1/../../../../arm-none-eabi/lib/thumb/v7-m/libm.a(lib_a-s_scalbn.o)
                              /home/Hanz/Ac6/SystemWorkbench/plugins/fr.ac6.mcu.externaltools.arm-none.linux64_1.15.0.201708311556/tools/compiler/bin/../lib/gcc/arm-none-eabi/6.3.1/../../../../arm-none-eabi/lib/thumb/v7-m/libm.a(lib_a-k_rem_pio2.o) (scalbn)
/home/Hanz/Ac6/SystemWorkbench/plugins/fr.ac6.mcu.externaltools.arm-none.linux64_1.15.0.201708311556/tools/compiler/bin/../lib/gcc/arm-none-eabi/6.3.1/../../../../arm-none-eabi/lib/thumb/v7-m/libm.a(lib_a-s_copysign.o)
                              /home/Hanz/Ac6/SystemWorkbench/plugins/fr.ac6.mcu.externaltools.arm-none.linux64_1.15.0.201708311556/tools/compiler/bin/../lib/gcc/arm-none-eabi/6.3.1/../../../../arm-none-eabi/lib/thumb/v7-m/libm.a(lib_a-s_scalbn.o) (copysign)
/home/Hanz/Ac6/SystemWorkbench/plugins/fr.ac6.mcu.externaltools.arm-none.linux64_1.15.0.201708311556/tools/compiler/bin/../lib/gcc/arm-none-eabi/6.3.1/thumb/v7-m/libgcc.a(_arm_addsubdf3.o)
                              Src/ECUF_functions.o (__aeabi_dsub)
/home/Hanz/Ac6/SystemWorkbench/plugins/fr.ac6.mcu.externaltools.arm-none.linux64_1.15.0.201708311556/tools/compiler/bin/../lib/gcc/arm-none-eabi/6.3.1/thumb/v7-m/libgcc.a(_arm_muldivdf3.o)
                              Src/ECUF_functions.o (__aeabi_dmul)
/home/Hanz/Ac6/SystemWorkbench/plugins/fr.ac6.mcu.externaltools.arm-none.linux64_1.15.0.201708311556/tools/compiler/bin/../lib/gcc/arm-none-eabi/6.3.1/thumb/v7-m/libgcc.a(_arm_cmpdf2.o)
[...]
Memory Configuration

Name             Origin             Length             Attributes
RAM              0x0000000020000000 0x0000000000010000 xrw
FLASH            0x0000000008000000 0x0000000000040000 xr
*default*        0x0000000000000000 0xffffffffffffffff

Linker script and memory map

LOAD /home/Hanz/Ac6/SystemWorkbench/plugins/fr.ac6.mcu.externaltools.arm-none.linux64_1.15.0.201708311556/tools/compiler/bin/../lib/gcc/arm-none-eabi/6.3.1/thumb/v7-m/crti.o
LOAD /home/Hanz/Ac6/SystemWorkbench/plugins/fr.ac6.mcu.externaltools.arm-none.linux64_1.15.0.201708311556/tools/compiler/bin/../lib/gcc/arm-none-eabi/6.3.1/thumb/v7-m/crtbegin.o
LOAD /home/Hanz/Ac6/SystemWorkbench/plugins/fr.ac6.mcu.externaltools.arm-none.linux64_1.15.0.201708311556/tools/compiler/bin/../lib/gcc/arm-none-eabi/6.3.1/../../../../arm-none-eabi/lib/thumb/v7-m/crt0.o
LOAD Drivers/STM32F1xx_HAL_Driver/Src/stm32f1xx_hal.o
LOAD Drivers/STM32F1xx_HAL_Driver/Src/stm32f1xx_hal_adc.o
LOAD Drivers/STM32F1xx_HAL_Driver/Src/stm32f1xx_hal_adc_ex.o
LOAD Drivers/STM32F1xx_HAL_Driver/Src/stm32f1xx_hal_can.o
LOAD Drivers/STM32F1xx_HAL_Driver/Src/stm32f1xx_hal_cortex.o
LOAD Drivers/STM32F1xx_HAL_Driver/Src/stm32f1xx_hal_dma.o
LOAD Drivers/STM32F1xx_HAL_Driver/Src/stm32f1xx_hal_flash.o
LOAD Drivers/STM32F1xx_HAL_Driver/Src/stm32f1xx_hal_flash_ex.o
LOAD Drivers/STM32F1xx_HAL_Driver/Src/stm32f1xx_hal_gpio.o
LOAD Drivers/STM32F1xx_HAL_Driver/Src/stm32f1xx_hal_gpio_ex.o
LOAD Drivers/STM32F1xx_HAL_Driver/Src/stm32f1xx_hal_pwr.o
LOAD Drivers/STM32F1xx_HAL_Driver/Src/stm32f1xx_hal_rcc.o
LOAD Drivers/STM32F1xx_HAL_Driver/Src/stm32f1xx_hal_rcc_ex.o
LOAD Drivers/STM32F1xx_HAL_Driver/Src/stm32f1xx_hal_spi.o
LOAD Drivers/STM32F1xx_HAL_Driver/Src/stm32f1xx_hal_spi_ex.o
LOAD Drivers/STM32F1xx_HAL_Driver/Src/stm32f1xx_hal_tim.o
LOAD Drivers/STM32F1xx_HAL_Driver/Src/stm32f1xx_hal_tim_ex.o
LOAD Src/ECUF_functions.o
LOAD Src/ECUF_main.o
LOAD Src/can.o
LOAD Src/canFun.o
LOAD Src/can_ECUF.o
LOAD Src/can_eforce_init.o
LOAD Src/main.o
LOAD Src/ringbuf.o
LOAD Src/stm32f1xx_hal_msp.o
LOAD Src/stm32f1xx_it.o
LOAD Src/system_stm32f1xx.o
LOAD startup/startup_stm32f105xc.o
LOAD /home/Hanz/Ac6/SystemWorkbench/plugins/fr.ac6.mcu.externaltools.arm-none.linux64_1.15.0.201708311556/tools/compiler/bin/../lib/gcc/arm-none-eabi/6.3.1/../../../../arm-none-eabi/lib/thumb/v7-m/libm.a
START GROUP
LOAD /home/Hanz/Ac6/SystemWorkbench/plugins/fr.ac6.mcu.externaltools.arm-none.linux64_1.15.0.201708311556/tools/compiler/bin/../lib/gcc/arm-none-eabi/6.3.1/thumb/v7-m/libgcc.a
LOAD /home/Hanz/Ac6/SystemWorkbench/plugins/fr.ac6.mcu.externaltools.arm-none.linux64_1.15.0.201708311556/tools/compiler/bin/../lib/gcc/arm-none-eabi/6.3.1/../../../../arm-none-eabi/lib/thumb/v7-m/libc_nano.a
END GROUP
START GROUP
LOAD /home/Hanz/Ac6/SystemWorkbench/plugins/fr.ac6.mcu.externaltools.arm-none.linux64_1.15.0.201708311556/tools/compiler/bin/../lib/gcc/arm-none-eabi/6.3.1/thumb/v7-m/libgcc.a
LOAD /home/Hanz/Ac6/SystemWorkbench/plugins/fr.ac6.mcu.externaltools.arm-none.linux64_1.15.0.201708311556/tools/compiler/bin/../lib/gcc/arm-none-eabi/6.3.1/../../../../arm-none-eabi/lib/thumb/v7-m/libc_nano.a
LOAD /home/Hanz/Ac6/SystemWorkbench/plugins/fr.ac6.mcu.externaltools.arm-none.linux64_1.15.0.201708311556/tools/compiler/bin/../lib/gcc/arm-none-eabi/6.3.1/../../../../arm-none-eabi/lib/thumb/v7-m/libnosys.a
END GROUP
START GROUP
LOAD /home/Hanz/Ac6/SystemWorkbench/plugins/fr.ac6.mcu.externaltools.arm-none.linux64_1.15.0.201708311556/tools/compiler/bin/../lib/gcc/arm-none-eabi/6.3.1/thumb/v7-m/libgcc.a
LOAD /home/Hanz/Ac6/SystemWorkbench/plugins/fr.ac6.mcu.externaltools.arm-none.linux64_1.15.0.201708311556/tools/compiler/bin/../lib/gcc/arm-none-eabi/6.3.1/../../../../arm-none-eabi/lib/thumb/v7-m/libc_nano.a
LOAD /home/Hanz/Ac6/SystemWorkbench/plugins/fr.ac6.mcu.externaltools.arm-none.linux64_1.15.0.201708311556/tools/compiler/bin/../lib/gcc/arm-none-eabi/6.3.1/../../../../arm-none-eabi/lib/thumb/v7-m/libnosys.a
END GROUP
LOAD /home/Hanz/Ac6/SystemWorkbench/plugins/fr.ac6.mcu.externaltools.arm-none.linux64_1.15.0.201708311556/tools/compiler/bin/../lib/gcc/arm-none-eabi/6.3.1/thumb/v7-m/crtend.o
LOAD /home/Hanz/Ac6/SystemWorkbench/plugins/fr.ac6.mcu.externaltools.arm-none.linux64_1.15.0.201708311556/tools/compiler/bin/../lib/gcc/arm-none-eabi/6.3.1/thumb/v7-m/crtn.o
                0x0000000020010000                _estack = 0x20010000
                0x0000000000000200                _Min_Heap_Size = 0x200
                0x0000000000000400                _Min_Stack_Size = 0x400

.isr_vector     0x0000000008000000      0x1e4
                0x0000000008000000                . = ALIGN (0x4)
 *(.isr_vector)
 .isr_vector    0x0000000008000000      0x1e4 startup/startup_stm32f105xc.o
                0x0000000008000000                g_pfnVectors
                0x00000000080001e4                . = ALIGN (0x4)

.text           0x00000000080001e8     0x78a0
                0x00000000080001e8                . = ALIGN (0x4)
 *(.text)
 .text          0x00000000080001e8       0x6c /home/Hanz/Ac6/SystemWorkbench/plugins/fr.ac6.mcu.externaltools.arm-none.linux64_1.15.0.201708311556/tools/compiler/bin/../lib/gcc/arm-none-eabi/6.3.1/thumb/v7-m/crtbegin.o
 .text          0x0000000008000254      0x370 /home/Hanz/Ac6/SystemWorkbench/plugins/fr.ac6.mcu.externaltools.arm-none.linux64_1.15.0.201708311556/tools/compiler/bin/../lib/gcc/arm-none-eabi/6.3.1/thumb/v7-m/libgcc.a(_arm_addsubdf3.o)
                0x0000000008000254                __aeabi_drsub
                0x000000000800025c                __aeabi_dsub
                0x000000000800025c                __subdf3
                0x0000000008000260                __adddf3
                0x0000000008000260                __aeabi_dadd
                0x00000000080004d8                __aeabi_ui2d
                0x00000000080004d8                __floatunsidf
                0x00000000080004f8                __floatsidf
                0x00000000080004f8                __aeabi_i2d
                0x000000000800051c                __extendsfdf2
                0x000000000800051c                __aeabi_f2d
                0x0000000008000558                __aeabi_ul2d
                0x0000000008000558                __floatundidf
                0x0000000008000568                __floatdidf
                0x0000000008000568                __aeabi_l2d
 .text          0x00000000080005c4      0x424 /home/Hanz/Ac6/SystemWorkbench/plugins/fr.ac6.mcu.externaltools.arm-none.linux64_1.15.0.201708311556/tools/compiler/bin/../lib/gcc/arm-none-eabi/6.3.1/thumb/v7-m/libgcc.a(_arm_muldivdf3.o)
                0x00000000080005c4                __aeabi_dmul
                0x00000000080005c4                __muldf3
                0x0000000008000818                __aeabi_ddiv
                0x0000000008000818                __divdf3
 .text          0x00000000080009e8      0x110 /home/Hanz/Ac6/SystemWorkbench/plugins/fr.ac6.mcu.externaltools.arm-none.linux64_1.15.0.201708311556/tools/compiler/bin/../lib/gcc/arm-none-eabi/6.3.1/thumb/v7-m/libgcc.a(_arm_cmpdf2.o)
                0x00000000080009e8                __gtdf2
                0x00000000080009e8                __gedf2
                0x00000000080009f0                __ltdf2
                0x00000000080009f0                __ledf2
                0x00000000080009f8                __cmpdf2
                0x00000000080009f8                __eqdf2
                0x00000000080009f8                __nedf2
                0x0000000008000a74                __aeabi_cdrcmple
                0x0000000008000a84                __aeabi_cdcmple
                0x0000000008000a84                __aeabi_cdcmpeq
                0x0000000008000a94                __aeabi_dcmpeq
                0x0000000008000aa8                __aeabi_dcmplt
                0x0000000008000abc                __aeabi_dcmple
                0x0000000008000ad0                __aeabi_dcmpge
                0x0000000008000ae4                __aeabi_dcmpgt
 .text          0x0000000008000af8       0x50 /home/Hanz/Ac6/SystemWorkbench/plugins/fr.ac6.mcu.externaltools.arm-none.linux64_1.15.0.201708311556/tools/compiler/bin/../lib/gcc/arm-none-eabi/6.3.1/thumb/v7-m/libgcc.a(_arm_fixdfsi.o)
                0x0000000008000af8                __fixdfsi
                0x0000000008000af8                __aeabi_d2iz
 .text          0x0000000008000b48       0x40 /home/Hanz/Ac6/SystemWorkbench/plugins/fr.ac6.mcu.externaltools.arm-none.linux64_1.15.0.201708311556/tools/compiler/bin/../lib/gcc/arm-none-eabi/6.3.1/thumb/v7-m/libgcc.a(_arm_fixunsdfsi.o)
                0x0000000008000b48                __fixunsdfsi
                0x0000000008000b48                __aeabi_d2uiz
 .text          0x0000000008000b88      0x21c /home/Hanz/Ac6/SystemWorkbench/plugins/fr.ac6.mcu.externaltools.arm-none.linux64_1.15.0.201708311556/tools/compiler/bin/../lib/gcc/arm-none-eabi/6.3.1/thumb/v7-m/libgcc.a(_arm_addsubsf3.o)
                0x0000000008000b88                __aeabi_frsub
                0x0000000008000b90                __subsf3
                0x0000000008000b90                __aeabi_fsub
                0x0000000008000b94                __aeabi_fadd
                0x0000000008000b94                __addsf3
                0x0000000008000cf4                __aeabi_ui2f
                0x0000000008000cf4                __floatunsisf
                0x0000000008000cfc                __aeabi_i2f
                0x0000000008000cfc                __floatsisf
                0x0000000008000d18                __floatundisf
                0x0000000008000d18                __aeabi_ul2f
                0x0000000008000d28                __floatdisf
                0x0000000008000d28                __aeabi_l2f
 .text          0x0000000008000da4      0x2a0 /home/Hanz/Ac6/SystemWorkbench/plugins/fr.ac6.mcu.externaltools.arm-none.linux64_1.15.0.201708311556/tools/compiler/bin/../lib/gcc/arm-none-eabi/6.3.1/thumb/v7-m/libgcc.a(_arm_muldivsf3.o)
                0x0000000008000da4                __mulsf3
                0x0000000008000da4                __aeabi_fmul
                0x0000000008000f0c                __divsf3
                0x0000000008000f0c                __aeabi_fdiv
 .text          0x0000000008001044       0x4c /home/Hanz/Ac6/SystemWorkbench/plugins/fr.ac6.mcu.externaltools.arm-none.linux64_1.15.0.201708311556/tools/compiler/bin/../lib/gcc/arm-none-eabi/6.3.1/thumb/v7-m/libgcc.a(_arm_fixsfsi.o)
                0x0000000008001044                __fixsfsi
                0x0000000008001044                __aeabi_f2iz
 .text          0x0000000008001090       0x30 /home/Hanz/Ac6/SystemWorkbench/plugins/fr.ac6.mcu.externaltools.arm-none.linux64_1.15.0.201708311556/tools/compiler/bin/../lib/gcc/arm-none-eabi/6.3.1/thumb/v7-m/libgcc.a(_aeabi_uldivmod.o)
                0x0000000008001090                __aeabi_uldivmod
 .text          0x00000000080010c0      0x2dc /home/Hanz/Ac6/SystemWorkbench/plugins/fr.ac6.mcu.externaltools.arm-none.linux64_1.15.0.201708311556/tools/compiler/bin/../lib/gcc/arm-none-eabi/6.3.1/thumb/v7-m/libgcc.a(_udivmoddi4.o)
                0x00000000080010c0                __udivmoddi4
 .text          0x000000000800139c        0x4 /home/Hanz/Ac6/SystemWorkbench/plugins/fr.ac6.mcu.externaltools.arm-none.linux64_1.15.0.201708311556/tools/compiler/bin/../lib/gcc/arm-none-eabi/6.3.1/thumb/v7-m/libgcc.a(_dvmd_tls.o)
                0x000000000800139c                __aeabi_ldiv0
                0x000000000800139c                __aeabi_idiv0
 *(.text*)
 .text.HAL_InitTick
                0x00000000080013a0       0x48 Drivers/STM32F1xx_HAL_Driver/Src/stm32f1xx_hal.o
                0x00000000080013a0                HAL_InitTick
 .text.HAL_Init
                0x00000000080013e8       0x24 Drivers/STM32F1xx_HAL_Driver/Src/stm32f1xx_hal.o
                0x00000000080013e8                HAL_Init
 .text.HAL_IncTick
                0x000000000800140c       0x18 Drivers/STM32F1xx_HAL_Driver/Src/stm32f1xx_hal.o
                0x000000000800140c                HAL_IncTick
 .text.HAL_GetTick
                0x0000000008001424        0xc Drivers/STM32F1xx_HAL_Driver/Src/stm32f1xx_hal.o
                0x0000000008001424                HAL_GetTick
 .text.ADC_DMAConvCplt
                0x0000000008001430       0x52 Drivers/STM32F1xx_HAL_Driver/Src/stm32f1xx_hal_adc.o
                0x0000000008001430                ADC_DMAConvCplt
 .text.HAL_ADC_ConvHalfCpltCallback
                0x0000000008001482        0x2 Drivers/STM32F1xx_HAL_Driver/Src/stm32f1xx_hal_adc.o
                0x0000000008001482                HAL_ADC_ConvHalfCpltCallback
 .text.ADC_DMAHalfConvCplt
                0x0000000008001484        0xa Drivers/STM32F1xx_HAL_Driver/Src/stm32f1xx_hal_adc.o
                0x0000000008001484                ADC_DMAHalfConvCplt
 .text.HAL_ADC_LevelOutOfWindowCallback
                0x000000000800148e        0x2 Drivers/STM32F1xx_HAL_Driver/Src/stm32f1xx_hal_adc.o
                0x000000000800148e                HAL_ADC_LevelOutOfWindowCallback
 .text.HAL_ADC_IRQHandler
                0x0000000008001490      0x10c Drivers/STM32F1xx_HAL_Driver/Src/stm32f1xx_hal_adc.o
                0x0000000008001490                HAL_ADC_IRQHandler
 .text.HAL_ADC_ErrorCallback
                0x000000000800159c        0x2 Drivers/STM32F1xx_HAL_Driver/Src/stm32f1xx_hal_adc.o
                0x000000000800159c                HAL_ADC_ErrorCallback
 .text.ADC_DMAError
                0x000000000800159e       0x1a Drivers/STM32F1xx_HAL_Driver/Src/stm32f1xx_hal_adc.o
                0x000000000800159e                ADC_DMAError
 .text.HAL_ADC_ConfigChannel
                0x00000000080015b8      0x138 Drivers/STM32F1xx_HAL_Driver/Src/stm32f1xx_hal_adc.o
                0x00000000080015b8                HAL_ADC_ConfigChannel
 .text.ADC_Enable
                0x00000000080016f0       0x80 Drivers/STM32F1xx_HAL_Driver/Src/stm32f1xx_hal_adc.o
                0x00000000080016f0                ADC_Enable
 .text.HAL_ADC_Start_IT
                0x0000000008001770       0xf8 Drivers/STM32F1xx_HAL_Driver/Src/stm32f1xx_hal_adc.o
                0x0000000008001770                HAL_ADC_Start_IT
 .text.HAL_ADC_Start_DMA
                0x0000000008001868      0x130 Drivers/STM32F1xx_HAL_Driver/Src/stm32f1xx_hal_adc.o
                0x0000000008001868                HAL_ADC_Start_DMA
 .text.ADC_ConversionStop_Disable
                0x0000000008001998       0x4c Drivers/STM32F1xx_HAL_Driver/Src/stm32f1xx_hal_adc.o
                0x0000000008001998                ADC_ConversionStop_Disable
 .text.HAL_ADC_Init
                0x00000000080019e4      0x110 Drivers/STM32F1xx_HAL_Driver/Src/stm32f1xx_hal_adc.o
                0x00000000080019e4                HAL_ADC_Init
 .text.HAL_ADCEx_InjectedConvCpltCallback
                0x0000000008001af4        0x2 Drivers/STM32F1xx_HAL_Driver/Src/stm32f1xx_hal_adc_ex.o
                0x0000000008001af4                HAL_ADCEx_InjectedConvCpltCallback
 .text.HAL_CAN_ConfigFilter
                0x0000000008001af6      0x106 Drivers/STM32F1xx_HAL_Driver/Src/stm32f1xx_hal_can.o
                0x0000000008001af6                HAL_CAN_ConfigFilter
 .text.HAL_CAN_Init
                0x0000000008001bfc      0x142 Drivers/STM32F1xx_HAL_Driver/Src/stm32f1xx_hal_can.o
                0x0000000008001bfc                HAL_CAN_Init
 *fill*         0x0000000008001d3e        0x2 
 .text.HAL_CAN_Transmit
                0x0000000008001d40      0x210 Drivers/STM32F1xx_HAL_Driver/Src/stm32f1xx_hal_can.o
                0x0000000008001d40                HAL_CAN_Transmit
 .text.HAL_CAN_Transmit_IT
                0x0000000008001f50      0x15e Drivers/STM32F1xx_HAL_Driver/Src/stm32f1xx_hal_can.o
                0x0000000008001f50                HAL_CAN_Transmit_IT
 .text.HAL_CAN_Receive
                0x00000000080020ae      0x290 Drivers/STM32F1xx_HAL_Driver/Src/stm32f1xx_hal_can.o
                0x00000000080020ae                HAL_CAN_Receive
 .text.HAL_CAN_Receive_IT
                0x000000000800233e      0x128 Drivers/STM32F1xx_HAL_Driver/Src/stm32f1xx_hal_can.o
                0x000000000800233e                HAL_CAN_Receive_IT
 .text.HAL_CAN_TxCpltCallback
                0x0000000008002466        0x2 Drivers/STM32F1xx_HAL_Driver/Src/stm32f1xx_hal_can.o
                0x0000000008002466                HAL_CAN_TxCpltCallback
 .text.CAN_Transmit_IT
                0x0000000008002468       0x5a Drivers/STM32F1xx_HAL_Driver/Src/stm32f1xx_hal_can.o
 .text.CAN_Receive_IT
                0x00000000080024c2      0x174 Drivers/STM32F1xx_HAL_Driver/Src/stm32f1xx_hal_can.o
 .text.HAL_CAN_ErrorCallback
                0x0000000008002636        0x2 Drivers/STM32F1xx_HAL_Driver/Src/stm32f1xx_hal_can.o
                0x0000000008002636                HAL_CAN_ErrorCallback
 .text.HAL_CAN_IRQHandler
                0x0000000008002638      0x1fc Drivers/STM32F1xx_HAL_Driver/Src/stm32f1xx_hal_can.o
                0x0000000008002638                HAL_CAN_IRQHandler
 .text.HAL_NVIC_SetPriorityGrouping
                0x0000000008002834       0x24 Drivers/STM32F1xx_HAL_Driver/Src/stm32f1xx_hal_cortex.o
                0x0000000008002834                HAL_NVIC_SetPriorityGrouping
 .text.HAL_NVIC_SetPriority
                0x0000000008002858       0x64 Drivers/STM32F1xx_HAL_Driver/Src/stm32f1xx_hal_cortex.o
                0x0000000008002858                HAL_NVIC_SetPriority
 .text.HAL_NVIC_EnableIRQ
                0x00000000080028bc       0x18 Drivers/STM32F1xx_HAL_Driver/Src/stm32f1xx_hal_cortex.o
                0x00000000080028bc                HAL_NVIC_EnableIRQ
 .text.HAL_SYSTICK_Config
                0x00000000080028d4       0x2c Drivers/STM32F1xx_HAL_Driver/Src/stm32f1xx_hal_cortex.o
                0x00000000080028d4                HAL_SYSTICK_Config
 .text.HAL_SYSTICK_CLKSourceConfig
                0x0000000008002900       0x20 Drivers/STM32F1xx_HAL_Driver/Src/stm32f1xx_hal_cortex.o
                0x0000000008002900                HAL_SYSTICK_CLKSourceConfig
 .text.HAL_SYSTICK_Callback
                0x0000000008002920        0x2 Drivers/STM32F1xx_HAL_Driver/Src/stm32f1xx_hal_cortex.o
                0x0000000008002920                HAL_SYSTICK_Callback
 .text.HAL_SYSTICK_IRQHandler
                0x0000000008002922        0x8 Drivers/STM32F1xx_HAL_Driver/Src/stm32f1xx_hal_cortex.o
                0x0000000008002922                HAL_SYSTICK_IRQHandler
 .text.DMA_SetConfig
                0x000000000800292a       0x2c Drivers/STM32F1xx_HAL_Driver/Src/stm32f1xx_hal_dma.o
 *fill*         0x0000000008002956        0x2 
 .text.HAL_DMA_Init
                0x0000000008002958       0xa0 Drivers/STM32F1xx_HAL_Driver/Src/stm32f1xx_hal_dma.o
                0x0000000008002958                HAL_DMA_Init
 .text.HAL_DMA_Start_IT
                0x00000000080029f8       0x74 Drivers/STM32F1xx_HAL_Driver/Src/stm32f1xx_hal_dma.o
                0x00000000080029f8                HAL_DMA_Start_IT
 .text.HAL_DMA_IRQHandler
                0x0000000008002a6c      0x2d0 Drivers/STM32F1xx_HAL_Driver/Src/stm32f1xx_hal_dma.o
                0x0000000008002a6c                HAL_DMA_IRQHandler
 .text.HAL_GPIO_Init
                0x0000000008002d3c      0x1ec Drivers/STM32F1xx_HAL_Driver/Src/stm32f1xx_hal_gpio.o
                0x0000000008002d3c                HAL_GPIO_Init
 .text.HAL_GPIO_ReadPin
                0x0000000008002f28        0xe Drivers/STM32F1xx_HAL_Driver/Src/stm32f1xx_hal_gpio.o
                0x0000000008002f28                HAL_GPIO_ReadPin
 .text.HAL_GPIO_WritePin
                0x0000000008002f36        0xc Drivers/STM32F1xx_HAL_Driver/Src/stm32f1xx_hal_gpio.o
                0x0000000008002f36                HAL_GPIO_WritePin
 .text.HAL_GPIO_TogglePin
                0x0000000008002f42        0x8 Drivers/STM32F1xx_HAL_Driver/Src/stm32f1xx_hal_gpio.o
                0x0000000008002f42                HAL_GPIO_TogglePin
 *fill*         0x0000000008002f4a        0x2 
 .text.RCC_Delay
                0x0000000008002f4c       0x2c Drivers/STM32F1xx_HAL_Driver/Src/stm32f1xx_hal_rcc.o
 .text.HAL_RCC_OscConfig
                0x0000000008002f78      0x4c4 Drivers/STM32F1xx_HAL_Driver/Src/stm32f1xx_hal_rcc.o
                0x0000000008002f78                HAL_RCC_OscConfig
 .text.HAL_RCC_GetSysClockFreq
                0x000000000800343c       0xb4 Drivers/STM32F1xx_HAL_Driver/Src/stm32f1xx_hal_rcc.o
                0x000000000800343c                HAL_RCC_GetSysClockFreq
 .text.HAL_RCC_ClockConfig
                0x00000000080034f0      0x178 Drivers/STM32F1xx_HAL_Driver/Src/stm32f1xx_hal_rcc.o
                0x00000000080034f0                HAL_RCC_ClockConfig
 .text.HAL_RCC_GetHCLKFreq
                0x0000000008003668        0xc Drivers/STM32F1xx_HAL_Driver/Src/stm32f1xx_hal_rcc.o
                0x0000000008003668                HAL_RCC_GetHCLKFreq
 .text.HAL_RCCEx_PeriphCLKConfig
                0x0000000008003674      0x1d8 Drivers/STM32F1xx_HAL_Driver/Src/stm32f1xx_hal_rcc_ex.o
                0x0000000008003674                HAL_RCCEx_PeriphCLKConfig
 .text.SPI_WaitFlagStateUntilTimeout
                0x000000000800384c       0x96 Drivers/STM32F1xx_HAL_Driver/Src/stm32f1xx_hal_spi.o
 .text.SPI_CheckFlag_BSY
                0x00000000080038e2       0x26 Drivers/STM32F1xx_HAL_Driver/Src/stm32f1xx_hal_spi.o
 .text.HAL_SPI_Transmit
                0x0000000008003908      0x1ac Drivers/STM32F1xx_HAL_Driver/Src/stm32f1xx_hal_spi.o
                0x0000000008003908                HAL_SPI_Transmit
 .text.HAL_SPI_Init
                0x0000000008003ab4       0x82 Drivers/STM32F1xx_HAL_Driver/Src/stm32f1xx_hal_spi_ex.o
                0x0000000008003ab4                HAL_SPI_Init
 *fill*         0x0000000008003b36        0x2 
 .text.TIM_OC1_SetConfig
                0x0000000008003b38       0x5c Drivers/STM32F1xx_HAL_Driver/Src/stm32f1xx_hal_tim.o
 .text.TIM_OC3_SetConfig
                0x0000000008003b94       0x64 Drivers/STM32F1xx_HAL_Driver/Src/stm32f1xx_hal_tim.o
 .text.TIM_OC4_SetConfig
                0x0000000008003bf8       0x48 Drivers/STM32F1xx_HAL_Driver/Src/stm32f1xx_hal_tim.o
 .text.TIM_TI1_ConfigInputStage
                0x0000000008003c40       0x24 Drivers/STM32F1xx_HAL_Driver/Src/stm32f1xx_hal_tim.o
 .text.TIM_TI2_SetConfig
                0x0000000008003c64       0x34 Drivers/STM32F1xx_HAL_Driver/Src/stm32f1xx_hal_tim.o
 .text.TIM_TI2_ConfigInputStage
                0x0000000008003c98       0x26 Drivers/STM32F1xx_HAL_Driver/Src/stm32f1xx_hal_tim.o
 .text.TIM_TI3_SetConfig
                0x0000000008003cbe       0x32 Drivers/STM32F1xx_HAL_Driver/Src/stm32f1xx_hal_tim.o
 .text.TIM_TI4_SetConfig
                0x0000000008003cf0       0x34 Drivers/STM32F1xx_HAL_Driver/Src/stm32f1xx_hal_tim.o
 .text.TIM_ITRx_SetConfig
                0x0000000008003d24       0x10 Drivers/STM32F1xx_HAL_Driver/Src/stm32f1xx_hal_tim.o
 .text.TIM_ETR_SetConfig
                0x0000000008003d34       0x16 Drivers/STM32F1xx_HAL_Driver/Src/stm32f1xx_hal_tim.o
 .text.HAL_TIM_PWM_MspInit
                0x0000000008003d4a        0x2 Drivers/STM32F1xx_HAL_Driver/Src/stm32f1xx_hal_tim.o
                0x0000000008003d4a                HAL_TIM_PWM_MspInit
 .text.HAL_TIM_IC_MspInit
                0x0000000008003d4c        0x2 Drivers/STM32F1xx_HAL_Driver/Src/stm32f1xx_hal_tim.o
                0x0000000008003d4c                HAL_TIM_IC_MspInit
 .text.HAL_TIM_ConfigClockSource
                0x0000000008003d4e      0x108 Drivers/STM32F1xx_HAL_Driver/Src/stm32f1xx_hal_tim.o
                0x0000000008003d4e                HAL_TIM_ConfigClockSource
 .text.HAL_TIM_PeriodElapsedCallback
                0x0000000008003e56        0x2 Drivers/STM32F1xx_HAL_Driver/Src/stm32f1xx_hal_tim.o
                0x0000000008003e56                HAL_TIM_PeriodElapsedCallback
 .text.HAL_TIM_OC_DelayElapsedCallback
                0x0000000008003e58        0x2 Drivers/STM32F1xx_HAL_Driver/Src/stm32f1xx_hal_tim.o
                0x0000000008003e58                HAL_TIM_OC_DelayElapsedCallback
 .text.HAL_TIM_IC_CaptureCallback
                0x0000000008003e5a        0x2 Drivers/STM32F1xx_HAL_Driver/Src/stm32f1xx_hal_tim.o
                0x0000000008003e5a                HAL_TIM_IC_CaptureCallback
 .text.HAL_TIM_PWM_PulseFinishedCallback
                0x0000000008003e5c        0x2 Drivers/STM32F1xx_HAL_Driver/Src/stm32f1xx_hal_tim.o
                0x0000000008003e5c                HAL_TIM_PWM_PulseFinishedCallback
 .text.HAL_TIM_TriggerCallback
                0x0000000008003e5e        0x2 Drivers/STM32F1xx_HAL_Driver/Src/stm32f1xx_hal_tim.o
                0x0000000008003e5e                HAL_TIM_TriggerCallback
 .text.HAL_TIM_IRQHandler
                0x0000000008003e60      0x17a Drivers/STM32F1xx_HAL_Driver/Src/stm32f1xx_hal_tim.o
                0x0000000008003e60                HAL_TIM_IRQHandler
 *fill*         0x0000000008003fda        0x2 
 .text.TIM_Base_SetConfig
                0x0000000008003fdc       0x84 Drivers/STM32F1xx_HAL_Driver/Src/stm32f1xx_hal_tim.o
                0x0000000008003fdc                TIM_Base_SetConfig
 .text.HAL_TIM_Base_Init
                0x0000000008004060       0x32 Drivers/STM32F1xx_HAL_Driver/Src/stm32f1xx_hal_tim.o
                0x0000000008004060                HAL_TIM_Base_Init
 .text.HAL_TIM_PWM_Init
                0x0000000008004092       0x32 Drivers/STM32F1xx_HAL_Driver/Src/stm32f1xx_hal_tim.o
                0x0000000008004092                HAL_TIM_PWM_Init
 .text.HAL_TIM_IC_Init
                0x00000000080040c4       0x32 Drivers/STM32F1xx_HAL_Driver/Src/stm32f1xx_hal_tim.o
                0x00000000080040c4                HAL_TIM_IC_Init
 *fill*         0x00000000080040f6        0x2 
 .text.TIM_OC2_SetConfig
                0x00000000080040f8       0x64 Drivers/STM32F1xx_HAL_Driver/Src/stm32f1xx_hal_tim.o
                0x00000000080040f8                TIM_OC2_SetConfig
 .text.HAL_TIM_PWM_ConfigChannel
                0x000000000800415c       0xdc Drivers/STM32F1xx_HAL_Driver/Src/stm32f1xx_hal_tim.o
                0x000000000800415c                HAL_TIM_PWM_ConfigChannel
 .text.TIM_TI1_SetConfig
                0x0000000008004238       0x78 Drivers/STM32F1xx_HAL_Driver/Src/stm32f1xx_hal_tim.o
                0x0000000008004238                TIM_TI1_SetConfig
 .text.HAL_TIM_IC_ConfigChannel
                0x00000000080042b0       0xc0 Drivers/STM32F1xx_HAL_Driver/Src/stm32f1xx_hal_tim.o
                0x00000000080042b0                HAL_TIM_IC_ConfigChannel
 .text.TIM_CCxChannelCmd
                0x0000000008004370       0x1c Drivers/STM32F1xx_HAL_Driver/Src/stm32f1xx_hal_tim.o
                0x0000000008004370                TIM_CCxChannelCmd
 .text.HAL_TIM_PWM_Start
                0x000000000800438c       0x30 Drivers/STM32F1xx_HAL_Driver/Src/stm32f1xx_hal_tim.o
                0x000000000800438c                HAL_TIM_PWM_Start
 .text.HAL_TIMEx_MasterConfigSynchronization
                0x00000000080043bc       0x52 Drivers/STM32F1xx_HAL_Driver/Src/stm32f1xx_hal_tim_ex.o
                0x00000000080043bc                HAL_TIMEx_MasterConfigSynchronization
 .text.HAL_TIMEx_CommutationCallback
                0x000000000800440e        0x2 Drivers/STM32F1xx_HAL_Driver/Src/stm32f1xx_hal_tim_ex.o
                0x000000000800440e                HAL_TIMEx_CommutationCallback
 .text.HAL_TIMEx_BreakCallback
                0x0000000008004410        0x2 Drivers/STM32F1xx_HAL_Driver/Src/stm32f1xx_hal_tim_ex.o
                0x0000000008004410                HAL_TIMEx_BreakCallback
 *fill*         0x0000000008004412        0x2 
 .text.other    0x0000000008004414       0x30 Src/ECUF_functions.o
                0x0000000008004414                other
 .text.checkDash
                0x0000000008004444       0x74 Src/ECUF_functions.o
                0x0000000008004444                checkDash
 .text.checkShutdown
                0x00000000080044b8       0x4c Src/ECUF_functions.o
                0x00000000080044b8                checkShutdown
 *fill*         0x0000000008004504        0x4 
 .text.dashInit
                0x0000000008004508      0x2c0 Src/ECUF_functions.o
                0x0000000008004508                dashInit
 .text.indicatorControl
                0x00000000080047c8       0x48 Src/ECUF_functions.o
                0x00000000080047c8                indicatorControl
 .text.barControl
                0x0000000008004810       0xf8 Src/ECUF_functions.o
                0x0000000008004810                barControl
 .text.dashControl
                0x0000000008004908       0x5c Src/ECUF_functions.o
                0x0000000008004908                dashControl
 .text.sendData
                0x0000000008004964       0x98 Src/ECUF_functions.o
                0x0000000008004964                sendData
 .text.receiveData
                0x00000000080049fc       0x38 Src/ECUF_functions.o
                0x00000000080049fc                receiveData
 .text.rescale  0x0000000008004a34       0x46 Src/ECUF_functions.o
                0x0000000008004a34                rescale
 *fill*         0x0000000008004a7a        0x2 
 .text.dashBright
                0x0000000008004a7c       0x8c Src/ECUF_functions.o
                0x0000000008004a7c                dashBright
 .text.setup    0x0000000008004b08       0x8c Src/ECUF_main.o
                0x0000000008004b08                setup
 .text.loop     0x0000000008004b94      0x144 Src/ECUF_main.o
                0x0000000008004b94                loop
 .text.set_flag
                0x0000000008004cd8       0x10 Src/can.o
 .text.txInit   0x0000000008004ce8       0x1c Src/can.o
                0x0000000008004ce8                txInit
 .text.txReceiveCANMessage
                0x0000000008004d04       0x50 Src/can.o
                0x0000000008004d04                txReceiveCANMessage
 .text.txProcess
                0x0000000008004d54       0x7c Src/can.o
                0x0000000008004d54                txProcess
 .text.canInitMsgStatus
                0x0000000008004dd0       0x10 Src/can.o
                0x0000000008004dd0                canInitMsgStatus
 .text.canUpdateMsgStatusOnReceive
                0x0000000008004de0       0x1a Src/can.o
                0x0000000008004de0                canUpdateMsgStatusOnReceive
 .text.txGetTimeMillis
                0x0000000008004dfa        0x8 Src/canFun.o
                0x0000000008004dfa                txGetTimeMillis
 .text.txHandleCANMessage
                0x0000000008004e02        0x4 Src/canFun.o
                0x0000000008004e02                txHandleCANMessage
 *fill*         0x0000000008004e06        0x2 
 .text.txSendCANMessage
                0x0000000008004e08       0x50 Src/canFun.o
                0x0000000008004e08                txSendCANMessage
 .text.candbInit
                0x0000000008004e58       0x80 Src/can_ECUF.o
                0x0000000008004e58                candbInit
 .text.ECUA_decode_Status_s
                0x0000000008004ed8       0xde Src/can_ECUF.o
                0x0000000008004ed8                ECUA_decode_Status_s
 *fill*         0x0000000008004fb6        0x2 
 .text.ECUA_get_Status
                0x0000000008004fb8       0x5c Src/can_ECUF.o
                0x0000000008004fb8                ECUA_get_Status
 .text.ECUA_decode_Estimation_s
                0x0000000008005014       0x24 Src/can_ECUF.o
                0x0000000008005014                ECUA_decode_Estimation_s
 .text.ECUA_get_Estimation
                0x0000000008005038       0x48 Src/can_ECUF.o
                0x0000000008005038                ECUA_get_Estimation
 .text.ECUB_decode_Status_s
                0x0000000008005080      0x1aa Src/can_ECUF.o
                0x0000000008005080                ECUB_decode_Status_s
 *fill*         0x000000000800522a        0x2 
 .text.ECUB_get_Status
                0x000000000800522c       0x60 Src/can_ECUF.o
                0x000000000800522c                ECUB_get_Status
 .text.ECUF_send_Status_s
                0x000000000800528c      0x184 Src/can_ECUF.o
                0x000000000800528c                ECUF_send_Status_s
 .text.ECUF_Status_need_to_send
                0x0000000008005410       0x2c Src/can_ECUF.o
                0x0000000008005410                ECUF_Status_need_to_send
 .text.ECUF_send_STW_s
                0x000000000800543c       0x54 Src/can_ECUF.o
                0x000000000800543c                ECUF_send_STW_s
 .text.ECUF_STW_need_to_send
                0x0000000008005490       0x2c Src/can_ECUF.o
                0x0000000008005490                ECUF_STW_need_to_send
 .text.ECUF_send_DISSusp_s
                0x00000000080054bc       0x54 Src/can_ECUF.o
                0x00000000080054bc                ECUF_send_DISSusp_s
 .text.ECUF_DISSusp_need_to_send
                0x0000000008005510       0x2c Src/can_ECUF.o
                0x0000000008005510                ECUF_DISSusp_need_to_send
 .text.ECUF_send_Dashboard_s
                0x000000000800553c       0x6c Src/can_ECUF.o
                0x000000000800553c                ECUF_send_Dashboard_s
 .text.ECUF_Dashboard_need_to_send
                0x00000000080055a8       0x2c Src/can_ECUF.o
                0x00000000080055a8                ECUF_Dashboard_need_to_send
 .text.ECUF_send_TEMPSuspF_s
                0x00000000080055d4       0x54 Src/can_ECUF.o
                0x00000000080055d4                ECUF_send_TEMPSuspF_s
 .text.ECUF_TEMPSuspF_need_to_send
                0x0000000008005628       0x2c Src/can_ECUF.o
                0x0000000008005628                ECUF_TEMPSuspF_need_to_send
 .text.ECUF_decode_REQCalibSTW_s
                0x0000000008005654       0x12 Src/can_ECUF.o
                0x0000000008005654                ECUF_decode_REQCalibSTW_s
 .text.ECUP_decode_Status_s
                0x0000000008005666       0x3c Src/can_ECUF.o
                0x0000000008005666                ECUP_decode_Status_s
 *fill*         0x00000000080056a2        0x2 
 .text.ECUP_get_Status
                0x00000000080056a4       0x48 Src/can_ECUF.o
                0x00000000080056a4                ECUP_get_Status
 .text.VDCU_decode_Status_s
                0x00000000080056ec       0x6a Src/can_ECUF.o
                0x00000000080056ec                VDCU_decode_Status_s
 *fill*         0x0000000008005756        0x2 
 .text.VDCU_get_Status
                0x0000000008005758       0x4c Src/can_ECUF.o
                0x0000000008005758                VDCU_get_Status
 .text.candbHandleMessage
                0x00000000080057a4      0x128 Src/can_ECUF.o
                0x00000000080057a4                candbHandleMessage
 .text.CAN_eforce
                0x00000000080058cc      0x10e Src/can_eforce_init.o
                0x00000000080058cc                CAN_eforce
 *fill*         0x00000000080059da        0x2 
 .text.MX_GPIO_Init
                0x00000000080059dc      0x134 Src/main.o
 .text.MX_DMA_Init
                0x0000000008005b10       0x34 Src/main.o
 .text.HAL_ADC_ConvCpltCallback
                0x0000000008005b44       0x44 Src/main.o
                0x0000000008005b44                HAL_ADC_ConvCpltCallback
 .text.HAL_CAN_RxCpltCallback
                0x0000000008005b88       0x28 Src/main.o
                0x0000000008005b88                HAL_CAN_RxCpltCallback
 .text._Error_Handler
                0x0000000008005bb0        0x2 Src/main.o
                0x0000000008005bb0                _Error_Handler
 *fill*         0x0000000008005bb2        0x2 
 .text.MX_CAN1_Init
                0x0000000008005bb4       0x48 Src/main.o
 .text.MX_CAN2_Init
                0x0000000008005bfc       0x48 Src/main.o
 .text.MX_ADC1_Init
                0x0000000008005c44      0x154 Src/main.o
 .text.MX_SPI2_Init
                0x0000000008005d98       0x50 Src/main.o
 .text.MX_TIM1_Init
                0x0000000008005de8       0xa4 Src/main.o
 .text.MX_TIM3_Init
                0x0000000008005e8c       0xac Src/main.o
 .text.MX_SPI1_Init
                0x0000000008005f38       0x50 Src/main.o
 .text.SystemClock_Config
                0x0000000008005f88       0xac Src/main.o
                0x0000000008005f88                SystemClock_Config
 .text.main     0x0000000008006034       0xa0 Src/main.o
                0x0000000008006034                main
 .text.ringbufCanWrite
                0x00000000080060d4       0x24 Src/ringbuf.o
                0x00000000080060d4                ringbufCanWrite
 .text.ringbufTryRead
                0x00000000080060f8       0x2c Src/ringbuf.o
                0x00000000080060f8                ringbufTryRead
 .text.ringbufWriteUnchecked
                0x0000000008006124       0x24 Src/ringbuf.o
                0x0000000008006124                ringbufWriteUnchecked
 .text.HAL_MspInit
                0x0000000008006148       0x90 Src/stm32f1xx_hal_msp.o
                0x0000000008006148                HAL_MspInit
 .text.HAL_ADC_MspInit
                0x00000000080061d8       0xb8 Src/stm32f1xx_hal_msp.o
                0x00000000080061d8                HAL_ADC_MspInit
 .text.HAL_CAN_MspInit
                0x0000000008006290      0x16c Src/stm32f1xx_hal_msp.o
                0x0000000008006290                HAL_CAN_MspInit
 .text.HAL_SPI_MspInit
                0x00000000080063fc       0x94 Src/stm32f1xx_hal_msp.o
                0x00000000080063fc                HAL_SPI_MspInit
 .text.HAL_TIM_Base_MspInit
                0x0000000008006490       0x88 Src/stm32f1xx_hal_msp.o
                0x0000000008006490                HAL_TIM_Base_MspInit
 .text.HAL_TIM_MspPostInit
                0x0000000008006518       0x44 Src/stm32f1xx_hal_msp.o
                0x0000000008006518                HAL_TIM_MspPostInit
 .text.NMI_Handler
                0x000000000800655c        0x2 Src/stm32f1xx_it.o
                0x000000000800655c                NMI_Handler
 .text.HardFault_Handler
                0x000000000800655e        0x2 Src/stm32f1xx_it.o
                0x000000000800655e                HardFault_Handler
 .text.MemManage_Handler
                0x0000000008006560        0x2 Src/stm32f1xx_it.o
                0x0000000008006560                MemManage_Handler
 .text.BusFault_Handler
                0x0000000008006562        0x2 Src/stm32f1xx_it.o
                0x0000000008006562                BusFault_Handler
 .text.UsageFault_Handler
                0x0000000008006564        0x2 Src/stm32f1xx_it.o
                0x0000000008006564                UsageFault_Handler
 .text.SVC_Handler
                0x0000000008006566        0x2 Src/stm32f1xx_it.o
                0x0000000008006566                SVC_Handler
 .text.DebugMon_Handler
                0x0000000008006568        0x2 Src/stm32f1xx_it.o
                0x0000000008006568                DebugMon_Handler
 .text.PendSV_Handler
                0x000000000800656a        0x2 Src/stm32f1xx_it.o
                0x000000000800656a                PendSV_Handler
 .text.SysTick_Handler
                0x000000000800656c       0x54 Src/stm32f1xx_it.o
                0x000000000800656c                SysTick_Handler
 .text.DMA1_Channel1_IRQHandler
                0x00000000080065c0       0x10 Src/stm32f1xx_it.o
                0x00000000080065c0                DMA1_Channel1_IRQHandler
 .text.ADC1_2_IRQHandler
                0x00000000080065d0       0x10 Src/stm32f1xx_it.o
                0x00000000080065d0                ADC1_2_IRQHandler
 .text.CAN1_TX_IRQHandler
                0x00000000080065e0       0x10 Src/stm32f1xx_it.o
                0x00000000080065e0                CAN1_TX_IRQHandler
 .text.CAN1_RX0_IRQHandler
                0x00000000080065f0       0x10 Src/stm32f1xx_it.o
                0x00000000080065f0                CAN1_RX0_IRQHandler
 .text.CAN1_RX1_IRQHandler
                0x0000000008006600       0x10 Src/stm32f1xx_it.o
                0x0000000008006600                CAN1_RX1_IRQHandler
 .text.CAN1_SCE_IRQHandler
                0x0000000008006610       0x10 Src/stm32f1xx_it.o
                0x0000000008006610                CAN1_SCE_IRQHandler
 .text.TIM1_UP_IRQHandler
                0x0000000008006620       0x10 Src/stm32f1xx_it.o
                0x0000000008006620                TIM1_UP_IRQHandler
 .text.CAN2_TX_IRQHandler
                0x0000000008006630       0x10 Src/stm32f1xx_it.o
                0x0000000008006630                CAN2_TX_IRQHandler
 .text.CAN2_RX0_IRQHandler
                0x0000000008006640       0x10 Src/stm32f1xx_it.o
                0x0000000008006640                CAN2_RX0_IRQHandler
 .text.CAN2_RX1_IRQHandler
                0x0000000008006650       0x10 Src/stm32f1xx_it.o
                0x0000000008006650                CAN2_RX1_IRQHandler
 .text.CAN2_SCE_IRQHandler
                0x0000000008006660       0x10 Src/stm32f1xx_it.o
                0x0000000008006660                CAN2_SCE_IRQHandler
 .text.SystemInit
                0x0000000008006670       0x58 Src/system_stm32f1xx.o
                0x0000000008006670                SystemInit
 .text.Reset_Handler
                0x00000000080066c8       0x44 startup/startup_stm32f105xc.o
                0x00000000080066c8                Reset_Handler
 .text.Default_Handler
                0x000000000800670c        0x2 startup/startup_stm32f105xc.o
                0x000000000800670c                RTC_Alarm_IRQHandler
                0x000000000800670c                EXTI2_IRQHandler
                0x000000000800670c                TIM1_CC_IRQHandler
                0x000000000800670c                TIM6_IRQHandler
                0x000000000800670c                PVD_IRQHandler
                0x000000000800670c                EXTI3_IRQHandler
                0x000000000800670c                EXTI0_IRQHandler
                0x000000000800670c                I2C2_EV_IRQHandler
                0x000000000800670c                SPI1_IRQHandler
                0x000000000800670c                TAMPER_IRQHandler
                0x000000000800670c                DMA2_Channel2_IRQHandler
                0x000000000800670c                DMA1_Channel4_IRQHandler
                0x000000000800670c                USART3_IRQHandler
                0x000000000800670c                RTC_IRQHandler
                0x000000000800670c                DMA1_Channel7_IRQHandler
                0x000000000800670c                UART5_IRQHandler
                0x000000000800670c                TIM4_IRQHandler
                0x000000000800670c                DMA2_Channel1_IRQHandler
                0x000000000800670c                I2C1_EV_IRQHandler
                0x000000000800670c                DMA1_Channel6_IRQHandler
                0x000000000800670c                UART4_IRQHandler
                0x000000000800670c                DMA2_Channel4_IRQHandler
                0x000000000800670c                TIM3_IRQHandler
                0x000000000800670c                RCC_IRQHandler
                0x000000000800670c                TIM1_TRG_COM_IRQHandler
                0x000000000800670c                Default_Handler
                0x000000000800670c                EXTI15_10_IRQHandler
                0x000000000800670c                TIM7_IRQHandler
                0x000000000800670c                TIM5_IRQHandler
                0x000000000800670c                EXTI9_5_IRQHandler
                0x000000000800670c                SPI2_IRQHandler
                0x000000000800670c                DMA2_Channel5_IRQHandler
                0x000000000800670c                DMA1_Channel5_IRQHandler
                0x000000000800670c                EXTI4_IRQHandler
                0x000000000800670c                DMA1_Channel3_IRQHandler
                0x000000000800670c                WWDG_IRQHandler
                0x000000000800670c                TIM2_IRQHandler
                0x000000000800670c                OTG_FS_WKUP_IRQHandler
                0x000000000800670c                TIM1_BRK_IRQHandler
                0x000000000800670c                EXTI1_IRQHandler
                0x000000000800670c                USART2_IRQHandler
                0x000000000800670c                I2C2_ER_IRQHandler
                0x000000000800670c                DMA1_Channel2_IRQHandler
                0x000000000800670c                FLASH_IRQHandler
                0x000000000800670c                USART1_IRQHandler
                0x000000000800670c                OTG_FS_IRQHandler
                0x000000000800670c                SPI3_IRQHandler
                0x000000000800670c                I2C1_ER_IRQHandler
                0x000000000800670c                DMA2_Channel3_IRQHandler
 *fill*         0x000000000800670e        0x2 
 .text.sin      0x0000000008006710       0x90 /home/Hanz/Ac6/SystemWorkbench/plugins/fr.ac6.mcu.externaltools.arm-none.linux64_1.15.0.201708311556/tools/compiler/bin/../lib/gcc/arm-none-eabi/6.3.1/../../../../arm-none-eabi/lib/thumb/v7-m/libm.a(lib_a-s_sin.o)
                0x0000000008006710                sin
 .text.__ieee754_rem_pio2
                0x00000000080067a0      0x42c /home/Hanz/Ac6/SystemWorkbench/plugins/fr.ac6.mcu.externaltools.arm-none.linux64_1.15.0.201708311556/tools/compiler/bin/../lib/gcc/arm-none-eabi/6.3.1/../../../../arm-none-eabi/lib/thumb/v7-m/libm.a(lib_a-e_rem_pio2.o)
                0x00000000080067a0                __ieee754_rem_pio2
 *fill*         0x0000000008006bcc        0x4 
 .text.__kernel_cos
                0x0000000008006bd0      0x248 /home/Hanz/Ac6/SystemWorkbench/plugins/fr.ac6.mcu.externaltools.arm-none.linux64_1.15.0.201708311556/tools/compiler/bin/../lib/gcc/arm-none-eabi/6.3.1/../../../../arm-none-eabi/lib/thumb/v7-m/libm.a(lib_a-k_cos.o)
                0x0000000008006bd0                __kernel_cos
 .text.__kernel_rem_pio2
                0x0000000008006e18      0x88c /home/Hanz/Ac6/SystemWorkbench/plugins/fr.ac6.mcu.externaltools.arm-none.linux64_1.15.0.201708311556/tools/compiler/bin/../lib/gcc/arm-none-eabi/6.3.1/../../../../arm-none-eabi/lib/thumb/v7-m/libm.a(lib_a-k_rem_pio2.o)
                0x0000000008006e18                __kernel_rem_pio2
 *fill*         0x00000000080076a4        0x4 
 .text.__kernel_sin
                0x00000000080076a8      0x16c /home/Hanz/Ac6/SystemWorkbench/plugins/fr.ac6.mcu.externaltools.arm-none.linux64_1.15.0.201708311556/tools/compiler/bin/../lib/gcc/arm-none-eabi/6.3.1/../../../../arm-none-eabi/lib/thumb/v7-m/libm.a(lib_a-k_sin.o)
                0x00000000080076a8                __kernel_sin
 .text.fabs     0x0000000008007814        0x8 /home/Hanz/Ac6/SystemWorkbench/plugins/fr.ac6.mcu.externaltools.arm-none.linux64_1.15.0.201708311556/tools/compiler/bin/../lib/gcc/arm-none-eabi/6.3.1/../../../../arm-none-eabi/lib/thumb/v7-m/libm.a(lib_a-s_fabs.o)
                0x0000000008007814                fabs
 *fill*         0x000000000800781c        0x4 
 .text.floor    0x0000000008007820      0x118 /home/Hanz/Ac6/SystemWorkbench/plugins/fr.ac6.mcu.externaltools.arm-none.linux64_1.15.0.201708311556/tools/compiler/bin/../lib/gcc/arm-none-eabi/6.3.1/../../../../arm-none-eabi/lib/thumb/v7-m/libm.a(lib_a-s_floor.o)
                0x0000000008007820                floor
 .text.scalbn   0x0000000008007938       0xe4 /home/Hanz/Ac6/SystemWorkbench/plugins/fr.ac6.mcu.externaltools.arm-none.linux64_1.15.0.201708311556/tools/compiler/bin/../lib/gcc/arm-none-eabi/6.3.1/../../../../arm-none-eabi/lib/thumb/v7-m/libm.a(lib_a-s_scalbn.o)
                0x0000000008007938                scalbn
 .text.copysign
                0x0000000008007a1c       0x10 /home/Hanz/Ac6/SystemWorkbench/plugins/fr.ac6.mcu.externaltools.arm-none.linux64_1.15.0.201708311556/tools/compiler/bin/../lib/gcc/arm-none-eabi/6.3.1/../../../../arm-none-eabi/lib/thumb/v7-m/libm.a(lib_a-s_copysign.o)
                0x0000000008007a1c                copysign
 .text.memcmp   0x0000000008007a2c       0x1e /home/Hanz/Ac6/SystemWorkbench/plugins/fr.ac6.mcu.externaltools.arm-none.linux64_1.15.0.201708311556/tools/compiler/bin/../lib/gcc/arm-none-eabi/6.3.1/../../../../arm-none-eabi/lib/thumb/v7-m/libc_nano.a(lib_a-memcmp.o)
                0x0000000008007a2c                memcmp
 .text.memcpy   0x0000000008007a4a       0x16 /home/Hanz/Ac6/SystemWorkbench/plugins/fr.ac6.mcu.externaltools.arm-none.linux64_1.15.0.201708311556/tools/compiler/bin/../lib/gcc/arm-none-eabi/6.3.1/../../../../arm-none-eabi/lib/thumb/v7-m/libc_nano.a(lib_a-memcpy-stub.o)
                0x0000000008007a4a                memcpy
 .text.memset   0x0000000008007a60       0x10 /home/Hanz/Ac6/SystemWorkbench/plugins/fr.ac6.mcu.externaltools.arm-none.linux64_1.15.0.201708311556/tools/compiler/bin/../lib/gcc/arm-none-eabi/6.3.1/../../../../arm-none-eabi/lib/thumb/v7-m/libc_nano.a(lib_a-memset.o)
                0x0000000008007a60                memset
 *(.glue_7)
 .glue_7        0x0000000008007a70        0x0 linker stubs
 *(.glue_7t)
 .glue_7t       0x0000000008007a70        0x0 linker stubs
 *(.eh_frame)
 .eh_frame      0x0000000008007a70        0x0 /home/Hanz/Ac6/SystemWorkbench/plugins/fr.ac6.mcu.externaltools.arm-none.linux64_1.15.0.201708311556/tools/compiler/bin/../lib/gcc/arm-none-eabi/6.3.1/thumb/v7-m/crtbegin.o
 *(.init)
 .init          0x0000000008007a70        0x4 /home/Hanz/Ac6/SystemWorkbench/plugins/fr.ac6.mcu.externaltools.arm-none.linux64_1.15.0.201708311556/tools/compiler/bin/../lib/gcc/arm-none-eabi/6.3.1/thumb/v7-m/crti.o
                0x0000000008007a70                _init
 .init          0x0000000008007a74        0x8 /home/Hanz/Ac6/SystemWorkbench/plugins/fr.ac6.mcu.externaltools.arm-none.linux64_1.15.0.201708311556/tools/compiler/bin/../lib/gcc/arm-none-eabi/6.3.1/thumb/v7-m/crtn.o
 *(.fini)
 .fini          0x0000000008007a7c        0x4 /home/Hanz/Ac6/SystemWorkbench/plugins/fr.ac6.mcu.externaltools.arm-none.linux64_1.15.0.201708311556/tools/compiler/bin/../lib/gcc/arm-none-eabi/6.3.1/thumb/v7-m/crti.o
                0x0000000008007a7c                _fini
 .fini          0x0000000008007a80        0x8 /home/Hanz/Ac6/SystemWorkbench/plugins/fr.ac6.mcu.externaltools.arm-none.linux64_1.15.0.201708311556/tools/compiler/bin/../lib/gcc/arm-none-eabi/6.3.1/thumb/v7-m/crtn.o
                0x0000000008007a88                . = ALIGN (0x4)
                0x0000000008007a88                _etext = .

.vfp11_veneer   0x0000000008007a88        0x0
 .vfp11_veneer  0x0000000008007a88        0x0 linker stubs

.v4_bx          0x0000000008007a88        0x0
 .v4_bx         0x0000000008007a88        0x0 linker stubs

.iplt           0x0000000008007a88        0x0
 .iplt          0x0000000008007a88        0x0 /home/Hanz/Ac6/SystemWorkbench/plugins/fr.ac6.mcu.externaltools.arm-none.linux64_1.15.0.201708311556/tools/compiler/bin/../lib/gcc/arm-none-eabi/6.3.1/thumb/v7-m/crtbegin.o

.rodata         0x0000000008007a88      0x240
                0x0000000008007a88                . = ALIGN (0x4)
 *(.rodata)
 .rodata        0x0000000008007a88       0x20 Drivers/STM32F1xx_HAL_Driver/Src/stm32f1xx_hal_rcc.o
 .rodata        0x0000000008007aa8       0x18 Src/system_stm32f1xx.o
                0x0000000008007aa8                AHBPrescTable
                0x0000000008007ab8                APBPrescTable
 *(.rodata*)
 .rodata.str1.4
                0x0000000008007ac0        0xe Src/main.o
 *fill*         0x0000000008007ace        0x2 
 .rodata.str1.4
                0x0000000008007ad0       0x1c Src/stm32f1xx_hal_msp.o
                                         0x1b (size before relaxing)
 .rodata.npio2_hw
                0x0000000008007aec       0x80 /home/Hanz/Ac6/SystemWorkbench/plugins/fr.ac6.mcu.externaltools.arm-none.linux64_1.15.0.201708311556/tools/compiler/bin/../lib/gcc/arm-none-eabi/6.3.1/../../../../arm-none-eabi/lib/thumb/v7-m/libm.a(lib_a-e_rem_pio2.o)
 .rodata.two_over_pi
                0x0000000008007b6c      0x108 /home/Hanz/Ac6/SystemWorkbench/plugins/fr.ac6.mcu.externaltools.arm-none.linux64_1.15.0.201708311556/tools/compiler/bin/../lib/gcc/arm-none-eabi/6.3.1/../../../../arm-none-eabi/lib/thumb/v7-m/libm.a(lib_a-e_rem_pio2.o)
 *fill*         0x0000000008007c74        0x4 
 .rodata.PIo2   0x0000000008007c78       0x40 /home/Hanz/Ac6/SystemWorkbench/plugins/fr.ac6.mcu.externaltools.arm-none.linux64_1.15.0.201708311556/tools/compiler/bin/../lib/gcc/arm-none-eabi/6.3.1/../../../../arm-none-eabi/lib/thumb/v7-m/libm.a(lib_a-k_rem_pio2.o)
 .rodata.init_jk
                0x0000000008007cb8       0x10 /home/Hanz/Ac6/SystemWorkbench/plugins/fr.ac6.mcu.externaltools.arm-none.linux64_1.15.0.201708311556/tools/compiler/bin/../lib/gcc/arm-none-eabi/6.3.1/../../../../arm-none-eabi/lib/thumb/v7-m/libm.a(lib_a-k_rem_pio2.o)
                0x0000000008007cc8                . = ALIGN (0x4)

.ARM.extab
 *(.ARM.extab* .gnu.linkonce.armextab.*)

.ARM            0x0000000008007cc8        0x8
                0x0000000008007cc8                __exidx_start = .
 *(.ARM.exidx*)
 .ARM.exidx     0x0000000008007cc8        0x8 /home/Hanz/Ac6/SystemWorkbench/plugins/fr.ac6.mcu.externaltools.arm-none.linux64_1.15.0.201708311556/tools/compiler/bin/../lib/gcc/arm-none-eabi/6.3.1/thumb/v7-m/libgcc.a(_udivmoddi4.o)
                0x0000000008007cd0                __exidx_end = .

.rel.dyn        0x0000000008007cd0        0x0
 .rel.iplt      0x0000000008007cd0        0x0 /home/Hanz/Ac6/SystemWorkbench/plugins/fr.ac6.mcu.externaltools.arm-none.linux64_1.15.0.201708311556/tools/compiler/bin/../lib/gcc/arm-none-eabi/6.3.1/thumb/v7-m/crtbegin.o

.preinit_array  0x0000000008007cd0        0x0
                0x0000000008007cd0                PROVIDE (__preinit_array_start, .)
 *(.preinit_array*)
                0x0000000008007cd0                PROVIDE (__preinit_array_end, .)

.init_array     0x0000000008007cd0        0x4
                0x0000000008007cd0                PROVIDE (__init_array_start, .)
 *(SORT(.init_array.*))
 *(.init_array*)
 .init_array    0x0000000008007cd0        0x4 /home/Hanz/Ac6/SystemWorkbench/plugins/fr.ac6.mcu.externaltools.arm-none.linux64_1.15.0.201708311556/tools/compiler/bin/../lib/gcc/arm-none-eabi/6.3.1/thumb/v7-m/crtbegin.o
                0x0000000008007cd4                PROVIDE (__init_array_end, .)

.fini_array     0x0000000008007cd4        0x4
                [!provide]                        PROVIDE (__fini_array_start, .)
 *(SORT(.fini_array.*))
 *(.fini_array*)
 .fini_array    0x0000000008007cd4        0x4 /home/Hanz/Ac6/SystemWorkbench/plugins/fr.ac6.mcu.externaltools.arm-none.linux64_1.15.0.201708311556/tools/compiler/bin/../lib/gcc/arm-none-eabi/6.3.1/thumb/v7-m/crtbegin.o
                [!provide]                        PROVIDE (__fini_array_end, .)
                0x0000000008007cd8                _sidata = LOADADDR (.data)

.data           0x0000000020000000       0x24 load address 0x0000000008007cd8
                0x0000000020000000                . = ALIGN (0x4)
                0x0000000020000000                _sdata = .
 *(.data)
 .data          0x0000000020000000        0x8 Drivers/STM32F1xx_HAL_Driver/Src/stm32f1xx_hal.o
                0x0000000020000000                uwTickFreq
                0x0000000020000004                uwTickPrio
 .data          0x0000000020000008       0x12 Src/ECUF_functions.o
                0x0000000020000008                lastsoc
                0x0000000020000010                led
                0x0000000020000018                tmpPhoto
 .data          0x000000002000001a        0x4 Src/ECUF_main.o
                0x000000002000001a                counter
                0x000000002000001c                tempor
 *fill*         0x000000002000001e        0x2 
 .data          0x0000000020000020        0x4 Src/system_stm32f1xx.o
                0x0000000020000020                SystemCoreClock
 *(.data*)
                0x0000000020000024                . = ALIGN (0x4)
                0x0000000020000024                _edata = .

.jcr            0x0000000020000024        0x0 load address 0x0000000008007cfc
 .jcr           0x0000000020000024        0x0 /home/Hanz/Ac6/SystemWorkbench/plugins/fr.ac6.mcu.externaltools.arm-none.linux64_1.15.0.201708311556/tools/compiler/bin/../lib/gcc/arm-none-eabi/6.3.1/thumb/v7-m/crtbegin.o

.igot.plt       0x0000000020000024        0x0 load address 0x0000000008007cfc
 .igot.plt      0x0000000020000024        0x0 /home/Hanz/Ac6/SystemWorkbench/plugins/fr.ac6.mcu.externaltools.arm-none.linux64_1.15.0.201708311556/tools/compiler/bin/../lib/gcc/arm-none-eabi/6.3.1/thumb/v7-m/crtbegin.o
                0x0000000020000024                . = ALIGN (0x4)

.bss            0x0000000020000028      0x600 load address 0x0000000008007cfc
                0x0000000020000028                _sbss = .
                0x0000000020000028                __bss_start__ = _sbss
 *(.bss)
 .bss           0x0000000020000028       0x1c /home/Hanz/Ac6/SystemWorkbench/plugins/fr.ac6.mcu.externaltools.arm-none.linux64_1.15.0.201708311556/tools/compiler/bin/../lib/gcc/arm-none-eabi/6.3.1/thumb/v7-m/crtbegin.o
 *fill*         0x0000000020000044        0x4 
 .bss           0x0000000020000048       0x1c Src/ECUF_functions.o
                0x0000000020000048                timer
                0x0000000020000050                soc
                0x0000000020000052                shift
                0x0000000020000053                tmp
                0x0000000020000054                state
                0x0000000020000056                i
                0x0000000020000058                timer2
                0x0000000020000060                valueControl
 .bss           0x0000000020000064        0x2 Src/ECUF_main.o
                0x0000000020000064                counter1
 *fill*         0x0000000020000066        0x2 
 .bss           0x0000000020000068      0x114 Src/can.o
 .bss           0x000000002000017c        0x4 Src/stm32f1xx_hal_msp.o
 .bss           0x0000000020000180        0x4 Src/stm32f1xx_it.o
                0x0000000020000180                timer1
 *(.bss*)
 *(COMMON)
 COMMON         0x0000000020000184        0x5 Drivers/STM32F1xx_HAL_Driver/Src/stm32f1xx_hal.o
                0x0000000020000184                uwTick
                0x0000000020000188                stateP
 *fill*         0x0000000020000189        0x3 
 COMMON         0x000000002000018c       0x14 Src/ECUF_functions.o
                0x000000002000018c                dataRed
                0x0000000020000194                dataGreen
                0x000000002000019c                value
 COMMON         0x00000000200001a0       0xaa Src/ECUF_main.o
                0x00000000200001a0                disSup
                0x00000000200001a8                statusP
                0x00000000200001b0                statusA
                0x00000000200001cc                statusVdcu
                0x00000000200001d8                estimationA
                0x00000000200001e0                temp
                0x00000000200001e8                dashBoard
                0x00000000200001f0                calibration
                0x00000000200001f4                statusBack
                0x0000000020000228                steering
                0x0000000020000230                statusFront
 *fill*         0x000000002000024a        0x2 
 COMMON         0x000000002000024c       0x1c Src/canFun.o
                0x000000002000024c                txMsg
 COMMON         0x0000000020000268       0xe4 Src/can_ECUF.o
                0x0000000020000268                ECUA_Estimation_data
                0x0000000020000270                VDCU_Status_status
                0x0000000020000280                ECUF_REQCalibSTW_status
                0x0000000020000290                ECUF_Status_last_sent
                0x0000000020000294                ECUF_REQCalibSTW_data
                0x0000000020000298                VDCU_Status_data
                0x00000000200002a4                ECUA_Status_data
                0x00000000200002c0                ECUB_Status_data
                0x00000000200002f4                ECUF_STW_last_sent
                0x00000000200002f8                ECUF_DISSusp_last_sent
                0x00000000200002fc                ECUA_Status_status
                0x000000002000030c                ECUP_Status_data
                0x0000000020000314                ECUF_Dashboard_last_sent
                0x0000000020000318                ECUA_Estimation_status
                0x0000000020000328                ECUF_TEMPSuspF_last_sent
                0x000000002000032c                ECUB_Status_status
                0x000000002000033c                ECUP_Status_status
 COMMON         0x000000002000034c      0x2dc Src/main.o
                0x000000002000034c                hspi2
                0x00000000200003a4                canRxMsg2
                0x00000000200003c8                canRxMsg1
                0x00000000200003ec                htim3
                0x000000002000042c                hadc1
                0x000000002000045c                hcan2
                0x00000000200004a0                photo
                0x00000000200004a4                buffer
                0x00000000200004c8                adc
                0x00000000200004ec                hdma_adc1
                0x0000000020000530                htim1
                0x0000000020000570                hspi1
                0x00000000200005c8                hcan1
                0x000000002000060c                canTxMsg1
                0x0000000020000628                . = ALIGN (0x4)
                0x0000000020000628                _ebss = .
                0x0000000020000628                __bss_end__ = _ebss

._user_heap_stack
                0x0000000020000628      0x600 load address 0x0000000008007cfc
                0x0000000020000628                . = ALIGN (0x8)
                [!provide]                        PROVIDE (end, .)
                [!provide]                        PROVIDE (_end, .)
                0x0000000020000828                . = (. + _Min_Heap_Size)
 *fill*         0x0000000020000628      0x200 
                0x0000000020000c28                . = (. + _Min_Stack_Size)
 *fill*         0x0000000020000828      0x400 
                0x0000000020000c28                . = ALIGN (0x8)

/DISCARD/
 libc.a(*)
 libm.a(*)
 libgcc.a(*)

.ARM.attributes
                0x0000000000000000       0x29
 *(.ARM.attributes)
 .ARM.attributes
                0x0000000000000000       0x1d /home/Hanz/Ac6/SystemWorkbench/plugins/fr.ac6.mcu.externaltools.arm-none.linux64_1.15.0.201708311556/tools/compiler/bin/../lib/gcc/arm-none-eabi/6.3.1/thumb/v7-m/crti.o
 .ARM.attributes
                0x000000000000001d       0x2d /home/Hanz/Ac6/SystemWorkbench/plugins/fr.ac6.mcu.externaltools.arm-none.linux64_1.15.0.201708311556/tools/compiler/bin/../lib/gcc/arm-none-eabi/6.3.1/thumb/v7-m/crtbegin.o
 .ARM.attributes
                0x000000000000004a       0x33 Drivers/STM32F1xx_HAL_Driver/Src/stm32f1xx_hal.o
 .ARM.attributes
                0x000000000000007d       0x33 Drivers/STM32F1xx_HAL_Driver/Src/stm32f1xx_hal_adc.o
 .ARM.attributes
                0x00000000000000b0       0x33 Drivers/STM32F1xx_HAL_Driver/Src/stm32f1xx_hal_adc_ex.o
 .ARM.attributes
                0x00000000000000e3       0x33 Drivers/STM32F1xx_HAL_Driver/Src/stm32f1xx_hal_can.o
 .ARM.attributes
                0x0000000000000116       0x33 Drivers/STM32F1xx_HAL_Driver/Src/stm32f1xx_hal_cortex.o
 .ARM.attributes
                0x0000000000000149       0x33 Drivers/STM32F1xx_HAL_Driver/Src/stm32f1xx_hal_dma.o
 .ARM.attributes
                0x000000000000017c       0x33 Drivers/STM32F1xx_HAL_Driver/Src/stm32f1xx_hal_gpio.o
 .ARM.attributes
                0x00000000000001af       0x33 Drivers/STM32F1xx_HAL_Driver/Src/stm32f1xx_hal_rcc.o
 .ARM.attributes
                0x00000000000001e2       0x33 Drivers/STM32F1xx_HAL_Driver/Src/stm32f1xx_hal_rcc_ex.o
 .ARM.attributes
                0x0000000000000215       0x33 Drivers/STM32F1xx_HAL_Driver/Src/stm32f1xx_hal_spi.o
 .ARM.attributes
                0x0000000000000248       0x33 Drivers/STM32F1xx_HAL_Driver/Src/stm32f1xx_hal_spi_ex.o
 .ARM.attributes
                0x000000000000027b       0x33 Drivers/STM32F1xx_HAL_Driver/Src/stm32f1xx_hal_tim.o
 .ARM.attributes
                0x00000000000002ae       0x33 Drivers/STM32F1xx_HAL_Driver/Src/stm32f1xx_hal_tim_ex.o
 .ARM.attributes
                0x00000000000002e1       0x33 Src/ECUF_functions.o
 .ARM.attributes
                0x0000000000000314       0x33 Src/ECUF_main.o
 .ARM.attributes
                0x0000000000000347       0x33 Src/can.o
 .ARM.attributes
                0x000000000000037a       0x33 Src/canFun.o
 .ARM.attributes
                0x00000000000003ad       0x33 Src/can_ECUF.o
 .ARM.attributes
                0x00000000000003e0       0x33 Src/can_eforce_init.o
 .ARM.attributes
                0x0000000000000413       0x33 Src/main.o
 .ARM.attributes
                0x0000000000000446       0x33 Src/ringbuf.o
 .ARM.attributes
                0x0000000000000479       0x33 Src/stm32f1xx_hal_msp.o
 .ARM.attributes
                0x00000000000004ac       0x33 Src/stm32f1xx_it.o
 .ARM.attributes
                0x00000000000004df       0x33 Src/system_stm32f1xx.o
 .ARM.attributes
                0x0000000000000512       0x21 startup/startup_stm32f105xc.o
 .ARM.attributes
                0x0000000000000533       0x2d /home/Hanz/Ac6/SystemWorkbench/plugins/fr.ac6.mcu.externaltools.arm-none.linux64_1.15.0.201708311556/tools/compiler/bin/../lib/gcc/arm-none-eabi/6.3.1/../../../../arm-none-eabi/lib/thumb/v7-m/libm.a(lib_a-s_sin.o)
 .ARM.attributes
                0x0000000000000560       0x2d /home/Hanz/Ac6/SystemWorkbench/plugins/fr.ac6.mcu.externaltools.arm-none.linux64_1.15.0.201708311556/tools/compiler/bin/../lib/gcc/arm-none-eabi/6.3.1/../../../../arm-none-eabi/lib/thumb/v7-m/libm.a(lib_a-e_rem_pio2.o)
 .ARM.attributes
                0x000000000000058d       0x2d /home/Hanz/Ac6/SystemWorkbench/plugins/fr.ac6.mcu.externaltools.arm-none.linux64_1.15.0.201708311556/tools/compiler/bin/../lib/gcc/arm-none-eabi/6.3.1/../../../../arm-none-eabi/lib/thumb/v7-m/libm.a(lib_a-k_cos.o)
 .ARM.attributes
                0x00000000000005ba       0x2d /home/Hanz/Ac6/SystemWorkbench/plugins/fr.ac6.mcu.externaltools.arm-none.linux64_1.15.0.201708311556/tools/compiler/bin/../lib/gcc/arm-none-eabi/6.3.1/../../../../arm-none-eabi/lib/thumb/v7-m/libm.a(lib_a-k_rem_pio2.o)
 .ARM.attributes
                0x00000000000005e7       0x2d /home/Hanz/Ac6/SystemWorkbench/plugins/fr.ac6.mcu.externaltools.arm-none.linux64_1.15.0.201708311556/tools/compiler/bin/../lib/gcc/arm-none-eabi/6.3.1/../../../../arm-none-eabi/lib/thumb/v7-m/libm.a(lib_a-k_sin.o)
 .ARM.attributes
                0x0000000000000614       0x2d /home/Hanz/Ac6/SystemWorkbench/plugins/fr.ac6.mcu.externaltools.arm-none.linux64_1.15.0.201708311556/tools/compiler/bin/../lib/gcc/arm-none-eabi/6.3.1/../../../../arm-none-eabi/lib/thumb/v7-m/libm.a(lib_a-s_fabs.o)
 .ARM.attributes
                0x0000000000000641       0x2d /home/Hanz/Ac6/SystemWorkbench/plugins/fr.ac6.mcu.externaltools.arm-none.linux64_1.15.0.201708311556/tools/compiler/bin/../lib/gcc/arm-none-eabi/6.3.1/../../../../arm-none-eabi/lib/thumb/v7-m/libm.a(lib_a-s_floor.o)
 .ARM.attributes
                0x000000000000066e       0x2d /home/Hanz/Ac6/SystemWorkbench/plugins/fr.ac6.mcu.externaltools.arm-none.linux64_1.15.0.201708311556/tools/compiler/bin/../lib/gcc/arm-none-eabi/6.3.1/../../../../arm-none-eabi/lib/thumb/v7-m/libm.a(lib_a-s_scalbn.o)
 .ARM.attributes
                0x000000000000069b       0x2d /home/Hanz/Ac6/SystemWorkbench/plugins/fr.ac6.mcu.externaltools.arm-none.linux64_1.15.0.201708311556/tools/compiler/bin/../lib/gcc/arm-none-eabi/6.3.1/../../../../arm-none-eabi/lib/thumb/v7-m/libm.a(lib_a-s_copysign.o)
 .ARM.attributes
                0x00000000000006c8       0x1d /home/Hanz/Ac6/SystemWorkbench/plugins/fr.ac6.mcu.externaltools.arm-none.linux64_1.15.0.201708311556/tools/compiler/bin/../lib/gcc/arm-none-eabi/6.3.1/thumb/v7-m/libgcc.a(_arm_addsubdf3.o)
 .ARM.attributes
                0x00000000000006e5       0x1d /home/Hanz/Ac6/SystemWorkbench/plugins/fr.ac6.mcu.externaltools.arm-none.linux64_1.15.0.201708311556/tools/compiler/bin/../lib/gcc/arm-none-eabi/6.3.1/thumb/v7-m/libgcc.a(_arm_muldivdf3.o)
 .ARM.attributes
                0x0000000000000702       0x1d /home/Hanz/Ac6/SystemWorkbench/plugins/fr.ac6.mcu.externaltools.arm-none.linux64_1.15.0.201708311556/tools/compiler/bin/../lib/gcc/arm-none-eabi/6.3.1/thumb/v7-m/libgcc.a(_arm_cmpdf2.o)
 .ARM.attributes
                0x000000000000071f       0x1d /home/Hanz/Ac6/SystemWorkbench/plugins/fr.ac6.mcu.externaltools.arm-none.linux64_1.15.0.201708311556/tools/compiler/bin/../lib/gcc/arm-none-eabi/6.3.1/thumb/v7-m/libgcc.a(_arm_fixdfsi.o)
 .ARM.attributes
                0x000000000000073c       0x1d /home/Hanz/Ac6/SystemWorkbench/plugins/fr.ac6.mcu.externaltools.arm-none.linux64_1.15.0.201708311556/tools/compiler/bin/../lib/gcc/arm-none-eabi/6.3.1/thumb/v7-m/libgcc.a(_arm_fixunsdfsi.o)
 .ARM.attributes
                0x0000000000000759       0x1d /home/Hanz/Ac6/SystemWorkbench/plugins/fr.ac6.mcu.externaltools.arm-none.linux64_1.15.0.201708311556/tools/compiler/bin/../lib/gcc/arm-none-eabi/6.3.1/thumb/v7-m/libgcc.a(_arm_addsubsf3.o)
 .ARM.attributes
                0x0000000000000776       0x1d /home/Hanz/Ac6/SystemWorkbench/plugins/fr.ac6.mcu.externaltools.arm-none.linux64_1.15.0.201708311556/tools/compiler/bin/../lib/gcc/arm-none-eabi/6.3.1/thumb/v7-m/libgcc.a(_arm_muldivsf3.o)
 .ARM.attributes
                0x0000000000000793       0x1d /home/Hanz/Ac6/SystemWorkbench/plugins/fr.ac6.mcu.externaltools.arm-none.linux64_1.15.0.201708311556/tools/compiler/bin/../lib/gcc/arm-none-eabi/6.3.1/thumb/v7-m/libgcc.a(_arm_fixsfsi.o)
 .ARM.attributes
                0x00000000000007b0       0x1d /home/Hanz/Ac6/SystemWorkbench/plugins/fr.ac6.mcu.externaltools.arm-none.linux64_1.15.0.201708311556/tools/compiler/bin/../lib/gcc/arm-none-eabi/6.3.1/thumb/v7-m/libgcc.a(_aeabi_uldivmod.o)
 .ARM.attributes
                0x00000000000007cd       0x2d /home/Hanz/Ac6/SystemWorkbench/plugins/fr.ac6.mcu.externaltools.arm-none.linux64_1.15.0.201708311556/tools/compiler/bin/../lib/gcc/arm-none-eabi/6.3.1/thumb/v7-m/libgcc.a(_udivmoddi4.o)
 .ARM.attributes
                0x00000000000007fa       0x1d /home/Hanz/Ac6/SystemWorkbench/plugins/fr.ac6.mcu.externaltools.arm-none.linux64_1.15.0.201708311556/tools/compiler/bin/../lib/gcc/arm-none-eabi/6.3.1/thumb/v7-m/libgcc.a(_dvmd_tls.o)
 .ARM.attributes
                0x0000000000000817       0x2d /home/Hanz/Ac6/SystemWorkbench/plugins/fr.ac6.mcu.externaltools.arm-none.linux64_1.15.0.201708311556/tools/compiler/bin/../lib/gcc/arm-none-eabi/6.3.1/../../../../arm-none-eabi/lib/thumb/v7-m/libc_nano.a(lib_a-memcmp.o)
 .ARM.attributes
                0x0000000000000844       0x2d /home/Hanz/Ac6/SystemWorkbench/plugins/fr.ac6.mcu.externaltools.arm-none.linux64_1.15.0.201708311556/tools/compiler/bin/../lib/gcc/arm-none-eabi/6.3.1/../../../../arm-none-eabi/lib/thumb/v7-m/libc_nano.a(lib_a-memcpy-stub.o)
 .ARM.attributes
                0x0000000000000871       0x2d /home/Hanz/Ac6/SystemWorkbench/plugins/fr.ac6.mcu.externaltools.arm-none.linux64_1.15.0.201708311556/tools/compiler/bin/../lib/gcc/arm-none-eabi/6.3.1/../../../../arm-none-eabi/lib/thumb/v7-m/libc_nano.a(lib_a-memset.o)
 .ARM.attributes
                0x000000000000089e       0x1d /home/Hanz/Ac6/SystemWorkbench/plugins/fr.ac6.mcu.externaltools.arm-none.linux64_1.15.0.201708311556/tools/compiler/bin/../lib/gcc/arm-none-eabi/6.3.1/thumb/v7-m/crtn.o
OUTPUT(front.elf elf32-littlearm)

.debug_info     0x0000000000000000    0x243aa
 .debug_info    0x0000000000000000     0x1052 Drivers/STM32F1xx_HAL_Driver/Src/stm32f1xx_hal.o
 .debug_info    0x0000000000001052     0x1649 Drivers/STM32F1xx_HAL_Driver/Src/stm32f1xx_hal_adc.o
 .debug_info    0x000000000000269b     0x1382 Drivers/STM32F1xx_HAL_Driver/Src/stm32f1xx_hal_adc_ex.o
 .debug_info    0x0000000000003a1d     0x14db Drivers/STM32F1xx_HAL_Driver/Src/stm32f1xx_hal_can.o
 .debug_info    0x0000000000004ef8     0x1509 Drivers/STM32F1xx_HAL_Driver/Src/stm32f1xx_hal_cortex.o
 .debug_info    0x0000000000006401     0x1045 Drivers/STM32F1xx_HAL_Driver/Src/stm32f1xx_hal_dma.o
 .debug_info    0x0000000000007446      0xed3 Drivers/STM32F1xx_HAL_Driver/Src/stm32f1xx_hal_gpio.o
 .debug_info    0x0000000000008319     0x131c Drivers/STM32F1xx_HAL_Driver/Src/stm32f1xx_hal_rcc.o
 .debug_info    0x0000000000009635      0xef9 Drivers/STM32F1xx_HAL_Driver/Src/stm32f1xx_hal_rcc_ex.o
 .debug_info    0x000000000000a52e     0x218b Drivers/STM32F1xx_HAL_Driver/Src/stm32f1xx_hal_spi.o
 .debug_info    0x000000000000c6b9      0xe63 Drivers/STM32F1xx_HAL_Driver/Src/stm32f1xx_hal_spi_ex.o
 .debug_info    0x000000000000d51c     0x3683 Drivers/STM32F1xx_HAL_Driver/Src/stm32f1xx_hal_tim.o
 .debug_info    0x0000000000010b9f     0x1ad7 Drivers/STM32F1xx_HAL_Driver/Src/stm32f1xx_hal_tim_ex.o
 .debug_info    0x0000000000012676     0x27b0 Src/ECUF_functions.o
 .debug_info    0x0000000000014e26     0x17e0 Src/ECUF_main.o
 .debug_info    0x0000000000016606      0xd1e Src/can.o
 .debug_info    0x0000000000017324      0xff2 Src/canFun.o
 .debug_info    0x0000000000018316     0x2c3c Src/can_ECUF.o
 .debug_info    0x000000000001af52     0x12cb Src/can_eforce_init.o
 .debug_info    0x000000000001c21d     0x2cdf Src/main.o
 .debug_info    0x000000000001eefc      0xb48 Src/ringbuf.o
 .debug_info    0x000000000001fa44     0x2435 Src/stm32f1xx_hal_msp.o
 .debug_info    0x0000000000021e79     0x183b Src/stm32f1xx_it.o
 .debug_info    0x00000000000236b4      0xc8a Src/system_stm32f1xx.o
 .debug_info    0x000000000002433e       0x6c startup/startup_stm32f105xc.o

.debug_abbrev   0x0000000000000000     0x45c3
 .debug_abbrev  0x0000000000000000      0x303 Drivers/STM32F1xx_HAL_Driver/Src/stm32f1xx_hal.o
 .debug_abbrev  0x0000000000000303      0x2b7 Drivers/STM32F1xx_HAL_Driver/Src/stm32f1xx_hal_adc.o
 .debug_abbrev  0x00000000000005ba      0x2f3 Drivers/STM32F1xx_HAL_Driver/Src/stm32f1xx_hal_adc_ex.o
 .debug_abbrev  0x00000000000008ad      0x2fe Drivers/STM32F1xx_HAL_Driver/Src/stm32f1xx_hal_can.o
 .debug_abbrev  0x0000000000000bab      0x3ed Drivers/STM32F1xx_HAL_Driver/Src/stm32f1xx_hal_cortex.o
 .debug_abbrev  0x0000000000000f98      0x2f6 Drivers/STM32F1xx_HAL_Driver/Src/stm32f1xx_hal_dma.o
 .debug_abbrev  0x000000000000128e      0x2c7 Drivers/STM32F1xx_HAL_Driver/Src/stm32f1xx_hal_gpio.o
 .debug_abbrev  0x0000000000001555      0x371 Drivers/STM32F1xx_HAL_Driver/Src/stm32f1xx_hal_rcc.o
 .debug_abbrev  0x00000000000018c6      0x2d6 Drivers/STM32F1xx_HAL_Driver/Src/stm32f1xx_hal_rcc_ex.o
 .debug_abbrev  0x0000000000001b9c      0x301 Drivers/STM32F1xx_HAL_Driver/Src/stm32f1xx_hal_spi.o
 .debug_abbrev  0x0000000000001e9d      0x229 Drivers/STM32F1xx_HAL_Driver/Src/stm32f1xx_hal_spi_ex.o
 .debug_abbrev  0x00000000000020c6      0x30d Drivers/STM32F1xx_HAL_Driver/Src/stm32f1xx_hal_tim.o
 .debug_abbrev  0x00000000000023d3      0x2fe Drivers/STM32F1xx_HAL_Driver/Src/stm32f1xx_hal_tim_ex.o
 .debug_abbrev  0x00000000000026d1      0x385 Src/ECUF_functions.o
 .debug_abbrev  0x0000000000002a56      0x2ac Src/ECUF_main.o
 .debug_abbrev  0x0000000000002d02      0x2b9 Src/can.o
 .debug_abbrev  0x0000000000002fbb      0x29d Src/canFun.o
 .debug_abbrev  0x0000000000003258      0x31c Src/can_ECUF.o
 .debug_abbrev  0x0000000000003574      0x294 Src/can_eforce_init.o
 .debug_abbrev  0x0000000000003808      0x377 Src/main.o
 .debug_abbrev  0x0000000000003b7f      0x267 Src/ringbuf.o
 .debug_abbrev  0x0000000000003de6      0x2f1 Src/stm32f1xx_hal_msp.o
 .debug_abbrev  0x00000000000040d7      0x2aa Src/stm32f1xx_it.o
 .debug_abbrev  0x0000000000004381      0x230 Src/system_stm32f1xx.o
 .debug_abbrev  0x00000000000045b1       0x12 startup/startup_stm32f105xc.o

.debug_loc      0x0000000000000000     0xb678
 .debug_loc     0x0000000000000000      0x108 Drivers/STM32F1xx_HAL_Driver/Src/stm32f1xx_hal.o
 .debug_loc     0x0000000000000108      0x952 Drivers/STM32F1xx_HAL_Driver/Src/stm32f1xx_hal_adc.o
 .debug_loc     0x0000000000000a5a      0x772 Drivers/STM32F1xx_HAL_Driver/Src/stm32f1xx_hal_adc_ex.o
 .debug_loc     0x00000000000011cc      0xd22 Drivers/STM32F1xx_HAL_Driver/Src/stm32f1xx_hal_can.o
 .debug_loc     0x0000000000001eee      0x5ad Drivers/STM32F1xx_HAL_Driver/Src/stm32f1xx_hal_cortex.o
 .debug_loc     0x000000000000249b      0x718 Drivers/STM32F1xx_HAL_Driver/Src/stm32f1xx_hal_dma.o
 .debug_loc     0x0000000000002bb3      0x42d Drivers/STM32F1xx_HAL_Driver/Src/stm32f1xx_hal_gpio.o
 .debug_loc     0x0000000000002fe0      0x5e2 Drivers/STM32F1xx_HAL_Driver/Src/stm32f1xx_hal_rcc.o
 .debug_loc     0x00000000000035c2      0x605 Drivers/STM32F1xx_HAL_Driver/Src/stm32f1xx_hal_rcc_ex.o
 .debug_loc     0x0000000000003bc7     0x19a5 Drivers/STM32F1xx_HAL_Driver/Src/stm32f1xx_hal_spi.o
 .debug_loc     0x000000000000556c       0x4d Drivers/STM32F1xx_HAL_Driver/Src/stm32f1xx_hal_spi_ex.o
 .debug_loc     0x00000000000055b9     0x34c7 Drivers/STM32F1xx_HAL_Driver/Src/stm32f1xx_hal_tim.o
 .debug_loc     0x0000000000008a80      0xf2e Drivers/STM32F1xx_HAL_Driver/Src/stm32f1xx_hal_tim_ex.o
 .debug_loc     0x00000000000099ae      0x15e Src/ECUF_functions.o
 .debug_loc     0x0000000000009b0c       0xa0 Src/can.o
 .debug_loc     0x0000000000009bac       0xca Src/canFun.o
 .debug_loc     0x0000000000009c76     0x11ad Src/can_ECUF.o
 .debug_loc     0x000000000000ae23      0x101 Src/can_eforce_init.o
 .debug_loc     0x000000000000af24       0x6c Src/main.o
 .debug_loc     0x000000000000af90      0x274 Src/ringbuf.o
 .debug_loc     0x000000000000b204      0x2b0 Src/stm32f1xx_hal_msp.o
 .debug_loc     0x000000000000b4b4      0x1c4 Src/system_stm32f1xx.o

.debug_aranges  0x0000000000000000     0x1090
 .debug_aranges
                0x0000000000000000       0xd0 Drivers/STM32F1xx_HAL_Driver/Src/stm32f1xx_hal.o
 .debug_aranges
                0x00000000000000d0       0xf0 Drivers/STM32F1xx_HAL_Driver/Src/stm32f1xx_hal_adc.o
 .debug_aranges
                0x00000000000001c0       0x80 Drivers/STM32F1xx_HAL_Driver/Src/stm32f1xx_hal_adc_ex.o
 .debug_aranges
                0x0000000000000240       0xb0 Drivers/STM32F1xx_HAL_Driver/Src/stm32f1xx_hal_can.o
 .debug_aranges
                0x00000000000002f0       0x90 Drivers/STM32F1xx_HAL_Driver/Src/stm32f1xx_hal_cortex.o
 .debug_aranges
                0x0000000000000380       0x80 Drivers/STM32F1xx_HAL_Driver/Src/stm32f1xx_hal_dma.o
 .debug_aranges
                0x0000000000000400       0x58 Drivers/STM32F1xx_HAL_Driver/Src/stm32f1xx_hal_gpio.o
 .debug_aranges
                0x0000000000000458       0x90 Drivers/STM32F1xx_HAL_Driver/Src/stm32f1xx_hal_rcc.o
 .debug_aranges
                0x00000000000004e8       0x50 Drivers/STM32F1xx_HAL_Driver/Src/stm32f1xx_hal_rcc_ex.o
 .debug_aranges
                0x0000000000000538      0x1d0 Drivers/STM32F1xx_HAL_Driver/Src/stm32f1xx_hal_spi.o
 .debug_aranges
                0x0000000000000708       0x20 Drivers/STM32F1xx_HAL_Driver/Src/stm32f1xx_hal_spi_ex.o
 .debug_aranges
                0x0000000000000728      0x368 Drivers/STM32F1xx_HAL_Driver/Src/stm32f1xx_hal_tim.o
 .debug_aranges
                0x0000000000000a90      0x138 Drivers/STM32F1xx_HAL_Driver/Src/stm32f1xx_hal_tim_ex.o
 .debug_aranges
                0x0000000000000bc8       0x70 Src/ECUF_functions.o
 .debug_aranges
                0x0000000000000c38       0x28 Src/ECUF_main.o
 .debug_aranges
                0x0000000000000c60       0x48 Src/can.o
 .debug_aranges
                0x0000000000000ca8       0x30 Src/canFun.o
 .debug_aranges
                0x0000000000000cd8      0x160 Src/can_ECUF.o
 .debug_aranges
                0x0000000000000e38       0x20 Src/can_eforce_init.o
 .debug_aranges
                0x0000000000000e58       0x88 Src/main.o
 .debug_aranges
                0x0000000000000ee0       0x40 Src/ringbuf.o
 .debug_aranges
                0x0000000000000f20       0x68 Src/stm32f1xx_hal_msp.o
 .debug_aranges
                0x0000000000000f88       0xb8 Src/stm32f1xx_it.o
 .debug_aranges
                0x0000000000001040       0x28 Src/system_stm32f1xx.o
 .debug_aranges
                0x0000000000001068       0x28 startup/startup_stm32f105xc.o

.debug_ranges   0x0000000000000000      0xfe8
 .debug_ranges  0x0000000000000000       0xc0 Drivers/STM32F1xx_HAL_Driver/Src/stm32f1xx_hal.o
 .debug_ranges  0x00000000000000c0       0xe0 Drivers/STM32F1xx_HAL_Driver/Src/stm32f1xx_hal_adc.o
 .debug_ranges  0x00000000000001a0       0x70 Drivers/STM32F1xx_HAL_Driver/Src/stm32f1xx_hal_adc_ex.o
 .debug_ranges  0x0000000000000210       0xa0 Drivers/STM32F1xx_HAL_Driver/Src/stm32f1xx_hal_can.o
 .debug_ranges  0x00000000000002b0       0xe0 Drivers/STM32F1xx_HAL_Driver/Src/stm32f1xx_hal_cortex.o
 .debug_ranges  0x0000000000000390       0x70 Drivers/STM32F1xx_HAL_Driver/Src/stm32f1xx_hal_dma.o
 .debug_ranges  0x0000000000000400       0x48 Drivers/STM32F1xx_HAL_Driver/Src/stm32f1xx_hal_gpio.o
 .debug_ranges  0x0000000000000448       0xa0 Drivers/STM32F1xx_HAL_Driver/Src/stm32f1xx_hal_rcc.o
 .debug_ranges  0x00000000000004e8       0x58 Drivers/STM32F1xx_HAL_Driver/Src/stm32f1xx_hal_rcc_ex.o
 .debug_ranges  0x0000000000000540      0x1c0 Drivers/STM32F1xx_HAL_Driver/Src/stm32f1xx_hal_spi.o
 .debug_ranges  0x0000000000000700       0x10 Drivers/STM32F1xx_HAL_Driver/Src/stm32f1xx_hal_spi_ex.o
 .debug_ranges  0x0000000000000710      0x358 Drivers/STM32F1xx_HAL_Driver/Src/stm32f1xx_hal_tim.o
 .debug_ranges  0x0000000000000a68      0x128 Drivers/STM32F1xx_HAL_Driver/Src/stm32f1xx_hal_tim_ex.o
 .debug_ranges  0x0000000000000b90       0xa8 Src/ECUF_functions.o
 .debug_ranges  0x0000000000000c38       0x18 Src/ECUF_main.o
 .debug_ranges  0x0000000000000c50       0x38 Src/can.o
 .debug_ranges  0x0000000000000c88       0x20 Src/canFun.o
 .debug_ranges  0x0000000000000ca8      0x150 Src/can_ECUF.o
 .debug_ranges  0x0000000000000df8       0x10 Src/can_eforce_init.o
 .debug_ranges  0x0000000000000e08       0x78 Src/main.o
 .debug_ranges  0x0000000000000e80       0x30 Src/ringbuf.o
 .debug_ranges  0x0000000000000eb0       0x58 Src/stm32f1xx_hal_msp.o
 .debug_ranges  0x0000000000000f08       0xa8 Src/stm32f1xx_it.o
 .debug_ranges  0x0000000000000fb0       0x18 Src/system_stm32f1xx.o
 .debug_ranges  0x0000000000000fc8       0x20 startup/startup_stm32f105xc.o

.debug_macro    0x0000000000000000    0x1f87f
 .debug_macro   0x0000000000000000      0x337 Drivers/STM32F1xx_HAL_Driver/Src/stm32f1xx_hal.o
 .debug_macro   0x0000000000000337      0x8c2 Drivers/STM32F1xx_HAL_Driver/Src/stm32f1xx_hal.o
 .debug_macro   0x0000000000000bf9      0x209 Drivers/STM32F1xx_HAL_Driver/Src/stm32f1xx_hal.o
 .debug_macro   0x0000000000000e02      0x17b Drivers/STM32F1xx_HAL_Driver/Src/stm32f1xx_hal.o
 .debug_macro   0x0000000000000f7d       0x2e Drivers/STM32F1xx_HAL_Driver/Src/stm32f1xx_hal.o
 .debug_macro   0x0000000000000fab       0x22 Drivers/STM32F1xx_HAL_Driver/Src/stm32f1xx_hal.o
 .debug_macro   0x0000000000000fcd       0x22 Drivers/STM32F1xx_HAL_Driver/Src/stm32f1xx_hal.o
 .debug_macro   0x0000000000000fef       0x87 Drivers/STM32F1xx_HAL_Driver/Src/stm32f1xx_hal.o
 .debug_macro   0x0000000000001076       0x51 Drivers/STM32F1xx_HAL_Driver/Src/stm32f1xx_hal.o
 .debug_macro   0x00000000000010c7       0xef Drivers/STM32F1xx_HAL_Driver/Src/stm32f1xx_hal.o
 .debug_macro   0x00000000000011b6       0x6a Drivers/STM32F1xx_HAL_Driver/Src/stm32f1xx_hal.o
 .debug_macro   0x0000000000001220      0x1df Drivers/STM32F1xx_HAL_Driver/Src/stm32f1xx_hal.o
 .debug_macro   0x00000000000013ff       0x34 Drivers/STM32F1xx_HAL_Driver/Src/stm32f1xx_hal.o
 .debug_macro   0x0000000000001433       0x34 Drivers/STM32F1xx_HAL_Driver/Src/stm32f1xx_hal.o
 .debug_macro   0x0000000000001467      0xb8e Drivers/STM32F1xx_HAL_Driver/Src/stm32f1xx_hal.o
 .debug_macro   0x0000000000001ff5    0x15177 Drivers/STM32F1xx_HAL_Driver/Src/stm32f1xx_hal.o
 .debug_macro   0x000000000001716c       0x43 Drivers/STM32F1xx_HAL_Driver/Src/stm32f1xx_hal.o
 .debug_macro   0x00000000000171af       0x58 Drivers/STM32F1xx_HAL_Driver/Src/stm32f1xx_hal.o
 .debug_macro   0x0000000000017207       0x35 Drivers/STM32F1xx_HAL_Driver/Src/stm32f1xx_hal.o
 .debug_macro   0x000000000001723c       0x9c Drivers/STM32F1xx_HAL_Driver/Src/stm32f1xx_hal.o
 .debug_macro   0x00000000000172d8       0x16 Drivers/STM32F1xx_HAL_Driver/Src/stm32f1xx_hal.o
 .debug_macro   0x00000000000172ee       0x97 Drivers/STM32F1xx_HAL_Driver/Src/stm32f1xx_hal.o
 .debug_macro   0x0000000000017385      0x330 Drivers/STM32F1xx_HAL_Driver/Src/stm32f1xx_hal.o
 .debug_macro   0x00000000000176b5       0xfd Drivers/STM32F1xx_HAL_Driver/Src/stm32f1xx_hal.o
 .debug_macro   0x00000000000177b2       0x10 Drivers/STM32F1xx_HAL_Driver/Src/stm32f1xx_hal.o
 .debug_macro   0x00000000000177c2       0x58 Drivers/STM32F1xx_HAL_Driver/Src/stm32f1xx_hal.o
 .debug_macro   0x000000000001781a       0x1f Drivers/STM32F1xx_HAL_Driver/Src/stm32f1xx_hal.o
 .debug_macro   0x0000000000017839       0x43 Drivers/STM32F1xx_HAL_Driver/Src/stm32f1xx_hal.o
 .debug_macro   0x000000000001787c       0x20 Drivers/STM32F1xx_HAL_Driver/Src/stm32f1xx_hal.o
 .debug_macro   0x000000000001789c      0x187 Drivers/STM32F1xx_HAL_Driver/Src/stm32f1xx_hal.o
 .debug_macro   0x0000000000017a23       0x10 Drivers/STM32F1xx_HAL_Driver/Src/stm32f1xx_hal.o
 .debug_macro   0x0000000000017a33       0x1c Drivers/STM32F1xx_HAL_Driver/Src/stm32f1xx_hal.o
 .debug_macro   0x0000000000017a4f       0x52 Drivers/STM32F1xx_HAL_Driver/Src/stm32f1xx_hal.o
 .debug_macro   0x0000000000017aa1       0x40 Drivers/STM32F1xx_HAL_Driver/Src/stm32f1xx_hal.o
 .debug_macro   0x0000000000017ae1       0x10 Drivers/STM32F1xx_HAL_Driver/Src/stm32f1xx_hal.o
 .debug_macro   0x0000000000017af1       0x40 Drivers/STM32F1xx_HAL_Driver/Src/stm32f1xx_hal.o
 .debug_macro   0x0000000000017b31       0xd7 Drivers/STM32F1xx_HAL_Driver/Src/stm32f1xx_hal.o
 .debug_macro   0x0000000000017c08       0x16 Drivers/STM32F1xx_HAL_Driver/Src/stm32f1xx_hal.o
 .debug_macro   0x0000000000017c1e      0x18b Drivers/STM32F1xx_HAL_Driver/Src/stm32f1xx_hal.o
 .debug_macro   0x0000000000017da9       0x50 Drivers/STM32F1xx_HAL_Driver/Src/stm32f1xx_hal.o
 .debug_macro   0x0000000000017df9      0x5c2 Drivers/STM32F1xx_HAL_Driver/Src/stm32f1xx_hal.o
 .debug_macro   0x00000000000183bb      0x649 Drivers/STM32F1xx_HAL_Driver/Src/stm32f1xx_hal.o
 .debug_macro   0x0000000000018a04      0x1cb Drivers/STM32F1xx_HAL_Driver/Src/stm32f1xx_hal.o
 .debug_macro   0x0000000000018bcf      0x11e Drivers/STM32F1xx_HAL_Driver/Src/stm32f1xx_hal.o
 .debug_macro   0x0000000000018ced      0x215 Drivers/STM32F1xx_HAL_Driver/Src/stm32f1xx_hal.o
 .debug_macro   0x0000000000018f02       0x27 Drivers/STM32F1xx_HAL_Driver/Src/stm32f1xx_hal.o
 .debug_macro   0x0000000000018f29      0x1bc Drivers/STM32F1xx_HAL_Driver/Src/stm32f1xx_hal.o
 .debug_macro   0x00000000000190e5       0x31 Drivers/STM32F1xx_HAL_Driver/Src/stm32f1xx_hal.o
 .debug_macro   0x0000000000019116       0x3c Drivers/STM32F1xx_HAL_Driver/Src/stm32f1xx_hal.o
 .debug_macro   0x0000000000019152      0x3a6 Drivers/STM32F1xx_HAL_Driver/Src/stm32f1xx_hal.o
 .debug_macro   0x00000000000194f8       0x10 Drivers/STM32F1xx_HAL_Driver/Src/stm32f1xx_hal.o
 .debug_macro   0x0000000000019508       0x74 Drivers/STM32F1xx_HAL_Driver/Src/stm32f1xx_hal.o
 .debug_macro   0x000000000001957c       0x57 Drivers/STM32F1xx_HAL_Driver/Src/stm32f1xx_hal.o
 .debug_macro   0x00000000000195d3      0x46a Drivers/STM32F1xx_HAL_Driver/Src/stm32f1xx_hal.o
 .debug_macro   0x0000000000019a3d      0x1c3 Drivers/STM32F1xx_HAL_Driver/Src/stm32f1xx_hal.o
 .debug_macro   0x0000000000019c00       0x8c Drivers/STM32F1xx_HAL_Driver/Src/stm32f1xx_hal.o
 .debug_macro   0x0000000000019c8c      0x250 Drivers/STM32F1xx_HAL_Driver/Src/stm32f1xx_hal.o
 .debug_macro   0x0000000000019edc      0x143 Drivers/STM32F1xx_HAL_Driver/Src/stm32f1xx_hal.o
 .debug_macro   0x000000000001a01f      0x1f4 Drivers/STM32F1xx_HAL_Driver/Src/stm32f1xx_hal.o
 .debug_macro   0x000000000001a213      0x84c Drivers/STM32F1xx_HAL_Driver/Src/stm32f1xx_hal.o
 .debug_macro   0x000000000001aa5f       0x1f Drivers/STM32F1xx_HAL_Driver/Src/stm32f1xx_hal.o
 .debug_macro   0x000000000001aa7e       0xe3 Drivers/STM32F1xx_HAL_Driver/Src/stm32f1xx_hal.o
 .debug_macro   0x000000000001ab61      0x330 Drivers/STM32F1xx_HAL_Driver/Src/stm32f1xx_hal_adc.o
 .debug_macro   0x000000000001ae91      0x325 Drivers/STM32F1xx_HAL_Driver/Src/stm32f1xx_hal_adc_ex.o
 .debug_macro   0x000000000001b1b6      0x31a Drivers/STM32F1xx_HAL_Driver/Src/stm32f1xx_hal_can.o
 .debug_macro   0x000000000001b4d0      0x313 Drivers/STM32F1xx_HAL_Driver/Src/stm32f1xx_hal_cortex.o
 .debug_macro   0x000000000001b7e3      0x313 Drivers/STM32F1xx_HAL_Driver/Src/stm32f1xx_hal_dma.o
 .debug_macro   0x000000000001baf6      0x383 Drivers/STM32F1xx_HAL_Driver/Src/stm32f1xx_hal_gpio.o
 .debug_macro   0x000000000001be79      0x325 Drivers/STM32F1xx_HAL_Driver/Src/stm32f1xx_hal_rcc.o
 .debug_macro   0x000000000001c19e      0x313 Drivers/STM32F1xx_HAL_Driver/Src/stm32f1xx_hal_rcc_ex.o
 .debug_macro   0x000000000001c4b1      0x31b Drivers/STM32F1xx_HAL_Driver/Src/stm32f1xx_hal_spi.o
 .debug_macro   0x000000000001c7cc      0x313 Drivers/STM32F1xx_HAL_Driver/Src/stm32f1xx_hal_spi_ex.o
 .debug_macro   0x000000000001cadf      0x313 Drivers/STM32F1xx_HAL_Driver/Src/stm32f1xx_hal_tim.o
 .debug_macro   0x000000000001cdf2      0x313 Drivers/STM32F1xx_HAL_Driver/Src/stm32f1xx_hal_tim_ex.o
 .debug_macro   0x000000000001d105      0x362 Src/ECUF_functions.o
 .debug_macro   0x000000000001d467       0x16 Src/ECUF_functions.o
 .debug_macro   0x000000000001d47d      0x10e Src/ECUF_functions.o
 .debug_macro   0x000000000001d58b       0x8d Src/ECUF_functions.o
 .debug_macro   0x000000000001d618       0x16 Src/ECUF_functions.o
 .debug_macro   0x000000000001d62e       0x29 Src/ECUF_functions.o
 .debug_macro   0x000000000001d657       0x1c Src/ECUF_functions.o
 .debug_macro   0x000000000001d673       0x3a Src/ECUF_functions.o
 .debug_macro   0x000000000001d6ad       0x1c Src/ECUF_functions.o
 .debug_macro   0x000000000001d6c9       0x35 Src/ECUF_functions.o
 .debug_macro   0x000000000001d6fe      0x3b4 Src/ECUF_main.o
 .debug_macro   0x000000000001dab2      0x1e1 Src/ECUF_main.o
 .debug_macro   0x000000000001dc93       0x16 Src/ECUF_main.o
 .debug_macro   0x000000000001dca9      0x14b Src/can.o
 .debug_macro   0x000000000001ddf4      0x387 Src/canFun.o
 .debug_macro   0x000000000001e17b      0x181 Src/canFun.o
 .debug_macro   0x000000000001e2fc      0x16c Src/can_ECUF.o
 .debug_macro   0x000000000001e468      0x332 Src/can_eforce_init.o
 .debug_macro   0x000000000001e79a       0x52 Src/can_eforce_init.o
 .debug_macro   0x000000000001e7ec       0x8d Src/can_eforce_init.o
 .debug_macro   0x000000000001e879      0x174 Src/can_eforce_init.o
 .debug_macro   0x000000000001e9ed       0x57 Src/can_eforce_init.o
 .debug_macro   0x000000000001ea44       0x10 Src/can_eforce_init.o
 .debug_macro   0x000000000001ea54      0x3b0 Src/main.o
 .debug_macro   0x000000000001ee04      0x132 Src/ringbuf.o
 .debug_macro   0x000000000001ef36      0x313 Src/stm32f1xx_hal_msp.o
 .debug_macro   0x000000000001f249      0x31d Src/stm32f1xx_it.o
 .debug_macro   0x000000000001f566      0x319 Src/system_stm32f1xx.o

.debug_line     0x0000000000000000     0xf632
 .debug_line    0x0000000000000000      0x91d Drivers/STM32F1xx_HAL_Driver/Src/stm32f1xx_hal.o
 .debug_line    0x000000000000091d      0xc97 Drivers/STM32F1xx_HAL_Driver/Src/stm32f1xx_hal_adc.o
 .debug_line    0x00000000000015b4      0xaff Drivers/STM32F1xx_HAL_Driver/Src/stm32f1xx_hal_adc_ex.o
 .debug_line    0x00000000000020b3      0xd2e Drivers/STM32F1xx_HAL_Driver/Src/stm32f1xx_hal_can.o
 .debug_line    0x0000000000002de1      0x91a Drivers/STM32F1xx_HAL_Driver/Src/stm32f1xx_hal_cortex.o
 .debug_line    0x00000000000036fb      0xd36 Drivers/STM32F1xx_HAL_Driver/Src/stm32f1xx_hal_dma.o
 .debug_line    0x0000000000004431      0x91c Drivers/STM32F1xx_HAL_Driver/Src/stm32f1xx_hal_gpio.o
 .debug_line    0x0000000000004d4d      0xa7d Drivers/STM32F1xx_HAL_Driver/Src/stm32f1xx_hal_rcc.o
 .debug_line    0x00000000000057ca      0x933 Drivers/STM32F1xx_HAL_Driver/Src/stm32f1xx_hal_rcc_ex.o
 .debug_line    0x00000000000060fd     0x1159 Drivers/STM32F1xx_HAL_Driver/Src/stm32f1xx_hal_spi.o
 .debug_line    0x0000000000007256      0x799 Drivers/STM32F1xx_HAL_Driver/Src/stm32f1xx_hal_spi_ex.o
 .debug_line    0x00000000000079ef     0x1730 Drivers/STM32F1xx_HAL_Driver/Src/stm32f1xx_hal_tim.o
 .debug_line    0x000000000000911f      0xce8 Drivers/STM32F1xx_HAL_Driver/Src/stm32f1xx_hal_tim_ex.o
 .debug_line    0x0000000000009e07      0x94b Src/ECUF_functions.o
 .debug_line    0x000000000000a752      0x861 Src/ECUF_main.o
 .debug_line    0x000000000000afb3      0x438 Src/can.o
 .debug_line    0x000000000000b3eb      0x82c Src/canFun.o
 .debug_line    0x000000000000bc17      0xa73 Src/can_ECUF.o
 .debug_line    0x000000000000c68a      0x7d6 Src/can_eforce_init.o
 .debug_line    0x000000000000ce60      0xa0e Src/main.o
 .debug_line    0x000000000000d86e      0x421 Src/ringbuf.o
 .debug_line    0x000000000000dc8f      0x8c7 Src/stm32f1xx_hal_msp.o
 .debug_line    0x000000000000e556      0x8b4 Src/stm32f1xx_it.o
 .debug_line    0x000000000000ee0a      0x7aa Src/system_stm32f1xx.o
 .debug_line    0x000000000000f5b4       0x7e startup/startup_stm32f105xc.o

.debug_str      0x0000000000000000    0xa349f
 .debug_str     0x0000000000000000    0x9d65a Drivers/STM32F1xx_HAL_Driver/Src/stm32f1xx_hal.o
                                      0x9da27 (size before relaxing)
 .debug_str     0x000000000009d65a      0x67f Drivers/STM32F1xx_HAL_Driver/Src/stm32f1xx_hal_adc.o
                                      0x9d8ec (size before relaxing)
 .debug_str     0x000000000009dcd9      0x2d8 Drivers/STM32F1xx_HAL_Driver/Src/stm32f1xx_hal_adc_ex.o
                                      0x9d8a4 (size before relaxing)
 .debug_str     0x000000000009dfb1      0x521 Drivers/STM32F1xx_HAL_Driver/Src/stm32f1xx_hal_can.o
                                      0x9d796 (size before relaxing)
 .debug_str     0x000000000009e4d2      0x2af Drivers/STM32F1xx_HAL_Driver/Src/stm32f1xx_hal_cortex.o
                                      0x9d96e (size before relaxing)
 .debug_str     0x000000000009e781      0x220 Drivers/STM32F1xx_HAL_Driver/Src/stm32f1xx_hal_dma.o
                                      0x9d5fe (size before relaxing)
 .debug_str     0x000000000009e9a1      0x3a5 Drivers/STM32F1xx_HAL_Driver/Src/stm32f1xx_hal_gpio.o