Archive member included to satisfy reference by file (symbol)

/home/Hanz/Ac6/SystemWorkbench/plugins/fr.ac6.mcu.externaltools.arm-none.linux64_1.15.0.201708311556/tools/compiler/bin/../lib/gcc/arm-none-eabi/6.3.1/thumb/v7-m/libgcc.a(_arm_addsubdf3.o)
                              Src/ECUF_functions.o (__aeabi_i2d)
/home/Hanz/Ac6/SystemWorkbench/plugins/fr.ac6.mcu.externaltools.arm-none.linux64_1.15.0.201708311556/tools/compiler/bin/../lib/gcc/arm-none-eabi/6.3.1/thumb/v7-m/libgcc.a(_arm_muldivdf3.o)
                              Src/ECUF_functions.o (__aeabi_dmul)
/home/Hanz/Ac6/SystemWorkbench/plugins/fr.ac6.mcu.externaltools.arm-none.linux64_1.15.0.201708311556/tools/compiler/bin/../lib/gcc/arm-none-eabi/6.3.1/thumb/v7-m/libgcc.a(_arm_fixunsdfsi.o)
                              Src/ECUF_functions.o (__aeabi_d2uiz)
/home/Hanz/Ac6/SystemWorkbench/plugins/fr.ac6.mcu.externaltools.arm-none.linux64_1.15.0.201708311556/tools/compiler/bin/../lib/gcc/arm-none-eabi/6.3.1/thumb/v7-m/libgcc.a(_aeabi_uldivmod.o)
                              Drivers/STM32F1xx_HAL_Driver/Src/stm32f1xx_hal_rcc.o (__aeabi_uldivmod)
/home/Hanz/Ac6/SystemWorkbench/plugins/fr.ac6.mcu.externaltools.arm-none.linux64_1.15.0.201708311556/tools/compiler/bin/../lib/gcc/arm-none-eabi/6.3.1/thumb/v7-m/libgcc.a(_udivmoddi4.o)
                              /home/Hanz/Ac6/SystemWorkbench/plugins/fr.ac6.mcu.externaltools.arm-none.linux64_1.15.0.201708311556/tools/compiler/bin/../lib/gcc/arm-none-eabi/6.3.1/thumb/v7-m/libgcc.a(_aeabi_uldivmod.o) (__udivmoddi4)
/home/Hanz/Ac6/SystemWorkbench/plugins/fr.ac6.mcu.externaltools.arm-none.linux64_1.15.0.201708311556/tools/compiler/bin/../lib/gcc/arm-none-eabi/6.3.1/thumb/v7-m/libgcc.a(_dvmd_tls.o)
                              /home/Hanz/Ac6/SystemWorkbench/plugins/fr.ac6.mcu.externaltools.arm-none.linux64_1.15.0.201708311556/tools/compiler/bin/../lib/gcc/arm-none-eabi/6.3.1/thumb/v7-m/libgcc.a(_aeabi_uldivmod.o) (__aeabi_ldiv0)
/home/Hanz/Ac6/SystemWorkbench/plugins/fr.ac6.mcu.externaltools.arm-none.linux64_1.15.0.201708311556/tools/compiler/bin/../lib/gcc/arm-none-eabi/6.3.1/../../../../arm-none-eabi/lib/thumb/v7-m/libc_nano.a(lib_a-exit.o)
                              /home/Hanz/Ac6/SystemWorkbench/plugins/fr.ac6.mcu.externaltools.arm-none.linux64_1.15.0.201708311556/tools/compiler/bin/../lib/gcc/arm-none-eabi/6.3.1/../../../../arm-none-eabi/lib/thumb/v7-m/crt0.o (exit)
/home/Hanz/Ac6/SystemWorkbench/plugins/fr.ac6.mcu.externaltools.arm-none.linux64_1.15.0.201708311556/tools/compiler/bin/../lib/gcc/arm-none-eabi/6.3.1/../../../../arm-none-eabi/lib/thumb/v7-m/libc_nano.a(lib_a-impure.o)
                              /home/Hanz/Ac6/SystemWorkbench/plugins/fr.ac6.mcu.externaltools.arm-none.linux64_1.15.0.201708311556/tools/compiler/bin/../lib/gcc/arm-none-eabi/6.3.1/../../../../arm-none-eabi/lib/thumb/v7-m/libc_nano.a(lib_a-exit.o) (_global_impure_ptr)
/home/Hanz/Ac6/SystemWorkbench/plugins/fr.ac6.mcu.externaltools.arm-none.linux64_1.15.0.201708311556/tools/compiler/bin/../lib/gcc/arm-none-eabi/6.3.1/../../../../arm-none-eabi/lib/thumb/v7-m/libc_nano.a(lib_a-init.o)
                              /home/Hanz/Ac6/SystemWorkbench/plugins/fr.ac6.mcu.externaltools.arm-none.linux64_1.15.0.201708311556/tools/compiler/bin/../lib/gcc/arm-none-eabi/6.3.1/../../../../arm-none-eabi/lib/thumb/v7-m/crt0.o (__libc_init_array)
/home/Hanz/Ac6/SystemWorkbench/plugins/fr.ac6.mcu.externaltools.arm-none.linux64_1.15.0.201708311556/tools/compiler/bin/../lib/gcc/arm-none-eabi/6.3.1/../../../../arm-none-eabi/lib/thumb/v7-m/libc_nano.a(lib_a-memcmp.o)
                              Src/can_eforce_init.o (memcmp)
/home/Hanz/Ac6/SystemWorkbench/plugins/fr.ac6.mcu.externaltools.arm-none.linux64_1.15.0.201708311556/tools/compiler/bin/../lib/gcc/arm-none-eabi/6.3.1/../../../../arm-none-eabi/lib/thumb/v7-m/libc_nano.a(lib_a-memcpy-stub.o)
                              Src/canFun.o (memcpy)
/home/Hanz/Ac6/SystemWorkbench/plugins/fr.ac6.mcu.externaltools.arm-none.linux64_1.15.0.201708311556/tools/compiler/bin/../lib/gcc/arm-none-eabi/6.3.1/../../../../arm-none-eabi/lib/thumb/v7-m/libc_nano.a(lib_a-memset.o)
                              /home/Hanz/Ac6/SystemWorkbench/plugins/fr.ac6.mcu.externaltools.arm-none.linux64_1.15.0.201708311556/tools/compiler/bin/../lib/gcc/arm-none-eabi/6.3.1/../../../../arm-none-eabi/lib/thumb/v7-m/crt0.o (memset)
/home/Hanz/Ac6/SystemWorkbench/plugins/fr.ac6.mcu.externaltools.arm-none.linux64_1.15.0.201708311556/tools/compiler/bin/../lib/gcc/arm-none-eabi/6.3.1/../../../../arm-none-eabi/lib/thumb/v7-m/libnosys.a(_exit.o)
                              /home/Hanz/Ac6/SystemWorkbench/plugins/fr.ac6.mcu.externaltools.arm-none.linux64_1.15.0.201708311556/tools/compiler/bin/../lib/gcc/arm-none-eabi/6.3.1/../../../../arm-none-eabi/lib/thumb/v7-m/libc_nano.a(lib_a-exit.o) (_exit)

Allocating common symbols
Common symbol       size              file

ECUA_Estimation_data
[...]
Memory Configuration

Name             Origin             Length             Attributes
RAM              0x0000000020000000 0x0000000000010000 xrw
FLASH            0x0000000008000000 0x0000000000040000 xr
*default*        0x0000000000000000 0xffffffffffffffff

Linker script and memory map

LOAD /home/Hanz/Ac6/SystemWorkbench/plugins/fr.ac6.mcu.externaltools.arm-none.linux64_1.15.0.201708311556/tools/compiler/bin/../lib/gcc/arm-none-eabi/6.3.1/thumb/v7-m/crti.o
LOAD /home/Hanz/Ac6/SystemWorkbench/plugins/fr.ac6.mcu.externaltools.arm-none.linux64_1.15.0.201708311556/tools/compiler/bin/../lib/gcc/arm-none-eabi/6.3.1/thumb/v7-m/crtbegin.o
LOAD /home/Hanz/Ac6/SystemWorkbench/plugins/fr.ac6.mcu.externaltools.arm-none.linux64_1.15.0.201708311556/tools/compiler/bin/../lib/gcc/arm-none-eabi/6.3.1/../../../../arm-none-eabi/lib/thumb/v7-m/crt0.o
LOAD Drivers/STM32F1xx_HAL_Driver/Src/stm32f1xx_hal.o
LOAD Drivers/STM32F1xx_HAL_Driver/Src/stm32f1xx_hal_adc.o
LOAD Drivers/STM32F1xx_HAL_Driver/Src/stm32f1xx_hal_adc_ex.o
LOAD Drivers/STM32F1xx_HAL_Driver/Src/stm32f1xx_hal_can.o
LOAD Drivers/STM32F1xx_HAL_Driver/Src/stm32f1xx_hal_cortex.o
LOAD Drivers/STM32F1xx_HAL_Driver/Src/stm32f1xx_hal_dma.o
LOAD Drivers/STM32F1xx_HAL_Driver/Src/stm32f1xx_hal_flash.o
LOAD Drivers/STM32F1xx_HAL_Driver/Src/stm32f1xx_hal_flash_ex.o
LOAD Drivers/STM32F1xx_HAL_Driver/Src/stm32f1xx_hal_gpio.o
LOAD Drivers/STM32F1xx_HAL_Driver/Src/stm32f1xx_hal_gpio_ex.o
LOAD Drivers/STM32F1xx_HAL_Driver/Src/stm32f1xx_hal_pwr.o
LOAD Drivers/STM32F1xx_HAL_Driver/Src/stm32f1xx_hal_rcc.o
LOAD Drivers/STM32F1xx_HAL_Driver/Src/stm32f1xx_hal_rcc_ex.o
LOAD Drivers/STM32F1xx_HAL_Driver/Src/stm32f1xx_hal_spi.o
LOAD Drivers/STM32F1xx_HAL_Driver/Src/stm32f1xx_hal_spi_ex.o
LOAD Drivers/STM32F1xx_HAL_Driver/Src/stm32f1xx_hal_tim.o
LOAD Drivers/STM32F1xx_HAL_Driver/Src/stm32f1xx_hal_tim_ex.o
LOAD Src/ECUF_functions.o
LOAD Src/ECUF_main.o
LOAD Src/can.o
LOAD Src/canFun.o
LOAD Src/can_ECUF.o
LOAD Src/can_eforce_init.o
LOAD Src/main.o
LOAD Src/ringbuf.o
LOAD Src/stm32f1xx_hal_msp.o
LOAD Src/stm32f1xx_it.o
LOAD Src/system_stm32f1xx.o
LOAD startup/startup_stm32f105xc.o
LOAD /home/Hanz/Ac6/SystemWorkbench/plugins/fr.ac6.mcu.externaltools.arm-none.linux64_1.15.0.201708311556/tools/compiler/bin/../lib/gcc/arm-none-eabi/6.3.1/../../../../arm-none-eabi/lib/thumb/v7-m/libm.a
START GROUP
LOAD /home/Hanz/Ac6/SystemWorkbench/plugins/fr.ac6.mcu.externaltools.arm-none.linux64_1.15.0.201708311556/tools/compiler/bin/../lib/gcc/arm-none-eabi/6.3.1/thumb/v7-m/libgcc.a
LOAD /home/Hanz/Ac6/SystemWorkbench/plugins/fr.ac6.mcu.externaltools.arm-none.linux64_1.15.0.201708311556/tools/compiler/bin/../lib/gcc/arm-none-eabi/6.3.1/../../../../arm-none-eabi/lib/thumb/v7-m/libc_nano.a
END GROUP
START GROUP
LOAD /home/Hanz/Ac6/SystemWorkbench/plugins/fr.ac6.mcu.externaltools.arm-none.linux64_1.15.0.201708311556/tools/compiler/bin/../lib/gcc/arm-none-eabi/6.3.1/thumb/v7-m/libgcc.a
LOAD /home/Hanz/Ac6/SystemWorkbench/plugins/fr.ac6.mcu.externaltools.arm-none.linux64_1.15.0.201708311556/tools/compiler/bin/../lib/gcc/arm-none-eabi/6.3.1/../../../../arm-none-eabi/lib/thumb/v7-m/libc_nano.a
LOAD /home/Hanz/Ac6/SystemWorkbench/plugins/fr.ac6.mcu.externaltools.arm-none.linux64_1.15.0.201708311556/tools/compiler/bin/../lib/gcc/arm-none-eabi/6.3.1/../../../../arm-none-eabi/lib/thumb/v7-m/libnosys.a
END GROUP
START GROUP
LOAD /home/Hanz/Ac6/SystemWorkbench/plugins/fr.ac6.mcu.externaltools.arm-none.linux64_1.15.0.201708311556/tools/compiler/bin/../lib/gcc/arm-none-eabi/6.3.1/thumb/v7-m/libgcc.a
LOAD /home/Hanz/Ac6/SystemWorkbench/plugins/fr.ac6.mcu.externaltools.arm-none.linux64_1.15.0.201708311556/tools/compiler/bin/../lib/gcc/arm-none-eabi/6.3.1/../../../../arm-none-eabi/lib/thumb/v7-m/libc_nano.a
LOAD /home/Hanz/Ac6/SystemWorkbench/plugins/fr.ac6.mcu.externaltools.arm-none.linux64_1.15.0.201708311556/tools/compiler/bin/../lib/gcc/arm-none-eabi/6.3.1/../../../../arm-none-eabi/lib/thumb/v7-m/libnosys.a
END GROUP
LOAD /home/Hanz/Ac6/SystemWorkbench/plugins/fr.ac6.mcu.externaltools.arm-none.linux64_1.15.0.201708311556/tools/compiler/bin/../lib/gcc/arm-none-eabi/6.3.1/thumb/v7-m/crtend.o
LOAD /home/Hanz/Ac6/SystemWorkbench/plugins/fr.ac6.mcu.externaltools.arm-none.linux64_1.15.0.201708311556/tools/compiler/bin/../lib/gcc/arm-none-eabi/6.3.1/thumb/v7-m/crtn.o
                0x0000000020010000                _estack = 0x20010000
                0x0000000000000200                _Min_Heap_Size = 0x200
                0x0000000000000400                _Min_Stack_Size = 0x400

.isr_vector     0x0000000008000000      0x1e4
                0x0000000008000000                . = ALIGN (0x4)
 *(.isr_vector)
 .isr_vector    0x0000000008000000      0x1e4 startup/startup_stm32f105xc.o
                0x0000000008000000                g_pfnVectors
                0x00000000080001e4                . = ALIGN (0x4)

.text           0x00000000080001e8     0x55fc
                0x00000000080001e8                . = ALIGN (0x4)
 *(.text)
 .text          0x00000000080001e8       0x6c /home/Hanz/Ac6/SystemWorkbench/plugins/fr.ac6.mcu.externaltools.arm-none.linux64_1.15.0.201708311556/tools/compiler/bin/../lib/gcc/arm-none-eabi/6.3.1/thumb/v7-m/crtbegin.o
 .text          0x0000000008000254      0x370 /home/Hanz/Ac6/SystemWorkbench/plugins/fr.ac6.mcu.externaltools.arm-none.linux64_1.15.0.201708311556/tools/compiler/bin/../lib/gcc/arm-none-eabi/6.3.1/thumb/v7-m/libgcc.a(_arm_addsubdf3.o)
                0x0000000008000254                __aeabi_drsub
                0x000000000800025c                __aeabi_dsub
                0x000000000800025c                __subdf3
                0x0000000008000260                __adddf3
                0x0000000008000260                __aeabi_dadd
                0x00000000080004d8                __aeabi_ui2d
                0x00000000080004d8                __floatunsidf
                0x00000000080004f8                __floatsidf
                0x00000000080004f8                __aeabi_i2d
                0x000000000800051c                __extendsfdf2
                0x000000000800051c                __aeabi_f2d
                0x0000000008000558                __aeabi_ul2d
                0x0000000008000558                __floatundidf
                0x0000000008000568                __floatdidf
                0x0000000008000568                __aeabi_l2d
 .text          0x00000000080005c4      0x424 /home/Hanz/Ac6/SystemWorkbench/plugins/fr.ac6.mcu.externaltools.arm-none.linux64_1.15.0.201708311556/tools/compiler/bin/../lib/gcc/arm-none-eabi/6.3.1/thumb/v7-m/libgcc.a(_arm_muldivdf3.o)
                0x00000000080005c4                __aeabi_dmul
                0x00000000080005c4                __muldf3
                0x0000000008000818                __aeabi_ddiv
                0x0000000008000818                __divdf3
 .text          0x00000000080009e8       0x40 /home/Hanz/Ac6/SystemWorkbench/plugins/fr.ac6.mcu.externaltools.arm-none.linux64_1.15.0.201708311556/tools/compiler/bin/../lib/gcc/arm-none-eabi/6.3.1/thumb/v7-m/libgcc.a(_arm_fixunsdfsi.o)
                0x00000000080009e8                __fixunsdfsi
                0x00000000080009e8                __aeabi_d2uiz
 .text          0x0000000008000a28       0x30 /home/Hanz/Ac6/SystemWorkbench/plugins/fr.ac6.mcu.externaltools.arm-none.linux64_1.15.0.201708311556/tools/compiler/bin/../lib/gcc/arm-none-eabi/6.3.1/thumb/v7-m/libgcc.a(_aeabi_uldivmod.o)
                0x0000000008000a28                __aeabi_uldivmod
 .text          0x0000000008000a58      0x2dc /home/Hanz/Ac6/SystemWorkbench/plugins/fr.ac6.mcu.externaltools.arm-none.linux64_1.15.0.201708311556/tools/compiler/bin/../lib/gcc/arm-none-eabi/6.3.1/thumb/v7-m/libgcc.a(_udivmoddi4.o)
                0x0000000008000a58                __udivmoddi4
 .text          0x0000000008000d34        0x4 /home/Hanz/Ac6/SystemWorkbench/plugins/fr.ac6.mcu.externaltools.arm-none.linux64_1.15.0.201708311556/tools/compiler/bin/../lib/gcc/arm-none-eabi/6.3.1/thumb/v7-m/libgcc.a(_dvmd_tls.o)
                0x0000000008000d34                __aeabi_ldiv0
                0x0000000008000d34                __aeabi_idiv0
 *(.text*)
 .text.HAL_InitTick
                0x0000000008000d38       0x48 Drivers/STM32F1xx_HAL_Driver/Src/stm32f1xx_hal.o
                0x0000000008000d38                HAL_InitTick
 .text.HAL_Init
                0x0000000008000d80       0x24 Drivers/STM32F1xx_HAL_Driver/Src/stm32f1xx_hal.o
                0x0000000008000d80                HAL_Init
 .text.HAL_IncTick
                0x0000000008000da4       0x18 Drivers/STM32F1xx_HAL_Driver/Src/stm32f1xx_hal.o
                0x0000000008000da4                HAL_IncTick
 .text.HAL_GetTick
                0x0000000008000dbc        0xc Drivers/STM32F1xx_HAL_Driver/Src/stm32f1xx_hal.o
                0x0000000008000dbc                HAL_GetTick
 .text.HAL_Delay
                0x0000000008000dc8       0x28 Drivers/STM32F1xx_HAL_Driver/Src/stm32f1xx_hal.o
                0x0000000008000dc8                HAL_Delay
 .text.HAL_ADC_LevelOutOfWindowCallback
                0x0000000008000df0        0x2 Drivers/STM32F1xx_HAL_Driver/Src/stm32f1xx_hal_adc.o
                0x0000000008000df0                HAL_ADC_LevelOutOfWindowCallback
 .text.HAL_ADC_IRQHandler
                0x0000000008000df2      0x10c Drivers/STM32F1xx_HAL_Driver/Src/stm32f1xx_hal_adc.o
                0x0000000008000df2                HAL_ADC_IRQHandler
 *fill*         0x0000000008000efe        0x2 
 .text.HAL_ADC_ConfigChannel
                0x0000000008000f00      0x138 Drivers/STM32F1xx_HAL_Driver/Src/stm32f1xx_hal_adc.o
                0x0000000008000f00                HAL_ADC_ConfigChannel
 .text.ADC_Enable
                0x0000000008001038       0x80 Drivers/STM32F1xx_HAL_Driver/Src/stm32f1xx_hal_adc.o
                0x0000000008001038                ADC_Enable
 .text.HAL_ADC_Start_IT
                0x00000000080010b8       0xf8 Drivers/STM32F1xx_HAL_Driver/Src/stm32f1xx_hal_adc.o
                0x00000000080010b8                HAL_ADC_Start_IT
 .text.ADC_ConversionStop_Disable
                0x00000000080011b0       0x4c Drivers/STM32F1xx_HAL_Driver/Src/stm32f1xx_hal_adc.o
                0x00000000080011b0                ADC_ConversionStop_Disable
 .text.HAL_ADC_Init
                0x00000000080011fc      0x110 Drivers/STM32F1xx_HAL_Driver/Src/stm32f1xx_hal_adc.o
                0x00000000080011fc                HAL_ADC_Init
 .text.HAL_ADCEx_InjectedConvCpltCallback
                0x000000000800130c        0x2 Drivers/STM32F1xx_HAL_Driver/Src/stm32f1xx_hal_adc_ex.o
                0x000000000800130c                HAL_ADCEx_InjectedConvCpltCallback
 .text.HAL_CAN_ConfigFilter
                0x000000000800130e      0x106 Drivers/STM32F1xx_HAL_Driver/Src/stm32f1xx_hal_can.o
                0x000000000800130e                HAL_CAN_ConfigFilter
 .text.HAL_CAN_Init
                0x0000000008001414      0x142 Drivers/STM32F1xx_HAL_Driver/Src/stm32f1xx_hal_can.o
                0x0000000008001414                HAL_CAN_Init
 *fill*         0x0000000008001556        0x2 
 .text.HAL_CAN_Transmit
                0x0000000008001558      0x210 Drivers/STM32F1xx_HAL_Driver/Src/stm32f1xx_hal_can.o
                0x0000000008001558                HAL_CAN_Transmit
 .text.HAL_CAN_Transmit_IT
                0x0000000008001768      0x15e Drivers/STM32F1xx_HAL_Driver/Src/stm32f1xx_hal_can.o
                0x0000000008001768                HAL_CAN_Transmit_IT
 .text.HAL_CAN_Receive
                0x00000000080018c6      0x290 Drivers/STM32F1xx_HAL_Driver/Src/stm32f1xx_hal_can.o
                0x00000000080018c6                HAL_CAN_Receive
 .text.HAL_CAN_Receive_IT
                0x0000000008001b56      0x128 Drivers/STM32F1xx_HAL_Driver/Src/stm32f1xx_hal_can.o
                0x0000000008001b56                HAL_CAN_Receive_IT
 .text.HAL_CAN_TxCpltCallback
                0x0000000008001c7e        0x2 Drivers/STM32F1xx_HAL_Driver/Src/stm32f1xx_hal_can.o
                0x0000000008001c7e                HAL_CAN_TxCpltCallback
 .text.CAN_Transmit_IT
                0x0000000008001c80       0x5a Drivers/STM32F1xx_HAL_Driver/Src/stm32f1xx_hal_can.o
 .text.CAN_Receive_IT
                0x0000000008001cda      0x174 Drivers/STM32F1xx_HAL_Driver/Src/stm32f1xx_hal_can.o
 .text.HAL_CAN_ErrorCallback
                0x0000000008001e4e        0x2 Drivers/STM32F1xx_HAL_Driver/Src/stm32f1xx_hal_can.o
                0x0000000008001e4e                HAL_CAN_ErrorCallback
 .text.HAL_CAN_IRQHandler
                0x0000000008001e50      0x1fc Drivers/STM32F1xx_HAL_Driver/Src/stm32f1xx_hal_can.o
                0x0000000008001e50                HAL_CAN_IRQHandler
 .text.HAL_NVIC_SetPriorityGrouping
                0x000000000800204c       0x24 Drivers/STM32F1xx_HAL_Driver/Src/stm32f1xx_hal_cortex.o
                0x000000000800204c                HAL_NVIC_SetPriorityGrouping
 .text.HAL_NVIC_SetPriority
                0x0000000008002070       0x64 Drivers/STM32F1xx_HAL_Driver/Src/stm32f1xx_hal_cortex.o
                0x0000000008002070                HAL_NVIC_SetPriority
 .text.HAL_NVIC_EnableIRQ
                0x00000000080020d4       0x18 Drivers/STM32F1xx_HAL_Driver/Src/stm32f1xx_hal_cortex.o
                0x00000000080020d4                HAL_NVIC_EnableIRQ
 .text.HAL_SYSTICK_Config
                0x00000000080020ec       0x2c Drivers/STM32F1xx_HAL_Driver/Src/stm32f1xx_hal_cortex.o
                0x00000000080020ec                HAL_SYSTICK_Config
 .text.HAL_SYSTICK_CLKSourceConfig
                0x0000000008002118       0x20 Drivers/STM32F1xx_HAL_Driver/Src/stm32f1xx_hal_cortex.o
                0x0000000008002118                HAL_SYSTICK_CLKSourceConfig
 .text.HAL_SYSTICK_Callback
                0x0000000008002138        0x2 Drivers/STM32F1xx_HAL_Driver/Src/stm32f1xx_hal_cortex.o
                0x0000000008002138                HAL_SYSTICK_Callback
 .text.HAL_SYSTICK_IRQHandler
                0x000000000800213a        0x8 Drivers/STM32F1xx_HAL_Driver/Src/stm32f1xx_hal_cortex.o
                0x000000000800213a                HAL_SYSTICK_IRQHandler
 *fill*         0x0000000008002142        0x2 
 .text.HAL_GPIO_Init
                0x0000000008002144      0x1ec Drivers/STM32F1xx_HAL_Driver/Src/stm32f1xx_hal_gpio.o
                0x0000000008002144                HAL_GPIO_Init
 .text.HAL_GPIO_ReadPin
                0x0000000008002330        0xe Drivers/STM32F1xx_HAL_Driver/Src/stm32f1xx_hal_gpio.o
                0x0000000008002330                HAL_GPIO_ReadPin
 .text.HAL_GPIO_WritePin
                0x000000000800233e        0xc Drivers/STM32F1xx_HAL_Driver/Src/stm32f1xx_hal_gpio.o
                0x000000000800233e                HAL_GPIO_WritePin
 .text.HAL_GPIO_TogglePin
                0x000000000800234a        0x8 Drivers/STM32F1xx_HAL_Driver/Src/stm32f1xx_hal_gpio.o
                0x000000000800234a                HAL_GPIO_TogglePin
 *fill*         0x0000000008002352        0x2 
 .text.RCC_Delay
                0x0000000008002354       0x2c Drivers/STM32F1xx_HAL_Driver/Src/stm32f1xx_hal_rcc.o
 .text.HAL_RCC_OscConfig
                0x0000000008002380      0x4c4 Drivers/STM32F1xx_HAL_Driver/Src/stm32f1xx_hal_rcc.o
                0x0000000008002380                HAL_RCC_OscConfig
 .text.HAL_RCC_GetSysClockFreq
                0x0000000008002844       0xb4 Drivers/STM32F1xx_HAL_Driver/Src/stm32f1xx_hal_rcc.o
                0x0000000008002844                HAL_RCC_GetSysClockFreq
 .text.HAL_RCC_ClockConfig
                0x00000000080028f8      0x178 Drivers/STM32F1xx_HAL_Driver/Src/stm32f1xx_hal_rcc.o
                0x00000000080028f8                HAL_RCC_ClockConfig
 .text.HAL_RCC_GetHCLKFreq
                0x0000000008002a70        0xc Drivers/STM32F1xx_HAL_Driver/Src/stm32f1xx_hal_rcc.o
                0x0000000008002a70                HAL_RCC_GetHCLKFreq
 .text.HAL_RCCEx_PeriphCLKConfig
                0x0000000008002a7c      0x1d8 Drivers/STM32F1xx_HAL_Driver/Src/stm32f1xx_hal_rcc_ex.o
                0x0000000008002a7c                HAL_RCCEx_PeriphCLKConfig
 .text.SPI_WaitFlagStateUntilTimeout
                0x0000000008002c54       0x96 Drivers/STM32F1xx_HAL_Driver/Src/stm32f1xx_hal_spi.o
 .text.SPI_CheckFlag_BSY
                0x0000000008002cea       0x26 Drivers/STM32F1xx_HAL_Driver/Src/stm32f1xx_hal_spi.o
 .text.HAL_SPI_Transmit
                0x0000000008002d10      0x1ac Drivers/STM32F1xx_HAL_Driver/Src/stm32f1xx_hal_spi.o
                0x0000000008002d10                HAL_SPI_Transmit
 .text.HAL_SPI_Init
                0x0000000008002ebc       0x82 Drivers/STM32F1xx_HAL_Driver/Src/stm32f1xx_hal_spi_ex.o
                0x0000000008002ebc                HAL_SPI_Init
 *fill*         0x0000000008002f3e        0x2 
 .text.TIM_OC1_SetConfig
                0x0000000008002f40       0x5c Drivers/STM32F1xx_HAL_Driver/Src/stm32f1xx_hal_tim.o
 .text.TIM_OC3_SetConfig
                0x0000000008002f9c       0x64 Drivers/STM32F1xx_HAL_Driver/Src/stm32f1xx_hal_tim.o
 .text.TIM_OC4_SetConfig
                0x0000000008003000       0x48 Drivers/STM32F1xx_HAL_Driver/Src/stm32f1xx_hal_tim.o
 .text.TIM_TI1_ConfigInputStage
                0x0000000008003048       0x24 Drivers/STM32F1xx_HAL_Driver/Src/stm32f1xx_hal_tim.o
 .text.TIM_TI2_SetConfig
                0x000000000800306c       0x34 Drivers/STM32F1xx_HAL_Driver/Src/stm32f1xx_hal_tim.o
 .text.TIM_TI2_ConfigInputStage
                0x00000000080030a0       0x26 Drivers/STM32F1xx_HAL_Driver/Src/stm32f1xx_hal_tim.o
 .text.TIM_TI3_SetConfig
                0x00000000080030c6       0x32 Drivers/STM32F1xx_HAL_Driver/Src/stm32f1xx_hal_tim.o
 .text.TIM_TI4_SetConfig
                0x00000000080030f8       0x34 Drivers/STM32F1xx_HAL_Driver/Src/stm32f1xx_hal_tim.o
 .text.TIM_ITRx_SetConfig
                0x000000000800312c       0x10 Drivers/STM32F1xx_HAL_Driver/Src/stm32f1xx_hal_tim.o
 .text.TIM_ETR_SetConfig
                0x000000000800313c       0x16 Drivers/STM32F1xx_HAL_Driver/Src/stm32f1xx_hal_tim.o
 .text.HAL_TIM_PWM_MspInit
                0x0000000008003152        0x2 Drivers/STM32F1xx_HAL_Driver/Src/stm32f1xx_hal_tim.o
                0x0000000008003152                HAL_TIM_PWM_MspInit
 .text.HAL_TIM_IC_MspInit
                0x0000000008003154        0x2 Drivers/STM32F1xx_HAL_Driver/Src/stm32f1xx_hal_tim.o
                0x0000000008003154                HAL_TIM_IC_MspInit
 .text.HAL_TIM_ConfigClockSource
                0x0000000008003156      0x108 Drivers/STM32F1xx_HAL_Driver/Src/stm32f1xx_hal_tim.o
                0x0000000008003156                HAL_TIM_ConfigClockSource
 .text.HAL_TIM_PeriodElapsedCallback
                0x000000000800325e        0x2 Drivers/STM32F1xx_HAL_Driver/Src/stm32f1xx_hal_tim.o
                0x000000000800325e                HAL_TIM_PeriodElapsedCallback
 .text.HAL_TIM_OC_DelayElapsedCallback
                0x0000000008003260        0x2 Drivers/STM32F1xx_HAL_Driver/Src/stm32f1xx_hal_tim.o
                0x0000000008003260                HAL_TIM_OC_DelayElapsedCallback
 .text.HAL_TIM_IC_CaptureCallback
                0x0000000008003262        0x2 Drivers/STM32F1xx_HAL_Driver/Src/stm32f1xx_hal_tim.o
                0x0000000008003262                HAL_TIM_IC_CaptureCallback
 .text.HAL_TIM_PWM_PulseFinishedCallback
                0x0000000008003264        0x2 Drivers/STM32F1xx_HAL_Driver/Src/stm32f1xx_hal_tim.o
                0x0000000008003264                HAL_TIM_PWM_PulseFinishedCallback
 .text.HAL_TIM_TriggerCallback
                0x0000000008003266        0x2 Drivers/STM32F1xx_HAL_Driver/Src/stm32f1xx_hal_tim.o
                0x0000000008003266                HAL_TIM_TriggerCallback
 .text.HAL_TIM_IRQHandler
                0x0000000008003268      0x17a Drivers/STM32F1xx_HAL_Driver/Src/stm32f1xx_hal_tim.o
                0x0000000008003268                HAL_TIM_IRQHandler
 *fill*         0x00000000080033e2        0x2 
 .text.TIM_Base_SetConfig
                0x00000000080033e4       0x84 Drivers/STM32F1xx_HAL_Driver/Src/stm32f1xx_hal_tim.o
                0x00000000080033e4                TIM_Base_SetConfig
 .text.HAL_TIM_Base_Init
                0x0000000008003468       0x32 Drivers/STM32F1xx_HAL_Driver/Src/stm32f1xx_hal_tim.o
                0x0000000008003468                HAL_TIM_Base_Init
 .text.HAL_TIM_PWM_Init
                0x000000000800349a       0x32 Drivers/STM32F1xx_HAL_Driver/Src/stm32f1xx_hal_tim.o
                0x000000000800349a                HAL_TIM_PWM_Init
 .text.HAL_TIM_IC_Init
                0x00000000080034cc       0x32 Drivers/STM32F1xx_HAL_Driver/Src/stm32f1xx_hal_tim.o
                0x00000000080034cc                HAL_TIM_IC_Init
 *fill*         0x00000000080034fe        0x2 
 .text.TIM_OC2_SetConfig
                0x0000000008003500       0x64 Drivers/STM32F1xx_HAL_Driver/Src/stm32f1xx_hal_tim.o
                0x0000000008003500                TIM_OC2_SetConfig
 .text.HAL_TIM_PWM_ConfigChannel
                0x0000000008003564       0xdc Drivers/STM32F1xx_HAL_Driver/Src/stm32f1xx_hal_tim.o
                0x0000000008003564                HAL_TIM_PWM_ConfigChannel
 .text.TIM_TI1_SetConfig
                0x0000000008003640       0x78 Drivers/STM32F1xx_HAL_Driver/Src/stm32f1xx_hal_tim.o
                0x0000000008003640                TIM_TI1_SetConfig
 .text.HAL_TIM_IC_ConfigChannel
                0x00000000080036b8       0xc0 Drivers/STM32F1xx_HAL_Driver/Src/stm32f1xx_hal_tim.o
                0x00000000080036b8                HAL_TIM_IC_ConfigChannel
 .text.TIM_CCxChannelCmd
                0x0000000008003778       0x1c Drivers/STM32F1xx_HAL_Driver/Src/stm32f1xx_hal_tim.o
                0x0000000008003778                TIM_CCxChannelCmd
 .text.HAL_TIM_PWM_Start
                0x0000000008003794       0x30 Drivers/STM32F1xx_HAL_Driver/Src/stm32f1xx_hal_tim.o
                0x0000000008003794                HAL_TIM_PWM_Start
 .text.HAL_TIMEx_MasterConfigSynchronization
                0x00000000080037c4       0x52 Drivers/STM32F1xx_HAL_Driver/Src/stm32f1xx_hal_tim_ex.o
                0x00000000080037c4                HAL_TIMEx_MasterConfigSynchronization
 .text.HAL_TIMEx_CommutationCallback
                0x0000000008003816        0x2 Drivers/STM32F1xx_HAL_Driver/Src/stm32f1xx_hal_tim_ex.o
                0x0000000008003816                HAL_TIMEx_CommutationCallback
 .text.HAL_TIMEx_BreakCallback
                0x0000000008003818        0x2 Drivers/STM32F1xx_HAL_Driver/Src/stm32f1xx_hal_tim_ex.o
                0x0000000008003818                HAL_TIMEx_BreakCallback
 *fill*         0x000000000800381a        0x2 
 .text.other    0x000000000800381c       0x30 Src/ECUF_functions.o
                0x000000000800381c                other
 .text.checkDash
                0x000000000800384c       0x74 Src/ECUF_functions.o
                0x000000000800384c                checkDash
 .text.checkShutdown
                0x00000000080038c0       0x4c Src/ECUF_functions.o
                0x00000000080038c0                checkShutdown
 *fill*         0x000000000800390c        0x4 
 .text.dashInit
                0x0000000008003910      0x2d0 Src/ECUF_functions.o
                0x0000000008003910                dashInit
 .text.indicatorControl
                0x0000000008003be0       0x48 Src/ECUF_functions.o
                0x0000000008003be0                indicatorControl
 .text.barControl
                0x0000000008003c28       0xfc Src/ECUF_functions.o
                0x0000000008003c28                barControl
 .text.dashControl
                0x0000000008003d24       0x5c Src/ECUF_functions.o
                0x0000000008003d24                dashControl
 .text.sendData
                0x0000000008003d80       0x98 Src/ECUF_functions.o
                0x0000000008003d80                sendData
 .text.receiveData
                0x0000000008003e18       0x38 Src/ECUF_functions.o
                0x0000000008003e18                receiveData
 .text.setup    0x0000000008003e50       0x78 Src/ECUF_main.o
                0x0000000008003e50                setup
 .text.loop     0x0000000008003ec8       0x24 Src/ECUF_main.o
                0x0000000008003ec8                loop
 .text.set_flag
                0x0000000008003eec       0x10 Src/can.o
 .text.txInit   0x0000000008003efc       0x1c Src/can.o
                0x0000000008003efc                txInit
 .text.txReceiveCANMessage
                0x0000000008003f18       0x50 Src/can.o
                0x0000000008003f18                txReceiveCANMessage
 .text.txProcess
                0x0000000008003f68       0x7c Src/can.o
                0x0000000008003f68                txProcess
 .text.canInitMsgStatus
                0x0000000008003fe4       0x10 Src/can.o
                0x0000000008003fe4                canInitMsgStatus
 .text.canUpdateMsgStatusOnReceive
                0x0000000008003ff4       0x1a Src/can.o
                0x0000000008003ff4                canUpdateMsgStatusOnReceive
 .text.txGetTimeMillis
                0x000000000800400e        0x8 Src/canFun.o
                0x000000000800400e                txGetTimeMillis
 .text.txHandleCANMessage
                0x0000000008004016        0x4 Src/canFun.o
                0x0000000008004016                txHandleCANMessage
 *fill*         0x000000000800401a        0x2 
 .text.txSendCANMessage
                0x000000000800401c       0x50 Src/canFun.o
                0x000000000800401c                txSendCANMessage
 .text.candbInit
                0x000000000800406c       0x80 Src/can_ECUF.o
                0x000000000800406c                candbInit
 .text.ECUA_decode_Status_s
                0x00000000080040ec       0xde Src/can_ECUF.o
                0x00000000080040ec                ECUA_decode_Status_s
 *fill*         0x00000000080041ca        0x2 
 .text.ECUA_get_Status
                0x00000000080041cc       0x5c Src/can_ECUF.o
                0x00000000080041cc                ECUA_get_Status
 .text.ECUA_decode_Estimation_s
                0x0000000008004228       0x24 Src/can_ECUF.o
                0x0000000008004228                ECUA_decode_Estimation_s
 .text.ECUA_get_Estimation
                0x000000000800424c       0x48 Src/can_ECUF.o
                0x000000000800424c                ECUA_get_Estimation
 .text.ECUB_decode_Status_s
                0x0000000008004294      0x1aa Src/can_ECUF.o
                0x0000000008004294                ECUB_decode_Status_s
 *fill*         0x000000000800443e        0x2 
 .text.ECUB_get_Status
                0x0000000008004440       0x60 Src/can_ECUF.o
                0x0000000008004440                ECUB_get_Status
 .text.ECUF_send_Status_s
                0x00000000080044a0      0x184 Src/can_ECUF.o
                0x00000000080044a0                ECUF_send_Status_s
 .text.ECUF_Status_need_to_send
                0x0000000008004624       0x2c Src/can_ECUF.o
                0x0000000008004624                ECUF_Status_need_to_send
 .text.ECUF_send_STW_s
                0x0000000008004650       0x54 Src/can_ECUF.o
                0x0000000008004650                ECUF_send_STW_s
 .text.ECUF_STW_need_to_send
                0x00000000080046a4       0x2c Src/can_ECUF.o
                0x00000000080046a4                ECUF_STW_need_to_send
 .text.ECUF_send_DISSusp_s
                0x00000000080046d0       0x54 Src/can_ECUF.o
                0x00000000080046d0                ECUF_send_DISSusp_s
 .text.ECUF_DISSusp_need_to_send
                0x0000000008004724       0x2c Src/can_ECUF.o
                0x0000000008004724                ECUF_DISSusp_need_to_send
 .text.ECUF_send_Dashboard_s
                0x0000000008004750       0x6c Src/can_ECUF.o
                0x0000000008004750                ECUF_send_Dashboard_s
 .text.ECUF_Dashboard_need_to_send
                0x00000000080047bc       0x2c Src/can_ECUF.o
                0x00000000080047bc                ECUF_Dashboard_need_to_send
 .text.ECUF_send_TEMPSuspF_s
                0x00000000080047e8       0x54 Src/can_ECUF.o
                0x00000000080047e8                ECUF_send_TEMPSuspF_s
 .text.ECUF_TEMPSuspF_need_to_send
                0x000000000800483c       0x2c Src/can_ECUF.o
                0x000000000800483c                ECUF_TEMPSuspF_need_to_send
 .text.ECUF_decode_REQCalibSTW_s
                0x0000000008004868       0x12 Src/can_ECUF.o
                0x0000000008004868                ECUF_decode_REQCalibSTW_s
 .text.ECUP_decode_Status_s
                0x000000000800487a       0x3c Src/can_ECUF.o
                0x000000000800487a                ECUP_decode_Status_s
 *fill*         0x00000000080048b6        0x2 
 .text.ECUP_get_Status
                0x00000000080048b8       0x48 Src/can_ECUF.o
                0x00000000080048b8                ECUP_get_Status
 .text.VDCU_decode_Status_s
                0x0000000008004900       0x6a Src/can_ECUF.o
                0x0000000008004900                VDCU_decode_Status_s
 *fill*         0x000000000800496a        0x2 
 .text.VDCU_get_Status
                0x000000000800496c       0x4c Src/can_ECUF.o
                0x000000000800496c                VDCU_get_Status
 .text.candbHandleMessage
                0x00000000080049b8      0x128 Src/can_ECUF.o
                0x00000000080049b8                candbHandleMessage
 .text.CAN_eforce
                0x0000000008004ae0      0x10e Src/can_eforce_init.o
                0x0000000008004ae0                CAN_eforce
 *fill*         0x0000000008004bee        0x2 
 .text.MX_GPIO_Init
                0x0000000008004bf0      0x134 Src/main.o
 .text.HAL_ADC_ConvCpltCallback
                0x0000000008004d24       0x38 Src/main.o
                0x0000000008004d24                HAL_ADC_ConvCpltCallback
 .text.HAL_CAN_RxCpltCallback
                0x0000000008004d5c       0x28 Src/main.o
                0x0000000008004d5c                HAL_CAN_RxCpltCallback
 .text._Error_Handler
                0x0000000008004d84        0x2 Src/main.o
                0x0000000008004d84                _Error_Handler
 *fill*         0x0000000008004d86        0x2 
 .text.MX_CAN1_Init
                0x0000000008004d88       0x48 Src/main.o
 .text.MX_CAN2_Init
                0x0000000008004dd0       0x48 Src/main.o
 .text.MX_ADC1_Init
                0x0000000008004e18       0xdc Src/main.o
 .text.MX_SPI2_Init
                0x0000000008004ef4       0x50 Src/main.o
 .text.MX_TIM1_Init
                0x0000000008004f44       0xa4 Src/main.o
 .text.MX_TIM3_Init
                0x0000000008004fe8       0xac Src/main.o
 .text.SystemClock_Config
                0x0000000008005094       0xac Src/main.o
                0x0000000008005094                SystemClock_Config
 .text.main     0x0000000008005140       0xa0 Src/main.o
                0x0000000008005140                main
 .text.ringbufCanWrite
                0x00000000080051e0       0x24 Src/ringbuf.o
                0x00000000080051e0                ringbufCanWrite
 .text.ringbufTryRead
                0x0000000008005204       0x2c Src/ringbuf.o
                0x0000000008005204                ringbufTryRead
 .text.ringbufWriteUnchecked
                0x0000000008005230       0x24 Src/ringbuf.o
                0x0000000008005230                ringbufWriteUnchecked
 .text.HAL_MspInit
                0x0000000008005254       0x90 Src/stm32f1xx_hal_msp.o
                0x0000000008005254                HAL_MspInit
 .text.HAL_ADC_MspInit
                0x00000000080052e4       0x54 Src/stm32f1xx_hal_msp.o
                0x00000000080052e4                HAL_ADC_MspInit
 .text.HAL_CAN_MspInit
                0x0000000008005338      0x16c Src/stm32f1xx_hal_msp.o
                0x0000000008005338                HAL_CAN_MspInit
 .text.HAL_SPI_MspInit
                0x00000000080054a4       0x48 Src/stm32f1xx_hal_msp.o
                0x00000000080054a4                HAL_SPI_MspInit
 .text.HAL_TIM_Base_MspInit
                0x00000000080054ec       0x88 Src/stm32f1xx_hal_msp.o
                0x00000000080054ec                HAL_TIM_Base_MspInit
 .text.HAL_TIM_MspPostInit
                0x0000000008005574       0x44 Src/stm32f1xx_hal_msp.o
                0x0000000008005574                HAL_TIM_MspPostInit
 .text.NMI_Handler
                0x00000000080055b8        0x2 Src/stm32f1xx_it.o
                0x00000000080055b8                NMI_Handler
 .text.HardFault_Handler
                0x00000000080055ba        0x2 Src/stm32f1xx_it.o
                0x00000000080055ba                HardFault_Handler
 .text.MemManage_Handler
                0x00000000080055bc        0x2 Src/stm32f1xx_it.o
                0x00000000080055bc                MemManage_Handler
 .text.BusFault_Handler
                0x00000000080055be        0x2 Src/stm32f1xx_it.o
                0x00000000080055be                BusFault_Handler
 .text.UsageFault_Handler
                0x00000000080055c0        0x2 Src/stm32f1xx_it.o
                0x00000000080055c0                UsageFault_Handler
 .text.SVC_Handler
                0x00000000080055c2        0x2 Src/stm32f1xx_it.o
                0x00000000080055c2                SVC_Handler
 .text.DebugMon_Handler
                0x00000000080055c4        0x2 Src/stm32f1xx_it.o
                0x00000000080055c4                DebugMon_Handler
 .text.PendSV_Handler
                0x00000000080055c6        0x2 Src/stm32f1xx_it.o
                0x00000000080055c6                PendSV_Handler
 .text.SysTick_Handler
                0x00000000080055c8       0x54 Src/stm32f1xx_it.o
                0x00000000080055c8                SysTick_Handler
 .text.ADC1_2_IRQHandler
                0x000000000800561c       0x10 Src/stm32f1xx_it.o
                0x000000000800561c                ADC1_2_IRQHandler
 .text.CAN1_TX_IRQHandler
                0x000000000800562c       0x10 Src/stm32f1xx_it.o
                0x000000000800562c                CAN1_TX_IRQHandler
 .text.CAN1_RX0_IRQHandler
                0x000000000800563c       0x10 Src/stm32f1xx_it.o
                0x000000000800563c                CAN1_RX0_IRQHandler
 .text.CAN1_RX1_IRQHandler
                0x000000000800564c       0x10 Src/stm32f1xx_it.o
                0x000000000800564c                CAN1_RX1_IRQHandler
 .text.CAN1_SCE_IRQHandler
                0x000000000800565c       0x10 Src/stm32f1xx_it.o
                0x000000000800565c                CAN1_SCE_IRQHandler
 .text.TIM1_UP_IRQHandler
                0x000000000800566c       0x3c Src/stm32f1xx_it.o
                0x000000000800566c                TIM1_UP_IRQHandler
 .text.CAN2_TX_IRQHandler
                0x00000000080056a8       0x10 Src/stm32f1xx_it.o
                0x00000000080056a8                CAN2_TX_IRQHandler
 .text.CAN2_RX0_IRQHandler
                0x00000000080056b8       0x10 Src/stm32f1xx_it.o
                0x00000000080056b8                CAN2_RX0_IRQHandler
 .text.CAN2_RX1_IRQHandler
                0x00000000080056c8       0x10 Src/stm32f1xx_it.o
                0x00000000080056c8                CAN2_RX1_IRQHandler
 .text.CAN2_SCE_IRQHandler
                0x00000000080056d8       0x10 Src/stm32f1xx_it.o
                0x00000000080056d8                CAN2_SCE_IRQHandler
 .text.SystemInit
                0x00000000080056e8       0x58 Src/system_stm32f1xx.o
                0x00000000080056e8                SystemInit
 .text.Reset_Handler
                0x0000000008005740       0x44 startup/startup_stm32f105xc.o
                0x0000000008005740                Reset_Handler
 .text.Default_Handler
                0x0000000008005784        0x2 startup/startup_stm32f105xc.o
                0x0000000008005784                RTC_Alarm_IRQHandler
                0x0000000008005784                EXTI2_IRQHandler
                0x0000000008005784                TIM1_CC_IRQHandler
                0x0000000008005784                TIM6_IRQHandler
                0x0000000008005784                PVD_IRQHandler
                0x0000000008005784                EXTI3_IRQHandler
                0x0000000008005784                EXTI0_IRQHandler
                0x0000000008005784                I2C2_EV_IRQHandler
                0x0000000008005784                SPI1_IRQHandler
                0x0000000008005784                TAMPER_IRQHandler
                0x0000000008005784                DMA2_Channel2_IRQHandler
                0x0000000008005784                DMA1_Channel4_IRQHandler
                0x0000000008005784                USART3_IRQHandler
                0x0000000008005784                RTC_IRQHandler
                0x0000000008005784                DMA1_Channel7_IRQHandler
                0x0000000008005784                UART5_IRQHandler
                0x0000000008005784                TIM4_IRQHandler
                0x0000000008005784                DMA2_Channel1_IRQHandler
                0x0000000008005784                I2C1_EV_IRQHandler
                0x0000000008005784                DMA1_Channel6_IRQHandler
                0x0000000008005784                UART4_IRQHandler
                0x0000000008005784                DMA2_Channel4_IRQHandler
                0x0000000008005784                TIM3_IRQHandler
                0x0000000008005784                RCC_IRQHandler
                0x0000000008005784                TIM1_TRG_COM_IRQHandler
                0x0000000008005784                DMA1_Channel1_IRQHandler
                0x0000000008005784                Default_Handler
                0x0000000008005784                EXTI15_10_IRQHandler
                0x0000000008005784                TIM7_IRQHandler
                0x0000000008005784                TIM5_IRQHandler
                0x0000000008005784                EXTI9_5_IRQHandler
                0x0000000008005784                SPI2_IRQHandler
                0x0000000008005784                DMA2_Channel5_IRQHandler
                0x0000000008005784                DMA1_Channel5_IRQHandler
                0x0000000008005784                EXTI4_IRQHandler
                0x0000000008005784                DMA1_Channel3_IRQHandler
                0x0000000008005784                WWDG_IRQHandler
                0x0000000008005784                TIM2_IRQHandler
                0x0000000008005784                OTG_FS_WKUP_IRQHandler
                0x0000000008005784                TIM1_BRK_IRQHandler
                0x0000000008005784                EXTI1_IRQHandler
                0x0000000008005784                USART2_IRQHandler
                0x0000000008005784                I2C2_ER_IRQHandler
                0x0000000008005784                DMA1_Channel2_IRQHandler
                0x0000000008005784                FLASH_IRQHandler
                0x0000000008005784                USART1_IRQHandler
                0x0000000008005784                OTG_FS_IRQHandler
                0x0000000008005784                SPI3_IRQHandler
                0x0000000008005784                I2C1_ER_IRQHandler
                0x0000000008005784                DMA2_Channel3_IRQHandler
 .text.memcmp   0x0000000008005786       0x1e /home/Hanz/Ac6/SystemWorkbench/plugins/fr.ac6.mcu.externaltools.arm-none.linux64_1.15.0.201708311556/tools/compiler/bin/../lib/gcc/arm-none-eabi/6.3.1/../../../../arm-none-eabi/lib/thumb/v7-m/libc_nano.a(lib_a-memcmp.o)
                0x0000000008005786                memcmp
 .text.memcpy   0x00000000080057a4       0x16 /home/Hanz/Ac6/SystemWorkbench/plugins/fr.ac6.mcu.externaltools.arm-none.linux64_1.15.0.201708311556/tools/compiler/bin/../lib/gcc/arm-none-eabi/6.3.1/../../../../arm-none-eabi/lib/thumb/v7-m/libc_nano.a(lib_a-memcpy-stub.o)
                0x00000000080057a4                memcpy
 .text.memset   0x00000000080057ba       0x10 /home/Hanz/Ac6/SystemWorkbench/plugins/fr.ac6.mcu.externaltools.arm-none.linux64_1.15.0.201708311556/tools/compiler/bin/../lib/gcc/arm-none-eabi/6.3.1/../../../../arm-none-eabi/lib/thumb/v7-m/libc_nano.a(lib_a-memset.o)
                0x00000000080057ba                memset
 *(.glue_7)
 .glue_7        0x00000000080057ca        0x0 linker stubs
 *(.glue_7t)
 .glue_7t       0x00000000080057ca        0x0 linker stubs
 *(.eh_frame)
 *fill*         0x00000000080057ca        0x2 
 .eh_frame      0x00000000080057cc        0x0 /home/Hanz/Ac6/SystemWorkbench/plugins/fr.ac6.mcu.externaltools.arm-none.linux64_1.15.0.201708311556/tools/compiler/bin/../lib/gcc/arm-none-eabi/6.3.1/thumb/v7-m/crtbegin.o
 *(.init)
 .init          0x00000000080057cc        0x4 /home/Hanz/Ac6/SystemWorkbench/plugins/fr.ac6.mcu.externaltools.arm-none.linux64_1.15.0.201708311556/tools/compiler/bin/../lib/gcc/arm-none-eabi/6.3.1/thumb/v7-m/crti.o
                0x00000000080057cc                _init
 .init          0x00000000080057d0        0x8 /home/Hanz/Ac6/SystemWorkbench/plugins/fr.ac6.mcu.externaltools.arm-none.linux64_1.15.0.201708311556/tools/compiler/bin/../lib/gcc/arm-none-eabi/6.3.1/thumb/v7-m/crtn.o
 *(.fini)
 .fini          0x00000000080057d8        0x4 /home/Hanz/Ac6/SystemWorkbench/plugins/fr.ac6.mcu.externaltools.arm-none.linux64_1.15.0.201708311556/tools/compiler/bin/../lib/gcc/arm-none-eabi/6.3.1/thumb/v7-m/crti.o
                0x00000000080057d8                _fini
 .fini          0x00000000080057dc        0x8 /home/Hanz/Ac6/SystemWorkbench/plugins/fr.ac6.mcu.externaltools.arm-none.linux64_1.15.0.201708311556/tools/compiler/bin/../lib/gcc/arm-none-eabi/6.3.1/thumb/v7-m/crtn.o
                0x00000000080057e4                . = ALIGN (0x4)
                0x00000000080057e4                _etext = .

.vfp11_veneer   0x00000000080057e4        0x0
 .vfp11_veneer  0x00000000080057e4        0x0 linker stubs

.v4_bx          0x00000000080057e4        0x0
 .v4_bx         0x00000000080057e4        0x0 linker stubs

.iplt           0x00000000080057e4        0x0
 .iplt          0x00000000080057e4        0x0 /home/Hanz/Ac6/SystemWorkbench/plugins/fr.ac6.mcu.externaltools.arm-none.linux64_1.15.0.201708311556/tools/compiler/bin/../lib/gcc/arm-none-eabi/6.3.1/thumb/v7-m/crtbegin.o

.rodata         0x00000000080057e4       0x48
                0x00000000080057e4                . = ALIGN (0x4)
 *(.rodata)
 .rodata        0x00000000080057e4       0x20 Drivers/STM32F1xx_HAL_Driver/Src/stm32f1xx_hal_rcc.o
 .rodata        0x0000000008005804       0x18 Src/system_stm32f1xx.o
                0x0000000008005804                AHBPrescTable
                0x0000000008005814                APBPrescTable
 *(.rodata*)
 .rodata.str1.4
                0x000000000800581c       0x10 Src/main.o
                                          0xe (size before relaxing)
                0x000000000800582c                . = ALIGN (0x4)

.ARM.extab
 *(.ARM.extab* .gnu.linkonce.armextab.*)

.ARM            0x000000000800582c        0x8
                0x000000000800582c                __exidx_start = .
 *(.ARM.exidx*)
 .ARM.exidx     0x000000000800582c        0x8 /home/Hanz/Ac6/SystemWorkbench/plugins/fr.ac6.mcu.externaltools.arm-none.linux64_1.15.0.201708311556/tools/compiler/bin/../lib/gcc/arm-none-eabi/6.3.1/thumb/v7-m/libgcc.a(_udivmoddi4.o)
                0x0000000008005834                __exidx_end = .

.rel.dyn        0x0000000008005834        0x0
 .rel.iplt      0x0000000008005834        0x0 /home/Hanz/Ac6/SystemWorkbench/plugins/fr.ac6.mcu.externaltools.arm-none.linux64_1.15.0.201708311556/tools/compiler/bin/../lib/gcc/arm-none-eabi/6.3.1/thumb/v7-m/crtbegin.o

.preinit_array  0x0000000008005834        0x0
                0x0000000008005834                PROVIDE (__preinit_array_start, .)
 *(.preinit_array*)
                0x0000000008005834                PROVIDE (__preinit_array_end, .)

.init_array     0x0000000008005834        0x4
                0x0000000008005834                PROVIDE (__init_array_start, .)
 *(SORT(.init_array.*))
 *(.init_array*)
 .init_array    0x0000000008005834        0x4 /home/Hanz/Ac6/SystemWorkbench/plugins/fr.ac6.mcu.externaltools.arm-none.linux64_1.15.0.201708311556/tools/compiler/bin/../lib/gcc/arm-none-eabi/6.3.1/thumb/v7-m/crtbegin.o
                0x0000000008005838                PROVIDE (__init_array_end, .)

.fini_array     0x0000000008005838        0x4
                [!provide]                        PROVIDE (__fini_array_start, .)
 *(SORT(.fini_array.*))
 *(.fini_array*)
 .fini_array    0x0000000008005838        0x4 /home/Hanz/Ac6/SystemWorkbench/plugins/fr.ac6.mcu.externaltools.arm-none.linux64_1.15.0.201708311556/tools/compiler/bin/../lib/gcc/arm-none-eabi/6.3.1/thumb/v7-m/crtbegin.o
                [!provide]                        PROVIDE (__fini_array_end, .)
                0x000000000800583c                _sidata = LOADADDR (.data)

.data           0x0000000020000000       0x1c load address 0x000000000800583c
                0x0000000020000000                . = ALIGN (0x4)
                0x0000000020000000                _sdata = .
 *(.data)
 .data          0x0000000020000000        0x8 Drivers/STM32F1xx_HAL_Driver/Src/stm32f1xx_hal.o
                0x0000000020000000                uwTickFreq
                0x0000000020000004                uwTickPrio
 .data          0x0000000020000008       0x10 Src/ECUF_functions.o
                0x0000000020000008                lastsoc
                0x0000000020000010                led
 .data          0x0000000020000018        0x4 Src/system_stm32f1xx.o
                0x0000000020000018                SystemCoreClock
 *(.data*)
                0x000000002000001c                . = ALIGN (0x4)
                0x000000002000001c                _edata = .

.jcr            0x000000002000001c        0x0 load address 0x0000000008005858
 .jcr           0x000000002000001c        0x0 /home/Hanz/Ac6/SystemWorkbench/plugins/fr.ac6.mcu.externaltools.arm-none.linux64_1.15.0.201708311556/tools/compiler/bin/../lib/gcc/arm-none-eabi/6.3.1/thumb/v7-m/crtbegin.o

.igot.plt       0x000000002000001c        0x0 load address 0x0000000008005858
 .igot.plt      0x000000002000001c        0x0 /home/Hanz/Ac6/SystemWorkbench/plugins/fr.ac6.mcu.externaltools.arm-none.linux64_1.15.0.201708311556/tools/compiler/bin/../lib/gcc/arm-none-eabi/6.3.1/thumb/v7-m/crtbegin.o
                0x000000002000001c                . = ALIGN (0x4)

.bss            0x0000000020000020      0x57c load address 0x0000000008005858
                0x0000000020000020                _sbss = .
                0x0000000020000020                __bss_start__ = _sbss
 *(.bss)
 .bss           0x0000000020000020       0x1c /home/Hanz/Ac6/SystemWorkbench/plugins/fr.ac6.mcu.externaltools.arm-none.linux64_1.15.0.201708311556/tools/compiler/bin/../lib/gcc/arm-none-eabi/6.3.1/thumb/v7-m/crtbegin.o
 *fill*         0x000000002000003c        0x4 
 .bss           0x0000000020000040        0xe Src/ECUF_functions.o
                0x0000000020000040                timer
                0x0000000020000048                soc
                0x000000002000004a                shift
                0x000000002000004b                tmp
                0x000000002000004c                state
 *fill*         0x000000002000004e        0x2 
 .bss           0x0000000020000050      0x114 Src/can.o
 .bss           0x0000000020000164        0x8 Src/main.o
                0x0000000020000164                in
                0x0000000020000168                a
 .bss           0x000000002000016c        0x4 Src/stm32f1xx_hal_msp.o
 .bss           0x0000000020000170        0x8 Src/stm32f1xx_it.o
                0x0000000020000170                timer1
 *(.bss*)
 *(COMMON)
 COMMON         0x0000000020000178        0x4 Drivers/STM32F1xx_HAL_Driver/Src/stm32f1xx_hal.o
                0x0000000020000178                uwTick
 COMMON         0x000000002000017c       0x10 Src/ECUF_functions.o
                0x000000002000017c                dataRed
                0x0000000020000184                dataGreen
 COMMON         0x000000002000018c       0xaa Src/ECUF_main.o
                0x000000002000018c                disSup
                0x0000000020000194                statusP
                0x000000002000019c                statusA
                0x00000000200001b8                statusVdcu
                0x00000000200001c4                estimationA
                0x00000000200001cc                temp
                0x00000000200001d4                dashBoard
                0x00000000200001dc                calibration
                0x00000000200001e0                statusBack
                0x0000000020000214                steering
                0x000000002000021c                statusFront
 *fill*         0x0000000020000236        0x2 
 COMMON         0x0000000020000238       0x1c Src/canFun.o
                0x0000000020000238                txMsg
 COMMON         0x0000000020000254       0xe4 Src/can_ECUF.o
                0x0000000020000254                ECUA_Estimation_data
                0x000000002000025c                VDCU_Status_status
                0x000000002000026c                ECUF_REQCalibSTW_status
                0x000000002000027c                ECUF_Status_last_sent
                0x0000000020000280                ECUF_REQCalibSTW_data
                0x0000000020000284                VDCU_Status_data
                0x0000000020000290                ECUA_Status_data
                0x00000000200002ac                ECUB_Status_data
                0x00000000200002e0                ECUF_STW_last_sent
                0x00000000200002e4                ECUF_DISSusp_last_sent
                0x00000000200002e8                ECUA_Status_status
                0x00000000200002f8                ECUP_Status_data
                0x0000000020000300                ECUF_Dashboard_last_sent
                0x0000000020000304                ECUA_Estimation_status
                0x0000000020000314                ECUF_TEMPSuspF_last_sent
                0x0000000020000318                ECUB_Status_status
                0x0000000020000328                ECUP_Status_status
 COMMON         0x0000000020000338      0x264 Src/main.o
                0x0000000020000338                hspi2
                0x0000000020000390                canRxMsg2
                0x00000000200003b4                canRxMsg1
                0x00000000200003d8                htim3
                0x0000000020000418                hadc1
                0x0000000020000448                hcan2
                0x000000002000048c                photo
                0x0000000020000490                adc
                0x00000000200004f4                data
                0x00000000200004fc                htim1
                0x000000002000053c                hcan1
                0x0000000020000580                canTxMsg1
                0x000000002000059c                . = ALIGN (0x4)
                0x000000002000059c                _ebss = .
                0x000000002000059c                __bss_end__ = _ebss

._user_heap_stack
                0x000000002000059c      0x604 load address 0x0000000008005858
                0x00000000200005a0                . = ALIGN (0x8)
 *fill*         0x000000002000059c        0x4 
                [!provide]                        PROVIDE (end, .)
                [!provide]                        PROVIDE (_end, .)
                0x00000000200007a0                . = (. + _Min_Heap_Size)
 *fill*         0x00000000200005a0      0x200 
                0x0000000020000ba0                . = (. + _Min_Stack_Size)
 *fill*         0x00000000200007a0      0x400 
                0x0000000020000ba0                . = ALIGN (0x8)

/DISCARD/
 libc.a(*)
 libm.a(*)
 libgcc.a(*)

.ARM.attributes
                0x0000000000000000       0x29
 *(.ARM.attributes)
 .ARM.attributes
                0x0000000000000000       0x1d /home/Hanz/Ac6/SystemWorkbench/plugins/fr.ac6.mcu.externaltools.arm-none.linux64_1.15.0.201708311556/tools/compiler/bin/../lib/gcc/arm-none-eabi/6.3.1/thumb/v7-m/crti.o
 .ARM.attributes
                0x000000000000001d       0x2d /home/Hanz/Ac6/SystemWorkbench/plugins/fr.ac6.mcu.externaltools.arm-none.linux64_1.15.0.201708311556/tools/compiler/bin/../lib/gcc/arm-none-eabi/6.3.1/thumb/v7-m/crtbegin.o
 .ARM.attributes
                0x000000000000004a       0x33 Drivers/STM32F1xx_HAL_Driver/Src/stm32f1xx_hal.o
 .ARM.attributes
                0x000000000000007d       0x33 Drivers/STM32F1xx_HAL_Driver/Src/stm32f1xx_hal_adc.o
 .ARM.attributes
                0x00000000000000b0       0x33 Drivers/STM32F1xx_HAL_Driver/Src/stm32f1xx_hal_adc_ex.o
 .ARM.attributes
                0x00000000000000e3       0x33 Drivers/STM32F1xx_HAL_Driver/Src/stm32f1xx_hal_can.o
 .ARM.attributes
                0x0000000000000116       0x33 Drivers/STM32F1xx_HAL_Driver/Src/stm32f1xx_hal_cortex.o
 .ARM.attributes
                0x0000000000000149       0x33 Drivers/STM32F1xx_HAL_Driver/Src/stm32f1xx_hal_gpio.o
 .ARM.attributes
                0x000000000000017c       0x33 Drivers/STM32F1xx_HAL_Driver/Src/stm32f1xx_hal_rcc.o
 .ARM.attributes
                0x00000000000001af       0x33 Drivers/STM32F1xx_HAL_Driver/Src/stm32f1xx_hal_rcc_ex.o
 .ARM.attributes
                0x00000000000001e2       0x33 Drivers/STM32F1xx_HAL_Driver/Src/stm32f1xx_hal_spi.o
 .ARM.attributes
                0x0000000000000215       0x33 Drivers/STM32F1xx_HAL_Driver/Src/stm32f1xx_hal_spi_ex.o
 .ARM.attributes
                0x0000000000000248       0x33 Drivers/STM32F1xx_HAL_Driver/Src/stm32f1xx_hal_tim.o
 .ARM.attributes
                0x000000000000027b       0x33 Drivers/STM32F1xx_HAL_Driver/Src/stm32f1xx_hal_tim_ex.o
 .ARM.attributes
                0x00000000000002ae       0x33 Src/ECUF_functions.o
 .ARM.attributes
                0x00000000000002e1       0x33 Src/ECUF_main.o
 .ARM.attributes
                0x0000000000000314       0x33 Src/can.o
 .ARM.attributes
                0x0000000000000347       0x33 Src/canFun.o
 .ARM.attributes
                0x000000000000037a       0x33 Src/can_ECUF.o
 .ARM.attributes
                0x00000000000003ad       0x33 Src/can_eforce_init.o
 .ARM.attributes
                0x00000000000003e0       0x33 Src/main.o
 .ARM.attributes
                0x0000000000000413       0x33 Src/ringbuf.o
 .ARM.attributes
                0x0000000000000446       0x33 Src/stm32f1xx_hal_msp.o
 .ARM.attributes
                0x0000000000000479       0x33 Src/stm32f1xx_it.o
 .ARM.attributes
                0x00000000000004ac       0x33 Src/system_stm32f1xx.o
 .ARM.attributes
                0x00000000000004df       0x21 startup/startup_stm32f105xc.o
 .ARM.attributes
                0x0000000000000500       0x1d /home/Hanz/Ac6/SystemWorkbench/plugins/fr.ac6.mcu.externaltools.arm-none.linux64_1.15.0.201708311556/tools/compiler/bin/../lib/gcc/arm-none-eabi/6.3.1/thumb/v7-m/libgcc.a(_arm_addsubdf3.o)
 .ARM.attributes
                0x000000000000051d       0x1d /home/Hanz/Ac6/SystemWorkbench/plugins/fr.ac6.mcu.externaltools.arm-none.linux64_1.15.0.201708311556/tools/compiler/bin/../lib/gcc/arm-none-eabi/6.3.1/thumb/v7-m/libgcc.a(_arm_muldivdf3.o)
 .ARM.attributes
                0x000000000000053a       0x1d /home/Hanz/Ac6/SystemWorkbench/plugins/fr.ac6.mcu.externaltools.arm-none.linux64_1.15.0.201708311556/tools/compiler/bin/../lib/gcc/arm-none-eabi/6.3.1/thumb/v7-m/libgcc.a(_arm_fixunsdfsi.o)
 .ARM.attributes
                0x0000000000000557       0x1d /home/Hanz/Ac6/SystemWorkbench/plugins/fr.ac6.mcu.externaltools.arm-none.linux64_1.15.0.201708311556/tools/compiler/bin/../lib/gcc/arm-none-eabi/6.3.1/thumb/v7-m/libgcc.a(_aeabi_uldivmod.o)
 .ARM.attributes
                0x0000000000000574       0x2d /home/Hanz/Ac6/SystemWorkbench/plugins/fr.ac6.mcu.externaltools.arm-none.linux64_1.15.0.201708311556/tools/compiler/bin/../lib/gcc/arm-none-eabi/6.3.1/thumb/v7-m/libgcc.a(_udivmoddi4.o)
 .ARM.attributes
                0x00000000000005a1       0x1d /home/Hanz/Ac6/SystemWorkbench/plugins/fr.ac6.mcu.externaltools.arm-none.linux64_1.15.0.201708311556/tools/compiler/bin/../lib/gcc/arm-none-eabi/6.3.1/thumb/v7-m/libgcc.a(_dvmd_tls.o)
 .ARM.attributes
                0x00000000000005be       0x2d /home/Hanz/Ac6/SystemWorkbench/plugins/fr.ac6.mcu.externaltools.arm-none.linux64_1.15.0.201708311556/tools/compiler/bin/../lib/gcc/arm-none-eabi/6.3.1/../../../../arm-none-eabi/lib/thumb/v7-m/libc_nano.a(lib_a-memcmp.o)
 .ARM.attributes
                0x00000000000005eb       0x2d /home/Hanz/Ac6/SystemWorkbench/plugins/fr.ac6.mcu.externaltools.arm-none.linux64_1.15.0.201708311556/tools/compiler/bin/../lib/gcc/arm-none-eabi/6.3.1/../../../../arm-none-eabi/lib/thumb/v7-m/libc_nano.a(lib_a-memcpy-stub.o)
 .ARM.attributes
                0x0000000000000618       0x2d /home/Hanz/Ac6/SystemWorkbench/plugins/fr.ac6.mcu.externaltools.arm-none.linux64_1.15.0.201708311556/tools/compiler/bin/../lib/gcc/arm-none-eabi/6.3.1/../../../../arm-none-eabi/lib/thumb/v7-m/libc_nano.a(lib_a-memset.o)
 .ARM.attributes
                0x0000000000000645       0x1d /home/Hanz/Ac6/SystemWorkbench/plugins/fr.ac6.mcu.externaltools.arm-none.linux64_1.15.0.201708311556/tools/compiler/bin/../lib/gcc/arm-none-eabi/6.3.1/thumb/v7-m/crtn.o
OUTPUT(front.elf elf32-littlearm)

.debug_info     0x0000000000000000    0x2273f
 .debug_info    0x0000000000000000     0x1024 Drivers/STM32F1xx_HAL_Driver/Src/stm32f1xx_hal.o
 .debug_info    0x0000000000001024     0x161b Drivers/STM32F1xx_HAL_Driver/Src/stm32f1xx_hal_adc.o
 .debug_info    0x000000000000263f     0x1354 Drivers/STM32F1xx_HAL_Driver/Src/stm32f1xx_hal_adc_ex.o
 .debug_info    0x0000000000003993     0x14ad Drivers/STM32F1xx_HAL_Driver/Src/stm32f1xx_hal_can.o
 .debug_info    0x0000000000004e40     0x14db Drivers/STM32F1xx_HAL_Driver/Src/stm32f1xx_hal_cortex.o
 .debug_info    0x000000000000631b      0xea5 Drivers/STM32F1xx_HAL_Driver/Src/stm32f1xx_hal_gpio.o
 .debug_info    0x00000000000071c0     0x12ee Drivers/STM32F1xx_HAL_Driver/Src/stm32f1xx_hal_rcc.o
 .debug_info    0x00000000000084ae      0xecb Drivers/STM32F1xx_HAL_Driver/Src/stm32f1xx_hal_rcc_ex.o
 .debug_info    0x0000000000009379     0x215d Drivers/STM32F1xx_HAL_Driver/Src/stm32f1xx_hal_spi.o
 .debug_info    0x000000000000b4d6      0xe35 Drivers/STM32F1xx_HAL_Driver/Src/stm32f1xx_hal_spi_ex.o
 .debug_info    0x000000000000c30b     0x3655 Drivers/STM32F1xx_HAL_Driver/Src/stm32f1xx_hal_tim.o
 .debug_info    0x000000000000f960     0x1aa9 Drivers/STM32F1xx_HAL_Driver/Src/stm32f1xx_hal_tim_ex.o
 .debug_info    0x0000000000011409     0x2433 Src/ECUF_functions.o
 .debug_info    0x000000000001383c     0x1622 Src/ECUF_main.o
 .debug_info    0x0000000000014e5e      0xd1e Src/can.o
 .debug_info    0x0000000000015b7c      0xfc4 Src/canFun.o
 .debug_info    0x0000000000016b40     0x2c3c Src/can_ECUF.o
 .debug_info    0x000000000001977c     0x129d Src/can_eforce_init.o
 .debug_info    0x000000000001aa19     0x2a73 Src/main.o
 .debug_info    0x000000000001d48c      0xb48 Src/ringbuf.o
 .debug_info    0x000000000001dfd4     0x22a1 Src/stm32f1xx_hal_msp.o
 .debug_info    0x0000000000020275     0x1802 Src/stm32f1xx_it.o
 .debug_info    0x0000000000021a77      0xc5c Src/system_stm32f1xx.o
 .debug_info    0x00000000000226d3       0x6c startup/startup_stm32f105xc.o

.debug_abbrev   0x0000000000000000     0x3fac
 .debug_abbrev  0x0000000000000000      0x2f2 Drivers/STM32F1xx_HAL_Driver/Src/stm32f1xx_hal.o
 .debug_abbrev  0x00000000000002f2      0x295 Drivers/STM32F1xx_HAL_Driver/Src/stm32f1xx_hal_adc.o
 .debug_abbrev  0x0000000000000587      0x2d1 Drivers/STM32F1xx_HAL_Driver/Src/stm32f1xx_hal_adc_ex.o
 .debug_abbrev  0x0000000000000858      0x2dc Drivers/STM32F1xx_HAL_Driver/Src/stm32f1xx_hal_can.o
 .debug_abbrev  0x0000000000000b34      0x3cb Drivers/STM32F1xx_HAL_Driver/Src/stm32f1xx_hal_cortex.o
 .debug_abbrev  0x0000000000000eff      0x2a5 Drivers/STM32F1xx_HAL_Driver/Src/stm32f1xx_hal_gpio.o
 .debug_abbrev  0x00000000000011a4      0x34f Drivers/STM32F1xx_HAL_Driver/Src/stm32f1xx_hal_rcc.o
 .debug_abbrev  0x00000000000014f3      0x2b4 Drivers/STM32F1xx_HAL_Driver/Src/stm32f1xx_hal_rcc_ex.o
 .debug_abbrev  0x00000000000017a7      0x2df Drivers/STM32F1xx_HAL_Driver/Src/stm32f1xx_hal_spi.o
 .debug_abbrev  0x0000000000001a86      0x207 Drivers/STM32F1xx_HAL_Driver/Src/stm32f1xx_hal_spi_ex.o
 .debug_abbrev  0x0000000000001c8d      0x2eb Drivers/STM32F1xx_HAL_Driver/Src/stm32f1xx_hal_tim.o
 .debug_abbrev  0x0000000000001f78      0x2dc Drivers/STM32F1xx_HAL_Driver/Src/stm32f1xx_hal_tim_ex.o
 .debug_abbrev  0x0000000000002254      0x308 Src/ECUF_functions.o
 .debug_abbrev  0x000000000000255c      0x22f Src/ECUF_main.o
 .debug_abbrev  0x000000000000278b      0x2b9 Src/can.o
 .debug_abbrev  0x0000000000002a44      0x28c Src/canFun.o
 .debug_abbrev  0x0000000000002cd0      0x31c Src/can_ECUF.o
 .debug_abbrev  0x0000000000002fec      0x272 Src/can_eforce_init.o
 .debug_abbrev  0x000000000000325e      0x355 Src/main.o
 .debug_abbrev  0x00000000000035b3      0x267 Src/ringbuf.o
 .debug_abbrev  0x000000000000381a      0x2d3 Src/stm32f1xx_hal_msp.o
 .debug_abbrev  0x0000000000003aed      0x2a8 Src/stm32f1xx_it.o
 .debug_abbrev  0x0000000000003d95      0x205 Src/system_stm32f1xx.o
 .debug_abbrev  0x0000000000003f9a       0x12 startup/startup_stm32f105xc.o

.debug_loc      0x0000000000000000     0xae5e
 .debug_loc     0x0000000000000000      0x108 Drivers/STM32F1xx_HAL_Driver/Src/stm32f1xx_hal.o
 .debug_loc     0x0000000000000108      0x952 Drivers/STM32F1xx_HAL_Driver/Src/stm32f1xx_hal_adc.o
 .debug_loc     0x0000000000000a5a      0x772 Drivers/STM32F1xx_HAL_Driver/Src/stm32f1xx_hal_adc_ex.o
 .debug_loc     0x00000000000011cc      0xd22 Drivers/STM32F1xx_HAL_Driver/Src/stm32f1xx_hal_can.o
 .debug_loc     0x0000000000001eee      0x5ad Drivers/STM32F1xx_HAL_Driver/Src/stm32f1xx_hal_cortex.o
 .debug_loc     0x000000000000249b      0x42d Drivers/STM32F1xx_HAL_Driver/Src/stm32f1xx_hal_gpio.o
 .debug_loc     0x00000000000028c8      0x5e2 Drivers/STM32F1xx_HAL_Driver/Src/stm32f1xx_hal_rcc.o
 .debug_loc     0x0000000000002eaa      0x605 Drivers/STM32F1xx_HAL_Driver/Src/stm32f1xx_hal_rcc_ex.o
 .debug_loc     0x00000000000034af     0x19a5 Drivers/STM32F1xx_HAL_Driver/Src/stm32f1xx_hal_spi.o
 .debug_loc     0x0000000000004e54       0x4d Drivers/STM32F1xx_HAL_Driver/Src/stm32f1xx_hal_spi_ex.o
 .debug_loc     0x0000000000004ea1     0x34c7 Drivers/STM32F1xx_HAL_Driver/Src/stm32f1xx_hal_tim.o
 .debug_loc     0x0000000000008368      0xf2e Drivers/STM32F1xx_HAL_Driver/Src/stm32f1xx_hal_tim_ex.o
 .debug_loc     0x0000000000009296       0xd6 Src/ECUF_functions.o
 .debug_loc     0x000000000000936c       0xa0 Src/can.o
 .debug_loc     0x000000000000940c       0xca Src/canFun.o
 .debug_loc     0x00000000000094d6     0x11ad Src/can_ECUF.o
 .debug_loc     0x000000000000a683      0x101 Src/can_eforce_init.o
 .debug_loc     0x000000000000a784       0x2c Src/main.o
 .debug_loc     0x000000000000a7b0      0x274 Src/ringbuf.o
 .debug_loc     0x000000000000aa24      0x276 Src/stm32f1xx_hal_msp.o
 .debug_loc     0x000000000000ac9a      0x1c4 Src/system_stm32f1xx.o

.debug_aranges  0x0000000000000000      0xfe8
 .debug_aranges
                0x0000000000000000       0xd0 Drivers/STM32F1xx_HAL_Driver/Src/stm32f1xx_hal.o
 .debug_aranges
                0x00000000000000d0       0xf0 Drivers/STM32F1xx_HAL_Driver/Src/stm32f1xx_hal_adc.o
 .debug_aranges
                0x00000000000001c0       0x80 Drivers/STM32F1xx_HAL_Driver/Src/stm32f1xx_hal_adc_ex.o
 .debug_aranges
                0x0000000000000240       0xb0 Drivers/STM32F1xx_HAL_Driver/Src/stm32f1xx_hal_can.o
 .debug_aranges
                0x00000000000002f0       0x90 Drivers/STM32F1xx_HAL_Driver/Src/stm32f1xx_hal_cortex.o
 .debug_aranges
                0x0000000000000380       0x58 Drivers/STM32F1xx_HAL_Driver/Src/stm32f1xx_hal_gpio.o
 .debug_aranges
                0x00000000000003d8       0x90 Drivers/STM32F1xx_HAL_Driver/Src/stm32f1xx_hal_rcc.o
 .debug_aranges
                0x0000000000000468       0x50 Drivers/STM32F1xx_HAL_Driver/Src/stm32f1xx_hal_rcc_ex.o
 .debug_aranges
                0x00000000000004b8      0x1d0 Drivers/STM32F1xx_HAL_Driver/Src/stm32f1xx_hal_spi.o
 .debug_aranges
                0x0000000000000688       0x20 Drivers/STM32F1xx_HAL_Driver/Src/stm32f1xx_hal_spi_ex.o
 .debug_aranges
                0x00000000000006a8      0x368 Drivers/STM32F1xx_HAL_Driver/Src/stm32f1xx_hal_tim.o
 .debug_aranges
                0x0000000000000a10      0x138 Drivers/STM32F1xx_HAL_Driver/Src/stm32f1xx_hal_tim_ex.o
 .debug_aranges
                0x0000000000000b48       0x60 Src/ECUF_functions.o
 .debug_aranges
                0x0000000000000ba8       0x28 Src/ECUF_main.o
 .debug_aranges
                0x0000000000000bd0       0x48 Src/can.o
 .debug_aranges
                0x0000000000000c18       0x30 Src/canFun.o
 .debug_aranges
                0x0000000000000c48      0x160 Src/can_ECUF.o
 .debug_aranges
                0x0000000000000da8       0x20 Src/can_eforce_init.o
 .debug_aranges
                0x0000000000000dc8       0x78 Src/main.o
 .debug_aranges
                0x0000000000000e40       0x40 Src/ringbuf.o
 .debug_aranges
                0x0000000000000e80       0x68 Src/stm32f1xx_hal_msp.o
 .debug_aranges
                0x0000000000000ee8       0xb0 Src/stm32f1xx_it.o
 .debug_aranges
                0x0000000000000f98       0x28 Src/system_stm32f1xx.o
 .debug_aranges
                0x0000000000000fc0       0x28 startup/startup_stm32f105xc.o

.debug_ranges   0x0000000000000000      0xf50
 .debug_ranges  0x0000000000000000       0xc0 Drivers/STM32F1xx_HAL_Driver/Src/stm32f1xx_hal.o
 .debug_ranges  0x00000000000000c0       0xe0 Drivers/STM32F1xx_HAL_Driver/Src/stm32f1xx_hal_adc.o
 .debug_ranges  0x00000000000001a0       0x70 Drivers/STM32F1xx_HAL_Driver/Src/stm32f1xx_hal_adc_ex.o
 .debug_ranges  0x0000000000000210       0xa0 Drivers/STM32F1xx_HAL_Driver/Src/stm32f1xx_hal_can.o
 .debug_ranges  0x00000000000002b0       0xe0 Drivers/STM32F1xx_HAL_Driver/Src/stm32f1xx_hal_cortex.o
 .debug_ranges  0x0000000000000390       0x48 Drivers/STM32F1xx_HAL_Driver/Src/stm32f1xx_hal_gpio.o
 .debug_ranges  0x00000000000003d8       0xa0 Drivers/STM32F1xx_HAL_Driver/Src/stm32f1xx_hal_rcc.o
 .debug_ranges  0x0000000000000478       0x58 Drivers/STM32F1xx_HAL_Driver/Src/stm32f1xx_hal_rcc_ex.o
 .debug_ranges  0x00000000000004d0      0x1c0 Drivers/STM32F1xx_HAL_Driver/Src/stm32f1xx_hal_spi.o
 .debug_ranges  0x0000000000000690       0x10 Drivers/STM32F1xx_HAL_Driver/Src/stm32f1xx_hal_spi_ex.o
 .debug_ranges  0x00000000000006a0      0x358 Drivers/STM32F1xx_HAL_Driver/Src/stm32f1xx_hal_tim.o
 .debug_ranges  0x00000000000009f8      0x128 Drivers/STM32F1xx_HAL_Driver/Src/stm32f1xx_hal_tim_ex.o
 .debug_ranges  0x0000000000000b20       0x98 Src/ECUF_functions.o
 .debug_ranges  0x0000000000000bb8       0x18 Src/ECUF_main.o
 .debug_ranges  0x0000000000000bd0       0x38 Src/can.o
 .debug_ranges  0x0000000000000c08       0x20 Src/canFun.o
 .debug_ranges  0x0000000000000c28      0x150 Src/can_ECUF.o
 .debug_ranges  0x0000000000000d78       0x10 Src/can_eforce_init.o
 .debug_ranges  0x0000000000000d88       0x68 Src/main.o
 .debug_ranges  0x0000000000000df0       0x30 Src/ringbuf.o
 .debug_ranges  0x0000000000000e20       0x58 Src/stm32f1xx_hal_msp.o
 .debug_ranges  0x0000000000000e78       0xa0 Src/stm32f1xx_it.o
 .debug_ranges  0x0000000000000f18       0x18 Src/system_stm32f1xx.o
 .debug_ranges  0x0000000000000f30       0x20 startup/startup_stm32f105xc.o

.debug_macro    0x0000000000000000    0x1f339
 .debug_macro   0x0000000000000000      0x337 Drivers/STM32F1xx_HAL_Driver/Src/stm32f1xx_hal.o
 .debug_macro   0x0000000000000337      0x8c2 Drivers/STM32F1xx_HAL_Driver/Src/stm32f1xx_hal.o
 .debug_macro   0x0000000000000bf9      0x1e9 Drivers/STM32F1xx_HAL_Driver/Src/stm32f1xx_hal.o
 .debug_macro   0x0000000000000de2      0x175 Drivers/STM32F1xx_HAL_Driver/Src/stm32f1xx_hal.o
 .debug_macro   0x0000000000000f57       0x2e Drivers/STM32F1xx_HAL_Driver/Src/stm32f1xx_hal.o
 .debug_macro   0x0000000000000f85       0x22 Drivers/STM32F1xx_HAL_Driver/Src/stm32f1xx_hal.o
 .debug_macro   0x0000000000000fa7       0x22 Drivers/STM32F1xx_HAL_Driver/Src/stm32f1xx_hal.o
 .debug_macro   0x0000000000000fc9       0x87 Drivers/STM32F1xx_HAL_Driver/Src/stm32f1xx_hal.o
 .debug_macro   0x0000000000001050       0x51 Drivers/STM32F1xx_HAL_Driver/Src/stm32f1xx_hal.o
 .debug_macro   0x00000000000010a1       0xef Drivers/STM32F1xx_HAL_Driver/Src/stm32f1xx_hal.o
 .debug_macro   0x0000000000001190       0x6a Drivers/STM32F1xx_HAL_Driver/Src/stm32f1xx_hal.o
 .debug_macro   0x00000000000011fa      0x1df Drivers/STM32F1xx_HAL_Driver/Src/stm32f1xx_hal.o
 .debug_macro   0x00000000000013d9       0x34 Drivers/STM32F1xx_HAL_Driver/Src/stm32f1xx_hal.o
 .debug_macro   0x000000000000140d       0x34 Drivers/STM32F1xx_HAL_Driver/Src/stm32f1xx_hal.o
 .debug_macro   0x0000000000001441      0xb8e Drivers/STM32F1xx_HAL_Driver/Src/stm32f1xx_hal.o
 .debug_macro   0x0000000000001fcf    0x15177 Drivers/STM32F1xx_HAL_Driver/Src/stm32f1xx_hal.o
 .debug_macro   0x0000000000017146       0x43 Drivers/STM32F1xx_HAL_Driver/Src/stm32f1xx_hal.o
 .debug_macro   0x0000000000017189       0x58 Drivers/STM32F1xx_HAL_Driver/Src/stm32f1xx_hal.o
 .debug_macro   0x00000000000171e1       0x35 Drivers/STM32F1xx_HAL_Driver/Src/stm32f1xx_hal.o
 .debug_macro   0x0000000000017216       0x9c Drivers/STM32F1xx_HAL_Driver/Src/stm32f1xx_hal.o
 .debug_macro   0x00000000000172b2       0x16 Drivers/STM32F1xx_HAL_Driver/Src/stm32f1xx_hal.o
 .debug_macro   0x00000000000172c8       0x97 Drivers/STM32F1xx_HAL_Driver/Src/stm32f1xx_hal.o
 .debug_macro   0x000000000001735f      0x330 Drivers/STM32F1xx_HAL_Driver/Src/stm32f1xx_hal.o
 .debug_macro   0x000000000001768f       0xfd Drivers/STM32F1xx_HAL_Driver/Src/stm32f1xx_hal.o
 .debug_macro   0x000000000001778c       0x10 Drivers/STM32F1xx_HAL_Driver/Src/stm32f1xx_hal.o
 .debug_macro   0x000000000001779c       0x58 Drivers/STM32F1xx_HAL_Driver/Src/stm32f1xx_hal.o
 .debug_macro   0x00000000000177f4       0x1f Drivers/STM32F1xx_HAL_Driver/Src/stm32f1xx_hal.o
 .debug_macro   0x0000000000017813       0x43 Drivers/STM32F1xx_HAL_Driver/Src/stm32f1xx_hal.o
 .debug_macro   0x0000000000017856       0x20 Drivers/STM32F1xx_HAL_Driver/Src/stm32f1xx_hal.o
 .debug_macro   0x0000000000017876      0x187 Drivers/STM32F1xx_HAL_Driver/Src/stm32f1xx_hal.o
 .debug_macro   0x00000000000179fd       0x10 Drivers/STM32F1xx_HAL_Driver/Src/stm32f1xx_hal.o
 .debug_macro   0x0000000000017a0d       0x1c Drivers/STM32F1xx_HAL_Driver/Src/stm32f1xx_hal.o
 .debug_macro   0x0000000000017a29       0x52 Drivers/STM32F1xx_HAL_Driver/Src/stm32f1xx_hal.o
 .debug_macro   0x0000000000017a7b       0x40 Drivers/STM32F1xx_HAL_Driver/Src/stm32f1xx_hal.o
 .debug_macro   0x0000000000017abb       0x10 Drivers/STM32F1xx_HAL_Driver/Src/stm32f1xx_hal.o
 .debug_macro   0x0000000000017acb       0x40 Drivers/STM32F1xx_HAL_Driver/Src/stm32f1xx_hal.o
 .debug_macro   0x0000000000017b0b       0xd7 Drivers/STM32F1xx_HAL_Driver/Src/stm32f1xx_hal.o
 .debug_macro   0x0000000000017be2       0x16 Drivers/STM32F1xx_HAL_Driver/Src/stm32f1xx_hal.o
 .debug_macro   0x0000000000017bf8      0x18b Drivers/STM32F1xx_HAL_Driver/Src/stm32f1xx_hal.o
 .debug_macro   0x0000000000017d83       0x50 Drivers/STM32F1xx_HAL_Driver/Src/stm32f1xx_hal.o
 .debug_macro   0x0000000000017dd3      0x5c2 Drivers/STM32F1xx_HAL_Driver/Src/stm32f1xx_hal.o
 .debug_macro   0x0000000000018395      0x649 Drivers/STM32F1xx_HAL_Driver/Src/stm32f1xx_hal.o
 .debug_macro   0x00000000000189de      0x1cb Drivers/STM32F1xx_HAL_Driver/Src/stm32f1xx_hal.o
 .debug_macro   0x0000000000018ba9      0x11e Drivers/STM32F1xx_HAL_Driver/Src/stm32f1xx_hal.o
 .debug_macro   0x0000000000018cc7      0x215 Drivers/STM32F1xx_HAL_Driver/Src/stm32f1xx_hal.o
 .debug_macro   0x0000000000018edc       0x27 Drivers/STM32F1xx_HAL_Driver/Src/stm32f1xx_hal.o
 .debug_macro   0x0000000000018f03      0x1bc Drivers/STM32F1xx_HAL_Driver/Src/stm32f1xx_hal.o
 .debug_macro   0x00000000000190bf       0x31 Drivers/STM32F1xx_HAL_Driver/Src/stm32f1xx_hal.o
 .debug_macro   0x00000000000190f0       0x3c Drivers/STM32F1xx_HAL_Driver/Src/stm32f1xx_hal.o
 .debug_macro   0x000000000001912c      0x3a6 Drivers/STM32F1xx_HAL_Driver/Src/stm32f1xx_hal.o
 .debug_macro   0x00000000000194d2       0x10 Drivers/STM32F1xx_HAL_Driver/Src/stm32f1xx_hal.o
 .debug_macro   0x00000000000194e2       0x74 Drivers/STM32F1xx_HAL_Driver/Src/stm32f1xx_hal.o
 .debug_macro   0x0000000000019556       0x57 Drivers/STM32F1xx_HAL_Driver/Src/stm32f1xx_hal.o
 .debug_macro   0x00000000000195ad      0x46a Drivers/STM32F1xx_HAL_Driver/Src/stm32f1xx_hal.o
 .debug_macro   0x0000000000019a17      0x1c3 Drivers/STM32F1xx_HAL_Driver/Src/stm32f1xx_hal.o
 .debug_macro   0x0000000000019bda       0x8c Drivers/STM32F1xx_HAL_Driver/Src/stm32f1xx_hal.o
 .debug_macro   0x0000000000019c66      0x250 Drivers/STM32F1xx_HAL_Driver/Src/stm32f1xx_hal.o
 .debug_macro   0x0000000000019eb6      0x143 Drivers/STM32F1xx_HAL_Driver/Src/stm32f1xx_hal.o
 .debug_macro   0x0000000000019ff9      0x1f4 Drivers/STM32F1xx_HAL_Driver/Src/stm32f1xx_hal.o
 .debug_macro   0x000000000001a1ed      0x84c Drivers/STM32F1xx_HAL_Driver/Src/stm32f1xx_hal.o
 .debug_macro   0x000000000001aa39       0x1f Drivers/STM32F1xx_HAL_Driver/Src/stm32f1xx_hal.o
 .debug_macro   0x000000000001aa58       0xe3 Drivers/STM32F1xx_HAL_Driver/Src/stm32f1xx_hal.o
 .debug_macro   0x000000000001ab3b      0x330 Drivers/STM32F1xx_HAL_Driver/Src/stm32f1xx_hal_adc.o
 .debug_macro   0x000000000001ae6b      0x325 Drivers/STM32F1xx_HAL_Driver/Src/stm32f1xx_hal_adc_ex.o
 .debug_macro   0x000000000001b190      0x31a Drivers/STM32F1xx_HAL_Driver/Src/stm32f1xx_hal_can.o
 .debug_macro   0x000000000001b4aa      0x313 Drivers/STM32F1xx_HAL_Driver/Src/stm32f1xx_hal_cortex.o
 .debug_macro   0x000000000001b7bd      0x383 Drivers/STM32F1xx_HAL_Driver/Src/stm32f1xx_hal_gpio.o
 .debug_macro   0x000000000001bb40      0x325 Drivers/STM32F1xx_HAL_Driver/Src/stm32f1xx_hal_rcc.o
 .debug_macro   0x000000000001be65      0x313 Drivers/STM32F1xx_HAL_Driver/Src/stm32f1xx_hal_rcc_ex.o
 .debug_macro   0x000000000001c178      0x31b Drivers/STM32F1xx_HAL_Driver/Src/stm32f1xx_hal_spi.o
 .debug_macro   0x000000000001c493      0x313 Drivers/STM32F1xx_HAL_Driver/Src/stm32f1xx_hal_spi_ex.o
 .debug_macro   0x000000000001c7a6      0x313 Drivers/STM32F1xx_HAL_Driver/Src/stm32f1xx_hal_tim.o
 .debug_macro   0x000000000001cab9      0x313 Drivers/STM32F1xx_HAL_Driver/Src/stm32f1xx_hal_tim_ex.o
 .debug_macro   0x000000000001cdcc      0x362 Src/ECUF_functions.o
 .debug_macro   0x000000000001d12e       0x16 Src/ECUF_functions.o
 .debug_macro   0x000000000001d144      0x10e Src/ECUF_functions.o
 .debug_macro   0x000000000001d252       0x8d Src/ECUF_functions.o
 .debug_macro   0x000000000001d2df       0x16 Src/ECUF_functions.o
 .debug_macro   0x000000000001d2f5       0x29 Src/ECUF_functions.o
 .debug_macro   0x000000000001d31e       0x1c Src/ECUF_functions.o
 .debug_macro   0x000000000001d33a       0x3a Src/ECUF_functions.o
 .debug_macro   0x000000000001d374       0x1c Src/ECUF_functions.o
 .debug_macro   0x000000000001d390       0x35 Src/ECUF_functions.o
 .debug_macro   0x000000000001d3c5      0x3a1 Src/ECUF_main.o
 .debug_macro   0x000000000001d766       0x16 Src/ECUF_main.o
 .debug_macro   0x000000000001d77c      0x14b Src/can.o
 .debug_macro   0x000000000001d8c7      0x387 Src/canFun.o
 .debug_macro   0x000000000001dc4e      0x17b Src/canFun.o
 .debug_macro   0x000000000001ddc9      0x16c Src/can_ECUF.o
 .debug_macro   0x000000000001df35      0x332 Src/can_eforce_init.o
 .debug_macro   0x000000000001e267       0x52 Src/can_eforce_init.o
 .debug_macro   0x000000000001e2b9       0x8d Src/can_eforce_init.o
 .debug_macro   0x000000000001e346      0x174 Src/can_eforce_init.o
 .debug_macro   0x000000000001e4ba       0x57 Src/can_eforce_init.o
 .debug_macro   0x000000000001e511       0x10 Src/can_eforce_init.o
 .debug_macro   0x000000000001e521      0x39d Src/main.o
 .debug_macro   0x000000000001e8be      0x132 Src/ringbuf.o
 .debug_macro   0x000000000001e9f0      0x313 Src/stm32f1xx_hal_msp.o
 .debug_macro   0x000000000001ed03      0x31d Src/stm32f1xx_it.o
 .debug_macro   0x000000000001f020      0x319 Src/system_stm32f1xx.o

.debug_line     0x0000000000000000     0xe80f
 .debug_line    0x0000000000000000      0x91d Drivers/STM32F1xx_HAL_Driver/Src/stm32f1xx_hal.o
 .debug_line    0x000000000000091d      0xc97 Drivers/STM32F1xx_HAL_Driver/Src/stm32f1xx_hal_adc.o
 .debug_line    0x00000000000015b4      0xaff Drivers/STM32F1xx_HAL_Driver/Src/stm32f1xx_hal_adc_ex.o
 .debug_line    0x00000000000020b3      0xd2e Drivers/STM32F1xx_HAL_Driver/Src/stm32f1xx_hal_can.o
 .debug_line    0x0000000000002de1      0x91a Drivers/STM32F1xx_HAL_Driver/Src/stm32f1xx_hal_cortex.o
 .debug_line    0x00000000000036fb      0x91c Drivers/STM32F1xx_HAL_Driver/Src/stm32f1xx_hal_gpio.o
 .debug_line    0x0000000000004017      0xa7d Drivers/STM32F1xx_HAL_Driver/Src/stm32f1xx_hal_rcc.o
 .debug_line    0x0000000000004a94      0x933 Drivers/STM32F1xx_HAL_Driver/Src/stm32f1xx_hal_rcc_ex.o
 .debug_line    0x00000000000053c7     0x1159 Drivers/STM32F1xx_HAL_Driver/Src/stm32f1xx_hal_spi.o
 .debug_line    0x0000000000006520      0x799 Drivers/STM32F1xx_HAL_Driver/Src/stm32f1xx_hal_spi_ex.o
 .debug_line    0x0000000000006cb9     0x1730 Drivers/STM32F1xx_HAL_Driver/Src/stm32f1xx_hal_tim.o
 .debug_line    0x00000000000083e9      0xce8 Drivers/STM32F1xx_HAL_Driver/Src/stm32f1xx_hal_tim_ex.o
 .debug_line    0x00000000000090d1      0x923 Src/ECUF_functions.o
 .debug_line    0x00000000000099f4      0x833 Src/ECUF_main.o
 .debug_line    0x000000000000a227      0x438 Src/can.o
 .debug_line    0x000000000000a65f      0x82c Src/canFun.o
 .debug_line    0x000000000000ae8b      0xa73 Src/can_ECUF.o
 .debug_line    0x000000000000b8fe      0x7d6 Src/can_eforce_init.o
 .debug_line    0x000000000000c0d4      0x9b3 Src/main.o
 .debug_line    0x000000000000ca87      0x421 Src/ringbuf.o
 .debug_line    0x000000000000cea8      0x898 Src/stm32f1xx_hal_msp.o
 .debug_line    0x000000000000d740      0x8a7 Src/stm32f1xx_it.o
 .debug_line    0x000000000000dfe7      0x7aa Src/system_stm32f1xx.o
 .debug_line    0x000000000000e791       0x7e startup/startup_stm32f105xc.o

.debug_str      0x0000000000000000    0xa290c
 .debug_str     0x0000000000000000    0x9d5dc Drivers/STM32F1xx_HAL_Driver/Src/stm32f1xx_hal.o
                                      0x9d9a9 (size before relaxing)
 .debug_str     0x000000000009d5dc      0x67f Drivers/STM32F1xx_HAL_Driver/Src/stm32f1xx_hal_adc.o
                                      0x9d86e (size before relaxing)
 .debug_str     0x000000000009dc5b      0x2d8 Drivers/STM32F1xx_HAL_Driver/Src/stm32f1xx_hal_adc_ex.o
                                      0x9d826 (size before relaxing)
 .debug_str     0x000000000009df33      0x521 Drivers/STM32F1xx_HAL_Driver/Src/stm32f1xx_hal_can.o
                                      0x9d718 (size before relaxing)
 .debug_str     0x000000000009e454      0x2af Drivers/STM32F1xx_HAL_Driver/Src/stm32f1xx_hal_cortex.o
                                      0x9d8f0 (size before relaxing)
 .debug_str     0x000000000009e703      0x3aa Drivers/STM32F1xx_HAL_Driver/Src/stm32f1xx_hal_gpio.o
                                      0x9d571 (size before relaxing)
 .debug_str     0x000000000009eaad      0x3c7 Drivers/STM32F1xx_HAL_Driver/Src/stm32f1xx_hal_rcc.o
                                      0x9d633 (size before relaxing)
 .debug_str     0x000000000009ee74      0x1d6 Drivers/STM32F1xx_HAL_Driver/Src/stm32f1xx_hal_rcc_ex.o
                                      0x9d47d (size before relaxing)
 .debug_str     0x000000000009f04a      0x6d5 Drivers/STM32F1xx_HAL_Driver/Src/stm32f1xx_hal_spi.o
                                      0x9da7b (size before relaxing)
 .debug_str     0x000000000009f71f       0x3b Drivers/STM32F1xx_HAL_Driver/Src/stm32f1xx_hal_spi_ex.o
                                      0x9d54a (size before relaxing)
 .debug_str     0x000000000009f75a      0xf05 Drivers/STM32F1xx_HAL_Driver/Src/stm32f1xx_hal_tim.o
                                      0x9e2b8 (size before relaxing)
 .debug_str     0x00000000000a065f      0x4f1 Drivers/STM32F1xx_HAL_Driver/Src/stm32f1xx_hal_tim_ex.o
                                      0x9db5a (size before relaxing)
 .debug_str     0x00000000000a0b50      0xcde Src/ECUF_functions.o
                                      0x9e525 (size before relaxing)
 .debug_str     0x00000000000a182e       0xe6 Src/ECUF_main.o
                                      0x9dd81 (size before relaxing)
 .debug_str     0x00000000000a1914      0x1fb Src/can.o
                                       0x67ac (size before relaxing)
 .debug_str     0x00000000000a1b0f       0x4f Src/canFun.o
                                      0x9d687 (size before relaxing)
 .debug_str     0x00000000000a1b5e      0xa13 Src/can_ECUF.o
                                       0x7b6e (size before relaxing)
 .debug_str     0x00000000000a2571       0x45 Src/can_eforce_init.o
                                      0x9d976 (size before relaxing)
 .debug_str     0x00000000000a25b6       0xfe Src/main.o
                                      0x9e786 (size before relaxing)
 .debug_str     0x00000000000a26b4       0x40 Src/ringbuf.o
                                       0x654d (size before relaxing)
 .debug_str     0x00000000000a26f4       0x3e Src/stm32f1xx_hal_msp.o
                                      0x9e01c (size before relaxing)
 .debug_str     0x00000000000a2732      0x13e Src/stm32f1xx_it.o
                                      0x9dadc (size before relaxing)
 .debug_str     0x00000000000a2870       0x9c Src/system_stm32f1xx.o
                                      0x9d249 (size before relaxing)

.comment        0x0000000000000000       0x7f
 .comment       0x0000000000000000       0x7f Drivers/STM32F1xx_HAL_Driver/Src/stm32f1xx_hal.o
                                         0x80 (size before relaxing)
 .comment       0x000000000000007f       0x80 Drivers/STM32F1xx_HAL_Driver/Src/stm32f1xx_hal_adc.o
 .comment       0x000000000000007f       0x80 Drivers/STM32F1xx_HAL_Driver/Src/stm32f1xx_hal_adc_ex.o
 .comment       0x000000000000007f       0x80 Drivers/STM32F1xx_HAL_Driver/Src/stm32f1xx_hal_can.o
 .comment       0x000000000000007f       0x80 Drivers/STM32F1xx_HAL_Driver/Src/stm32f1xx_hal_cortex.o
 .comment       0x000000000000007f       0x80 Drivers/STM32F1xx_HAL_Driver/Src/stm32f1xx_hal_gpio.o
 .comment       0x000000000000007f       0x80 Drivers/STM32F1xx_HAL_Driver/Src/stm32f1xx_hal_rcc.o
 .comment       0x000000000000007f       0x80 Drivers/STM32F1xx_HAL_Driver/Src/stm32f1xx_hal_rcc_ex.o
 .comment       0x000000000000007f       0x80 Drivers/STM32F1xx_HAL_Driver/Src/stm32f1xx_hal_spi.o
 .comment       0x000000000000007f       0x80 Drivers/STM32F1xx_HAL_Driver/Src/stm32f1xx_hal_spi_ex.o
 .comment       0x000000000000007f       0x80 Drivers/STM32F1xx_HAL_Driver/Src/stm32f1xx_hal_tim.o
 .comment       0x000000000000007f       0x80 Drivers/STM32F1xx_HAL_Driver/Src/stm32f1xx_hal_tim_ex.o
 .comment       0x000000000000007f       0x80 Src/ECUF_functions.o
 .comment       0x000000000000007f       0x80 Src/ECUF_main.o
 .comment       0x000000000000007f       0x80 Src/can.o
 .comment       0x000000000000007f       0x80 Src/canFun.o
 .comment       0x000000000000007f       0x80 Src/can_ECUF.o
 .comment       0x000000000000007f       0x80 Src/can_eforce_init.o
 .comment       0x000000000000007f       0x80 Src/main.o
 .comment       0x000000000000007f       0x80 Src/ringbuf.o
 .comment       0x000000000000007f       0x80 Src/stm32f1xx_hal_msp.o
 .comment       0x000000000000007f       0x80 Src/stm32f1xx_it.o
 .comment       0x000000000000007f       0x80 Src/system_stm32f1xx.o

.debug_frame    0x0000000000000000     0x2c0c
 .debug_frame   0x0000000000000000      0x1ac Drivers/STM32F1xx_HAL_Driver/Src/stm32f1xx_hal.o
 .debug_frame   0x00000000000001ac      0x2a8 Drivers/STM32F1xx_HAL_Driver/Src/stm32f1xx_hal_adc.o
 .debug_frame   0x0000000000000454      0x178 Drivers/STM32F1xx_HAL_Driver/Src/stm32f1xx_hal_adc_ex.o
 .debug_frame   0x00000000000005cc      0x208 Drivers/STM32F1xx_HAL_Driver/Src/stm32f1xx_hal_can.o
 .debug_frame   0x00000000000007d4      0x12c Drivers/STM32F1xx_HAL_Driver/Src/stm32f1xx_hal_cortex.o
 .debug_frame   0x0000000000000900       0xe4 Drivers/STM32F1xx_HAL_Driver/Src/stm32f1xx_hal_gpio.o
 .debug_frame   0x00000000000009e4      0x178 Drivers/STM32F1xx_HAL_Driver/Src/stm32f1xx_hal_rcc.o
 .debug_frame   0x0000000000000b5c       0xe8 Drivers/STM32F1xx_HAL_Driver/Src/stm32f1xx_hal_rcc_ex.o
 .debug_frame   0x0000000000000c44      0x570 Drivers/STM32F1xx_HAL_Driver/Src/stm32f1xx_hal_spi.o
 .debug_frame   0x00000000000011b4       0x2c Drivers/STM32F1xx_HAL_Driver/Src/stm32f1xx_hal_spi_ex.o
 .debug_frame   0x00000000000011e0      0x9e0 Drivers/STM32F1xx_HAL_Driver/Src/stm32f1xx_hal_tim.o
 .debug_frame   0x0000000000001bc0      0x374 Drivers/STM32F1xx_HAL_Driver/Src/stm32f1xx_hal_tim_ex.o
 .debug_frame   0x0000000000001f34       0xf0 Src/ECUF_functions.o
 .debug_frame   0x0000000000002024       0x44 Src/ECUF_main.o
 .debug_frame   0x0000000000002068       0x98 Src/can.o
 .debug_frame   0x0000000000002100       0x54 Src/canFun.o
 .debug_frame   0x0000000000002154      0x3b0 Src/can_ECUF.o
 .debug_frame   0x0000000000002504       0x34 Src/can_eforce_init.o
 .debug_frame   0x0000000000002538      0x15c Src/main.o
 .debug_frame   0x0000000000002694       0x90 Src/ringbuf.o
 .debug_frame   0x0000000000002724      0x124 Src/stm32f1xx_hal_msp.o
 .debug_frame   0x0000000000002848      0x198 Src/stm32f1xx_it.o
 .debug_frame   0x00000000000029e0       0x3c Src/system_stm32f1xx.o
 .debug_frame   0x0000000000002a1c       0xac /home/Hanz/Ac6/SystemWorkbench/plugins/fr.ac6.mcu.externaltools.arm-none.linux64_1.15.0.201708311556/tools/compiler/bin/../lib/gcc/arm-none-eabi/6.3.1/thumb/v7-m/libgcc.a(_arm_addsubdf3.o)
 .debug_frame   0x0000000000002ac8       0x50 /home/Hanz/Ac6/SystemWorkbench/plugins/fr.ac6.mcu.externaltools.arm-none.linux64_1.15.0.201708311556/tools/compiler/bin/../lib/gcc/arm-none-eabi/6.3.1/thumb/v7-m/libgcc.a(_arm_muldivdf3.o)
 .debug_frame   0x0000000000002b18       0x24 /home/Hanz/Ac6/SystemWorkbench/plugins/fr.ac6.mcu.externaltools.arm-none.linux64_1.15.0.201708311556/tools/compiler/bin/../lib/gcc/arm-none-eabi/6.3.1/thumb/v7-m/libgcc.a(_arm_fixunsdfsi.o)
 .debug_frame   0x0000000000002b3c       0x2c /home/Hanz/Ac6/SystemWorkbench/plugins/fr.ac6.mcu.externaltools.arm-none.linux64_1.15.0.201708311556/tools/compiler/bin/../lib/gcc/arm-none-eabi/6.3.1/thumb/v7-m/libgcc.a(_aeabi_uldivmod.o)
 .debug_frame   0x0000000000002b68       0x34 /home/Hanz/Ac6/SystemWorkbench/plugins/fr.ac6.mcu.externaltools.arm-none.linux64_1.15.0.201708311556/tools/compiler/bin/../lib/gcc/arm-none-eabi/6.3.1/thumb/v7-m/libgcc.a(_udivmoddi4.o)
 .debug_frame   0x0000000000002b9c       0x28 /home/Hanz/Ac6/SystemWorkbench/plugins/fr.ac6.mcu.externaltools.arm-none.linux64_1.15.0.201708311556/tools/compiler/bin/../lib/gcc/arm-none-eabi/6.3.1/../../../../arm-none-eabi/lib/thumb/v7-m/libc_nano.a(lib_a-memcmp.o)
 .debug_frame   0x0000000000002bc4       0x28 /home/Hanz/Ac6/SystemWorkbench/plugins/fr.ac6.mcu.externaltools.arm-none.linux64_1.15.0.201708311556/tools/compiler/bin/../lib/gcc/arm-none-eabi/6.3.1/../../../../arm-none-eabi/lib/thumb/v7-m/libc_nano.a(lib_a-memcpy-stub.o)
 .debug_frame   0x0000000000002bec       0x20 /home/Hanz/Ac6/SystemWorkbench/plugins/fr.ac6.mcu.externaltools.arm-none.linux64_1.15.0.201708311556/tools/compiler/bin/../lib/gcc/arm-none-eabi/6.3.1/../../../../arm-none-eabi/lib/thumb/v7-m/libc_nano.a(lib_a-memset.o)
